Archive member included to satisfy reference by file (symbol)

.\CortexM3\ARM_GCC_541\Debug\ElectronicClock.a(ErikaOS_1_ee_activate.o)
                              .\CortexM3\ARM_GCC_541\Debug\main.o (EE_oo_ActivateTask)
.\CortexM3\ARM_GCC_541\Debug\ElectronicClock.a(ErikaOS_1_ee_alcancel.o)
                              .\CortexM3\ARM_GCC_541\Debug\swc_input.o (EE_oo_CancelAlarm)
.\CortexM3\ARM_GCC_541\Debug\ElectronicClock.a(ErikaOS_1_ee_alsetrel.o)
                              .\CortexM3\ARM_GCC_541\Debug\main.o (EE_oo_SetRelAlarm)
.\CortexM3\ARM_GCC_541\Debug\ElectronicClock.a(ErikaOS_1_ee_altick.o)
                              .\CortexM3\ARM_GCC_541\Debug\ElectronicClock.a(ErikaOS_1_ee_alsetrel.o) (EE_oo_counter_object_insert)
.\CortexM3\ARM_GCC_541\Debug\ElectronicClock.a(ErikaOS_1_ee_evclear.o)
                              .\CortexM3\ARM_GCC_541\Debug\tsk_control.o (EE_oo_ClearEvent)
.\CortexM3\ARM_GCC_541\Debug\ElectronicClock.a(ErikaOS_1_ee_evget.o)
                              .\CortexM3\ARM_GCC_541\Debug\tsk_control.o (EE_oo_GetEvent)
.\CortexM3\ARM_GCC_541\Debug\ElectronicClock.a(ErikaOS_1_ee_evset.o)
                              .\CortexM3\ARM_GCC_541\Debug\swc_control.o (EE_oo_SetEvent)
.\CortexM3\ARM_GCC_541\Debug\ElectronicClock.a(ErikaOS_1_ee_evwait.o)
                              .\CortexM3\ARM_GCC_541\Debug\tsk_control.o (EE_oo_WaitEvent)
.\CortexM3\ARM_GCC_541\Debug\ElectronicClock.a(ErikaOS_1_ee_irqendin.o)
                              .\CortexM3\ARM_GCC_541\Debug\main.o (EE_IRQ_end_post_stub)
.\CortexM3\ARM_GCC_541\Debug\ElectronicClock.a(ErikaOS_1_ee_lockres.o)
                              .\CortexM3\ARM_GCC_541\Debug\swc_control.o (EE_oo_GetResource)
.\CortexM3\ARM_GCC_541\Debug\ElectronicClock.a(ErikaOS_1_ee_lookup.o)
                              .\CortexM3\ARM_GCC_541\Debug\ElectronicClock.a(ErikaOS_1_ee_irqendin.o) (EE_oo_IRQ_disable_count)
.\CortexM3\ARM_GCC_541\Debug\ElectronicClock.a(ErikaOS_1_ee_rq_exchg.o)
                              .\CortexM3\ARM_GCC_541\Debug\ElectronicClock.a(ErikaOS_1_ee_activate.o) (EE_rq2stk_exchange)
.\CortexM3\ARM_GCC_541\Debug\ElectronicClock.a(ErikaOS_1_ee_rq_first.o)
                              .\CortexM3\ARM_GCC_541\Debug\ElectronicClock.a(ErikaOS_1_ee_activate.o) (EE_rq_queryfirst)
.\CortexM3\ARM_GCC_541\Debug\ElectronicClock.a(ErikaOS_1_ee_rq_inser.o)
                              .\CortexM3\ARM_GCC_541\Debug\ElectronicClock.a(ErikaOS_1_ee_activate.o) (EE_rq_insert)
.\CortexM3\ARM_GCC_541\Debug\ElectronicClock.a(ErikaOS_1_ee_startos.o)
                              .\CortexM3\ARM_GCC_541\Debug\main.o (EE_oo_StartOS)
.\CortexM3\ARM_GCC_541\Debug\ElectronicClock.a(ErikaOS_1_ee_terminat.o)
                              .\CortexM3\ARM_GCC_541\Debug\main.o (EE_oo_TerminateTask)
.\CortexM3\ARM_GCC_541\Debug\ElectronicClock.a(ErikaOS_1_ee_ulockres.o)
                              .\CortexM3\ARM_GCC_541\Debug\swc_control.o (EE_oo_ReleaseResource)
.\CortexM3\ARM_GCC_541\Debug\ElectronicClock.a(ErikaOS_1_cortex_mx_ee_utils.o)
                              .\CortexM3\ARM_GCC_541\Debug\main.o (EE_system_init)
.\CortexM3\ARM_GCC_541\Debug\ElectronicClock.a(ErikaOS_1_common_ee_hal_structs.o)
                              .\CortexM3\ARM_GCC_541\Debug\ElectronicClock.a(ErikaOS_1_ee_irqendin.o) (EE_std_endcycle_next_tid)
.\CortexM3\ARM_GCC_541\Debug\ElectronicClock.a(ErikaOS_1_eecfg.o)
                              .\CortexM3\ARM_GCC_541\Debug\ElectronicClock.a(ErikaOS_1_ee_startos.o) (EE_oo_autostart_task_data)
.\CortexM3\ARM_GCC_541\Debug\ElectronicClock.a(CyLib.o)
                              .\CortexM3\ARM_GCC_541\Debug\Cm3Start.o (CyHalt)
.\CortexM3\ARM_GCC_541\Debug\ElectronicClock.a(cyPm.o)
                              .\CortexM3\ARM_GCC_541\Debug\ElectronicClock.a(CyLib.o) (CyPmReadStatus)
.\CortexM3\ARM_GCC_541\Debug\ElectronicClock.a(BUTTON_1.o)
                              .\CortexM3\ARM_GCC_541\Debug\button.o (BUTTON_1_Read)
.\CortexM3\ARM_GCC_541\Debug\ElectronicClock.a(isr_Button.o)
                              .\CortexM3\ARM_GCC_541\Debug\button.o (isr_Button_StartEx)
.\CortexM3\ARM_GCC_541\Debug\ElectronicClock.a(BUTTON_2.o)
                              .\CortexM3\ARM_GCC_541\Debug\button.o (BUTTON_2_Read)
.\CortexM3\ARM_GCC_541\Debug\ElectronicClock.a(BUTTON_3.o)
                              .\CortexM3\ARM_GCC_541\Debug\button.o (BUTTON_3_Read)
.\CortexM3\ARM_GCC_541\Debug\ElectronicClock.a(BUTTON_4.o)
                              .\CortexM3\ARM_GCC_541\Debug\button.o (BUTTON_4_Read)
.\CortexM3\ARM_GCC_541\Debug\ElectronicClock.a(TFT_SPI.o)
                              .\CortexM3\ARM_GCC_541\Debug\tft.o (TFT_SPI_WriteTxData)
.\CortexM3\ARM_GCC_541\Debug\ElectronicClock.a(TFT_DC.o)
                              .\CortexM3\ARM_GCC_541\Debug\tft.o (TFT_DC_Write)
.\CortexM3\ARM_GCC_541\Debug\ElectronicClock.a(TFT_RES.o)
                              .\CortexM3\ARM_GCC_541\Debug\tft.o (TFT_RES_Write)
[...]
Memory Configuration

Name             Origin             Length             Attributes
rom              0x00000000         0x00040000         xr
ram              0x1fff8000         0x00010000         xrw
*default*        0x00000000         0xffffffff

Linker script and memory map

LOAD c:/program files (x86)/cypress/psoc creator/4.4/psoc creator/import/gnu/arm/5.4.1/bin/../lib/gcc/arm-none-eabi/5.4.1/armv7-m/crti.o
LOAD c:/program files (x86)/cypress/psoc creator/4.4/psoc creator/import/gnu/arm/5.4.1/bin/../lib/gcc/arm-none-eabi/5.4.1/armv7-m/crtbegin.o
LOAD c:/program files (x86)/cypress/psoc creator/4.4/psoc creator/import/gnu/arm/5.4.1/bin/../lib/gcc/arm-none-eabi/5.4.1/../../../../arm-none-eabi/lib/armv7-m/crt0.o
START GROUP
LOAD .\CortexM3\ARM_GCC_541\Debug\main.o
LOAD .\CortexM3\ARM_GCC_541\Debug\swc_control.o
LOAD .\CortexM3\ARM_GCC_541\Debug\swc_input.o
LOAD .\CortexM3\ARM_GCC_541\Debug\swc_output.o
LOAD .\CortexM3\ARM_GCC_541\Debug\tsk_control.o
LOAD .\CortexM3\ARM_GCC_541\Debug\tsk_display.o
LOAD .\CortexM3\ARM_GCC_541\Debug\tsk_input.o
LOAD .\CortexM3\ARM_GCC_541\Debug\tft.o
LOAD .\CortexM3\ARM_GCC_541\Debug\logging.o
LOAD .\CortexM3\ARM_GCC_541\Debug\button.o
LOAD .\CortexM3\ARM_GCC_541\Debug\statemachine.o
LOAD .\CortexM3\ARM_GCC_541\Debug\rte.o
LOAD .\CortexM3\ARM_GCC_541\Debug\sc_buttons.o
LOAD .\CortexM3\ARM_GCC_541\Debug\sc_buttons_type.o
LOAD .\CortexM3\ARM_GCC_541\Debug\sc_clockdata.o
LOAD .\CortexM3\ARM_GCC_541\Debug\sc_clockdata_type.o
LOAD .\CortexM3\ARM_GCC_541\Debug\sc_events.o
LOAD .\CortexM3\ARM_GCC_541\Debug\sp_common.o
LOAD .\CortexM3\ARM_GCC_541\Debug\cyfitter_cfg.o
LOAD .\CortexM3\ARM_GCC_541\Debug\cymetadata.o
LOAD .\CortexM3\ARM_GCC_541\Debug\Cm3Start.o
LOAD .\CortexM3\ARM_GCC_541\Debug\ElectronicClock.a
LOAD C:\Program Files (x86)\Cypress\PSoC Creator\4.4\PSoC Creator\psoc\content\cycomponentlibrary\CyComponentLibrary.cylib\CortexM3\ARM_GCC_541\Debug\CyComponentLibrary.a
END GROUP
START GROUP
LOAD c:/program files (x86)/cypress/psoc creator/4.4/psoc creator/import/gnu/arm/5.4.1/bin/../lib/gcc/arm-none-eabi/5.4.1/armv7-m\libgcc.a
LOAD c:/program files (x86)/cypress/psoc creator/4.4/psoc creator/import/gnu/arm/5.4.1/bin/../lib/gcc/arm-none-eabi/5.4.1/../../../../arm-none-eabi/lib/armv7-m\libg_nano.a
LOAD c:/program files (x86)/cypress/psoc creator/4.4/psoc creator/import/gnu/arm/5.4.1/bin/../lib/gcc/arm-none-eabi/5.4.1/../../../../arm-none-eabi/lib/armv7-m\libc_nano.a
END GROUP
START GROUP
LOAD c:/program files (x86)/cypress/psoc creator/4.4/psoc creator/import/gnu/arm/5.4.1/bin/../lib/gcc/arm-none-eabi/5.4.1/armv7-m\libgcc.a
LOAD c:/program files (x86)/cypress/psoc creator/4.4/psoc creator/import/gnu/arm/5.4.1/bin/../lib/gcc/arm-none-eabi/5.4.1/../../../../arm-none-eabi/lib/armv7-m\libc_nano.a
END GROUP
LOAD c:/program files (x86)/cypress/psoc creator/4.4/psoc creator/import/gnu/arm/5.4.1/bin/../lib/gcc/arm-none-eabi/5.4.1/armv7-m/crtend.o
LOAD c:/program files (x86)/cypress/psoc creator/4.4/psoc creator/import/gnu/arm/5.4.1/bin/../lib/gcc/arm-none-eabi/5.4.1/armv7-m/crtn.o
START GROUP
LOAD c:/program files (x86)/cypress/psoc creator/4.4/psoc creator/import/gnu/arm/5.4.1/bin/../lib/gcc/arm-none-eabi/5.4.1/armv7-m\libgcc.a
LOAD c:/program files (x86)/cypress/psoc creator/4.4/psoc creator/import/gnu/arm/5.4.1/bin/../lib/gcc/arm-none-eabi/5.4.1/../../../../arm-none-eabi/lib/armv7-m\libc.a
LOAD c:/program files (x86)/cypress/psoc creator/4.4/psoc creator/import/gnu/arm/5.4.1/bin/../lib/gcc/arm-none-eabi/5.4.1/../../../../arm-none-eabi/lib/armv7-m\libnosys.a
END GROUP
                0x00000000                CY_APPL_ORIGIN = 0x0
                0x00000100                CY_FLASH_ROW_SIZE = 0x100
                0x00000020                CY_ECC_ROW_SIZE = 0x20
                0x00000000                CY_EE_IN_BTLDR = 0x0
                0x00000000                CY_APPL_LOADABLE = 0x0
                0x00000800                CY_EE_SIZE = 0x800
                0x00000001                CY_APPL_NUM = 0x1
                0x00000001                CY_APPL_MAX = 0x1
                0x00000040                CY_METADATA_SIZE = 0x40
                0x00000000                CY_APPL_LOADABLE = 0x0
                0x00000000                CY_CHECKSUM_EXCLUDE_SIZE = ALIGN (0x0, CY_FLASH_ROW_SIZE)
                [!provide]                PROVIDE (__cy_heap_start, _end)
                0x00000001                PROVIDE (__cy_region_num, ((__cy_regions_end - __cy_regions) / 0x10))
                0x20008000                PROVIDE (__cy_stack, (ORIGIN (ram) + LENGTH (ram)))
                [!provide]                PROVIDE (__cy_heap_end, (__cy_stack - 0x800))

.cybootloader   0x00000000        0x0
 *(.cybootloader)
                0x00000000                appl1_start = CY_APPL_ORIGIN?CY_APPL_ORIGIN:ALIGN (CY_FLASH_ROW_SIZE)
                0x0001ff00                appl2_start = (appl1_start + ALIGN ((((LENGTH (rom) - appl1_start) - (0x2 * CY_FLASH_ROW_SIZE)) / 0x2), CY_FLASH_ROW_SIZE))
                0x00000000                appl_start = (CY_APPL_NUM == 0x1)?appl1_start:appl2_start
                0x00000000                ecc_offset = ((appl_start / CY_FLASH_ROW_SIZE) * CY_ECC_ROW_SIZE)
                0x00000000                ee_offset = (CY_APPL_LOADABLE && ! (CY_EE_IN_BTLDR))?((CY_EE_SIZE / CY_APPL_MAX) * (CY_APPL_NUM - 0x1)):0x0
                0x00000800                ee_size = (CY_APPL_LOADABLE && ! (CY_EE_IN_BTLDR))?(CY_EE_SIZE / CY_APPL_MAX):CY_EE_SIZE
                [!provide]                PROVIDE (CY_ECC_OFFSET, ecc_offset)

.text           0x00000000     0x33de
 CREATE_OBJECT_SYMBOLS
                0x00000000                PROVIDE (__cy_interrupt_vector, RomVectors)
 *(.romvectors)
 .romvectors    0x00000000       0x10 .\CortexM3\ARM_GCC_541\Debug\Cm3Start.o
                0x00000000                RomVectors
                0x00000001                ASSERT ((. != __cy_interrupt_vector), No interrupt vector)
                0x00000001                ASSERT (CY_APPL_ORIGIN?(SIZEOF (.cybootloader) <= CY_APPL_ORIGIN):0x1, Wrong image location)
                0x00000010                PROVIDE (__cy_reset, Reset)
 *(.text.Reset)
 .text.Reset    0x00000010       0x18 .\CortexM3\ARM_GCC_541\Debug\Cm3Start.o
                0x00000010                Reset
                0x00000001                ASSERT ((. != __cy_reset), No reset code)
 *(.dma_init)
                0x00000001                ASSERT ((((appl_start + .) <= 0x10000) || 0x1), DMA Init must be within the first 64k of flash)
 *(.text .text.* .gnu.linkonce.t.*)
 .text          0x00000028       0x5c c:/program files (x86)/cypress/psoc creator/4.4/psoc creator/import/gnu/arm/5.4.1/bin/../lib/gcc/arm-none-eabi/5.4.1/armv7-m/crtbegin.o
 .text.ISR2_systick_handler
                0x00000084        0xc .\CortexM3\ARM_GCC_541\Debug\main.o
                0x00000084                ISR2_systick_handler
 .text.systick_handler
                0x00000090       0x98 .\CortexM3\ARM_GCC_541\Debug\main.o
                0x00000090                systick_handler
 .text.main     0x00000128       0x28 .\CortexM3\ARM_GCC_541\Debug\main.o
                0x00000128                main
 .text.Functsk_init
                0x00000150       0x5c .\CortexM3\ARM_GCC_541\Debug\main.o
                0x00000150                Functsk_init
 .text.Functsk_background
                0x000001ac        0x4 .\CortexM3\ARM_GCC_541\Debug\main.o
                0x000001ac                Functsk_background
 .text.CLOCK_GUARD_checkLeftKey
                0x000001b0       0x14 .\CortexM3\ARM_GCC_541\Debug\swc_control.o
 .text.CLOCK_increment1Minute
                0x000001c4       0xf0 .\CortexM3\ARM_GCC_541\Debug\swc_control.o
 .text.CLOCK_setEditFonts
                0x000002b4       0xd8 .\CortexM3\ARM_GCC_541\Debug\swc_control.o
 .text.CLOCK_incrementWidget
                0x0000038c      0x100 .\CortexM3\ARM_GCC_541\Debug\swc_control.o
 .text.CLOCK_setDisplayFonts
                0x0000048c       0xe0 .\CortexM3\ARM_GCC_541\Debug\swc_control.o
 .text.CLOCK_DISPATCH_WRAPPER
                0x0000056c       0xe4 .\CortexM3\ARM_GCC_541\Debug\swc_control.o
 .text.CLOCK_dispatch_KL_Hours
                0x00000650        0xc .\CortexM3\ARM_GCC_541\Debug\swc_control.o
 .text.CLOCK_dispatch_250MS_Hours
                0x0000065c        0xc .\CortexM3\ARM_GCC_541\Debug\swc_control.o
 .text.CLOCK_dispatch_KRLP_Hours
                0x00000668        0xc .\CortexM3\ARM_GCC_541\Debug\swc_control.o
 .text.CLOCK_dispatch_KR_Hours
                0x00000674        0xc .\CortexM3\ARM_GCC_541\Debug\swc_control.o
 .text.CLOCK_dispatch_KL_HoursMins
                0x00000680       0x14 .\CortexM3\ARM_GCC_541\Debug\swc_control.o
 .text.CLOCK_dispatch_250MS_Mins
                0x00000694        0xc .\CortexM3\ARM_GCC_541\Debug\swc_control.o
 .text.CLOCK_dispatch_KRLP_Mins
                0x000006a0        0xc .\CortexM3\ARM_GCC_541\Debug\swc_control.o
 .text.CLOCK_dispatch_KR_Mins
                0x000006ac        0xc .\CortexM3\ARM_GCC_541\Debug\swc_control.o
 .text.CLOCK_dispatch_KL_Mins
                0x000006b8        0xc .\CortexM3\ARM_GCC_541\Debug\swc_control.o
 .text.CONTROL_runStateMachine_run
                0x000006c4       0xa4 .\CortexM3\ARM_GCC_541\Debug\swc_control.o
                0x000006c4                CONTROL_runStateMachine_run
 .text.INPUT_readButtons_run
                0x00000768      0x448 .\CortexM3\ARM_GCC_541\Debug\swc_input.o
                0x00000768                INPUT_readButtons_run
 .text.INPUT_1min_run
                0x00000bb0        0x4 .\CortexM3\ARM_GCC_541\Debug\swc_input.o
                0x00000bb0                INPUT_1min_run
 .text.INPUT_250ms_run
                0x00000bb4       0xe8 .\CortexM3\ARM_GCC_541\Debug\swc_input.o
                0x00000bb4                INPUT_250ms_run
 .text.OUTPUT_updateDataOnTFT_run
                0x00000c9c       0xd0 .\CortexM3\ARM_GCC_541\Debug\swc_output.o
                0x00000c9c                OUTPUT_updateDataOnTFT_run
 .text.OUTPUT_blink1s_run
                0x00000d6c      0x1a8 .\CortexM3\ARM_GCC_541\Debug\swc_output.o
                0x00000d6c                OUTPUT_blink1s_run
 .text.Functsk_control
                0x00000f14       0x2c .\CortexM3\ARM_GCC_541\Debug\tsk_control.o
                0x00000f14                Functsk_control
 .text.Functsk_display
                0x00000f40       0x2c .\CortexM3\ARM_GCC_541\Debug\tsk_display.o
                0x00000f40                Functsk_display
 .text.Functsk_input
                0x00000f6c       0x2c .\CortexM3\ARM_GCC_541\Debug\tsk_input.o
                0x00000f6c                Functsk_input
 .text.ISR2_isr_Button
                0x00000f98       0x10 .\CortexM3\ARM_GCC_541\Debug\tsk_input.o
                0x00000f98                ISR2_isr_Button
 .text.isr_Button
                0x00000fa8       0x98 .\CortexM3\ARM_GCC_541\Debug\tsk_input.o
                0x00000fa8                isr_Button
 .text.__TFT_SPI_TX_ISR
                0x00001040       0x58 .\CortexM3\ARM_GCC_541\Debug\tft.o
                0x00001040                __TFT_SPI_TX_ISR
 .text.TFT_send
                0x00001098       0x84 .\CortexM3\ARM_GCC_541\Debug\tft.o
 .text.setAddrWindow
                0x0000111c       0x88 .\CortexM3\ARM_GCC_541\Debug\tft.o
 .text.TFT_setRotation
                0x000011a4       0xc0 .\CortexM3\ARM_GCC_541\Debug\tft.o
                0x000011a4                TFT_setRotation
 .text.TFT_fillRect
                0x00001264       0x8c .\CortexM3\ARM_GCC_541\Debug\tft.o
                0x00001264                TFT_fillRect
 .text.TFT_fillScreen
                0x000012f0       0x24 .\CortexM3\ARM_GCC_541\Debug\tft.o
                0x000012f0                TFT_fillScreen
 .text.TFT_init
                0x00001314       0xe4 .\CortexM3\ARM_GCC_541\Debug\tft.o
                0x00001314                TFT_init
 .text.TFT_drawPixel
                0x000013f8       0x50 .\CortexM3\ARM_GCC_541\Debug\tft.o
                0x000013f8                TFT_drawPixel
 .text.TFT_fastVLine
                0x00001448       0x64 .\CortexM3\ARM_GCC_541\Debug\tft.o
                0x00001448                TFT_fastVLine
 .text.TFT_drawChar
                0x000014ac      0x21c .\CortexM3\ARM_GCC_541\Debug\tft.o
                0x000014ac                TFT_drawChar
 .text.LOG_send
                0x000016c8       0x2c .\CortexM3\ARM_GCC_541\Debug\logging.o
                0x000016c8                LOG_send
 .text.STATE__getIndexOfState
                0x000016f4       0x28 .\CortexM3\ARM_GCC_541\Debug\statemachine.o
                0x000016f4                STATE__getIndexOfState
 .text.STATE_processEvent
                0x0000171c      0x100 .\CortexM3\ARM_GCC_541\Debug\statemachine.o
                0x0000171c                STATE_processEvent
 .text.RTE_ProcessCyclicTable
                0x0000181c       0x30 .\CortexM3\ARM_GCC_541\Debug\rte.o
                0x0000181c                RTE_ProcessCyclicTable
 .text.RTE_ProcessEventTable
                0x0000184c       0x28 .\CortexM3\ARM_GCC_541\Debug\rte.o
                0x0000184c                RTE_ProcessEventTable
 .text.SC_BUTTONS_driverIn
                0x00001874       0x48 .\CortexM3\ARM_GCC_541\Debug\sc_buttons_type.o
                0x00001874                SC_BUTTONS_driverIn
 .text.SC_CLOCKDATA_driverOut
                0x000018bc      0x114 .\CortexM3\ARM_GCC_541\Debug\sc_clockdata_type.o
                0x000018bc                SC_CLOCKDATA_driverOut
 .text.CyClockStartupError
                0x000019d0        0x4 .\CortexM3\ARM_GCC_541\Debug\cyfitter_cfg.o
 .text.cfg_write_bytes32
                0x000019d4       0x34 .\CortexM3\ARM_GCC_541\Debug\cyfitter_cfg.o
 .text.AnalogSetDefault
                0x00001a08       0x28 .\CortexM3\ARM_GCC_541\Debug\cyfitter_cfg.o
 .text.CYMEMZERO
                0x00001a30        0xc .\CortexM3\ARM_GCC_541\Debug\cyfitter_cfg.o
 .text.ClockSetup
                0x00001a3c       0xd0 .\CortexM3\ARM_GCC_541\Debug\cyfitter_cfg.o
 .text.CYCONFIGCPY
                0x00001b0c        0x8 .\CortexM3\ARM_GCC_541\Debug\cyfitter_cfg.o
 .text.cyfitter_cfg
                0x00001b14      0x124 .\CortexM3\ARM_GCC_541\Debug\cyfitter_cfg.o
                0x00001b14                cyfitter_cfg
 .text.IntDefaultHandler
                0x00001c38       0x10 .\CortexM3\ARM_GCC_541\Debug\Cm3Start.o
                0x00001c38                IntDefaultHandler
 .text.Start_c  0x00001c48       0x4c .\CortexM3\ARM_GCC_541\Debug\Cm3Start.o
                0x00001c48                Start_c
 .text.initialize_psoc
                0x00001c94       0x68 .\CortexM3\ARM_GCC_541\Debug\Cm3Start.o
                0x00001c94                initialize_psoc
 .text.EE_oo_ActivateTask
                0x00001cfc       0xe8 .\CortexM3\ARM_GCC_541\Debug\ElectronicClock.a(ErikaOS_1_ee_activate.o)
                0x00001cfc                EE_oo_ActivateTask
 .text.EE_oo_CancelAlarm
                0x00001de4       0xa4 .\CortexM3\ARM_GCC_541\Debug\ElectronicClock.a(ErikaOS_1_ee_alcancel.o)
                0x00001de4                EE_oo_CancelAlarm
 .text.EE_oo_SetRelAlarm
                0x00001e88       0x80 .\CortexM3\ARM_GCC_541\Debug\ElectronicClock.a(ErikaOS_1_ee_alsetrel.o)
                0x00001e88                EE_oo_SetRelAlarm
 .text.EE_oo_handle_action_callback
                0x00001f08        0xc .\CortexM3\ARM_GCC_541\Debug\ElectronicClock.a(ErikaOS_1_ee_altick.o)
 .text.EE_oo_handle_action_task
                0x00001f14       0x4c .\CortexM3\ARM_GCC_541\Debug\ElectronicClock.a(ErikaOS_1_ee_altick.o)
 .text.EE_oo_handle_action_event
                0x00001f60       0x60 .\CortexM3\ARM_GCC_541\Debug\ElectronicClock.a(ErikaOS_1_ee_altick.o)
 .text.EE_oo_handle_action
                0x00001fc0       0x28 .\CortexM3\ARM_GCC_541\Debug\ElectronicClock.a(ErikaOS_1_ee_altick.o)
 .text.EE_oo_counter_object_insert
                0x00001fe8       0x9c .\CortexM3\ARM_GCC_541\Debug\ElectronicClock.a(ErikaOS_1_ee_altick.o)
                0x00001fe8                EE_oo_counter_object_insert
 .text.EE_oo_IncrementCounterImplementation
                0x00002084      0x100 .\CortexM3\ARM_GCC_541\Debug\ElectronicClock.a(ErikaOS_1_ee_altick.o)
                0x00002084                EE_oo_IncrementCounterImplementation
 .text.EE_oo_IncrementCounter
                0x00002184       0xb0 .\CortexM3\ARM_GCC_541\Debug\ElectronicClock.a(ErikaOS_1_ee_altick.o)
                0x00002184                EE_oo_IncrementCounter
 .text.EE_oo_ClearEvent
                0x00002234       0x5c .\CortexM3\ARM_GCC_541\Debug\ElectronicClock.a(ErikaOS_1_ee_evclear.o)
                0x00002234                EE_oo_ClearEvent
 .text.EE_oo_GetEvent
                0x00002290       0x40 .\CortexM3\ARM_GCC_541\Debug\ElectronicClock.a(ErikaOS_1_ee_evget.o)
                0x00002290                EE_oo_GetEvent
 .text.EE_oo_SetEvent
                0x000022d0      0x100 .\CortexM3\ARM_GCC_541\Debug\ElectronicClock.a(ErikaOS_1_ee_evset.o)
                0x000022d0                EE_oo_SetEvent
 .text.EE_oo_WaitEvent
                0x000023d0      0x124 .\CortexM3\ARM_GCC_541\Debug\ElectronicClock.a(ErikaOS_1_ee_evwait.o)
                0x000023d0                EE_oo_WaitEvent
 .text.EE_IRQ_run_next_task
                0x000024f4       0x30 .\CortexM3\ARM_GCC_541\Debug\ElectronicClock.a(ErikaOS_1_ee_irqendin.o)
 .text.EE_IRQ_end_instance
                0x00002524       0x68 .\CortexM3\ARM_GCC_541\Debug\ElectronicClock.a(ErikaOS_1_ee_irqendin.o)
                0x00002524                EE_IRQ_end_instance
 .text.EE_IRQ_end_post_stub
                0x0000258c       0x14 .\CortexM3\ARM_GCC_541\Debug\ElectronicClock.a(ErikaOS_1_ee_irqendin.o)
                0x0000258c                EE_IRQ_end_post_stub
 .text.EE_oo_GetResource
                0x000025a0       0xa8 .\CortexM3\ARM_GCC_541\Debug\ElectronicClock.a(ErikaOS_1_ee_lockres.o)
                0x000025a0                EE_oo_GetResource
 .text.EE_rq2stk_exchange
                0x00002648       0x88 .\CortexM3\ARM_GCC_541\Debug\ElectronicClock.a(ErikaOS_1_ee_rq_exchg.o)
                0x00002648                EE_rq2stk_exchange
 .text.EE_rq_queryfirst
                0x000026d0       0x44 .\CortexM3\ARM_GCC_541\Debug\ElectronicClock.a(ErikaOS_1_ee_rq_first.o)
                0x000026d0                EE_rq_queryfirst
 .text.EE_rq_insert
                0x00002714       0x74 .\CortexM3\ARM_GCC_541\Debug\ElectronicClock.a(ErikaOS_1_ee_rq_inser.o)
                0x00002714                EE_rq_insert
 .text.compute_task_tid
                0x00002788       0x10 .\CortexM3\ARM_GCC_541\Debug\ElectronicClock.a(ErikaOS_1_ee_startos.o)
 .text.EE_oo_start_os
                0x00002798        0xc .\CortexM3\ARM_GCC_541\Debug\ElectronicClock.a(ErikaOS_1_ee_startos.o)
 .text.EE_oo_autostart_tasks
                0x000027a4       0x60 .\CortexM3\ARM_GCC_541\Debug\ElectronicClock.a(ErikaOS_1_ee_startos.o)
 .text.EE_oo_autostart_os
                0x00002804        0xc .\CortexM3\ARM_GCC_541\Debug\ElectronicClock.a(ErikaOS_1_ee_startos.o)
 .text.EE_oo_StartOS
                0x00002810       0x8c .\CortexM3\ARM_GCC_541\Debug\ElectronicClock.a(ErikaOS_1_ee_startos.o)
                0x00002810                EE_oo_StartOS
 .text.EE_oo_TerminateTask
                0x0000289c       0x50 .\CortexM3\ARM_GCC_541\Debug\ElectronicClock.a(ErikaOS_1_ee_terminat.o)
                0x0000289c                EE_oo_TerminateTask
 .text.EE_oo_ReleaseResource
                0x000028ec      0x124 .\CortexM3\ARM_GCC_541\Debug\ElectronicClock.a(ErikaOS_1_ee_ulockres.o)
                0x000028ec                EE_oo_ReleaseResource
 .text.EE_system_init
                0x00002a10       0x48 .\CortexM3\ARM_GCC_541\Debug\ElectronicClock.a(ErikaOS_1_cortex_mx_ee_utils.o)
                0x00002a10                EE_system_init
 .text.CyHalt   0x00002a58        0x4 .\CortexM3\ARM_GCC_541\Debug\ElectronicClock.a(CyLib.o)
                0x00002a58                CyHalt
 .text.CyDelay  0x00002a5c       0x2c .\CortexM3\ARM_GCC_541\Debug\ElectronicClock.a(CyLib.o)
                0x00002a5c                CyDelay
 .text.CyIntSetVector
                0x00002a88       0x28 .\CortexM3\ARM_GCC_541\Debug\ElectronicClock.a(CyLib.o)
                0x00002a88                CyIntSetVector
 .text.CyIntSetPriority
                0x00002ab0       0x30 .\CortexM3\ARM_GCC_541\Debug\ElectronicClock.a(CyLib.o)
                0x00002ab0                CyIntSetPriority
 .text.BUTTON_1_Read
                0x00002ae0       0x10 .\CortexM3\ARM_GCC_541\Debug\ElectronicClock.a(BUTTON_1.o)
                0x00002ae0                BUTTON_1_Read
 .text.BUTTON_2_Read
                0x00002af0       0x10 .\CortexM3\ARM_GCC_541\Debug\ElectronicClock.a(BUTTON_2.o)
                0x00002af0                BUTTON_2_Read
 .text.BUTTON_3_Read
                0x00002b00       0x10 .\CortexM3\ARM_GCC_541\Debug\ElectronicClock.a(BUTTON_3.o)
                0x00002b00                BUTTON_3_Read
 .text.BUTTON_4_Read
                0x00002b10       0x10 .\CortexM3\ARM_GCC_541\Debug\ElectronicClock.a(BUTTON_4.o)
                0x00002b10                BUTTON_4_Read
 .text.TFT_SPI_Enable
                0x00002b20       0x34 .\CortexM3\ARM_GCC_541\Debug\ElectronicClock.a(TFT_SPI.o)
                0x00002b20                TFT_SPI_Enable
 .text.TFT_SPI_ReadTxStatus
                0x00002b54        0xc .\CortexM3\ARM_GCC_541\Debug\ElectronicClock.a(TFT_SPI.o)
                0x00002b54                TFT_SPI_ReadTxStatus
 .text.TFT_SPI_ReadRxStatus
                0x00002b60        0xc .\CortexM3\ARM_GCC_541\Debug\ElectronicClock.a(TFT_SPI.o)
                0x00002b60                TFT_SPI_ReadRxStatus
 .text.TFT_SPI_WriteTxData
                0x00002b6c       0x18 .\CortexM3\ARM_GCC_541\Debug\ElectronicClock.a(TFT_SPI.o)
                0x00002b6c                TFT_SPI_WriteTxData
 .text.TFT_SPI_ClearFIFO
                0x00002b84       0x3c .\CortexM3\ARM_GCC_541\Debug\ElectronicClock.a(TFT_SPI.o)
                0x00002b84                TFT_SPI_ClearFIFO
 .text.TFT_SPI_Init
                0x00002bc0       0x28 .\CortexM3\ARM_GCC_541\Debug\ElectronicClock.a(TFT_SPI.o)
                0x00002bc0                TFT_SPI_Init
 .text.TFT_SPI_Start
                0x00002be8       0x1c .\CortexM3\ARM_GCC_541\Debug\ElectronicClock.a(TFT_SPI.o)
                0x00002be8                TFT_SPI_Start
 .text.TFT_DC_Write
                0x00002c04       0x18 .\CortexM3\ARM_GCC_541\Debug\ElectronicClock.a(TFT_DC.o)
                0x00002c04                TFT_DC_Write
 .text.TFT_RES_Write
                0x00002c1c       0x18 .\CortexM3\ARM_GCC_541\Debug\ElectronicClock.a(TFT_RES.o)
                0x00002c1c                TFT_RES_Write
 .text.TFT_BackLight_Enable
                0x00002c34       0x28 .\CortexM3\ARM_GCC_541\Debug\ElectronicClock.a(TFT_BackLight.o)
                0x00002c34                TFT_BackLight_Enable
 .text.TFT_BackLight_WritePeriod
                0x00002c5c        0xc .\CortexM3\ARM_GCC_541\Debug\ElectronicClock.a(TFT_BackLight.o)
                0x00002c5c                TFT_BackLight_WritePeriod
 .text.TFT_BackLight_WriteCompare
                0x00002c68        0xc .\CortexM3\ARM_GCC_541\Debug\ElectronicClock.a(TFT_BackLight.o)
                0x00002c68                TFT_BackLight_WriteCompare
 .text.TFT_BackLight_SetInterruptMode
                0x00002c74        0xc .\CortexM3\ARM_GCC_541\Debug\ElectronicClock.a(TFT_BackLight.o)
                0x00002c74                TFT_BackLight_SetInterruptMode
 .text.TFT_BackLight_Init
                0x00002c80       0x74 .\CortexM3\ARM_GCC_541\Debug\ElectronicClock.a(TFT_BackLight.o)
                0x00002c80                TFT_BackLight_Init
 .text.TFT_BackLight_Start
                0x00002cf4       0x1c .\CortexM3\ARM_GCC_541\Debug\ElectronicClock.a(TFT_BackLight.o)
                0x00002cf4                TFT_BackLight_Start
 .text.TFT_SPI_IntClock_Start
                0x00002d10       0x1c .\CortexM3\ARM_GCC_541\Debug\ElectronicClock.a(TFT_SPI_IntClock.o)
                0x00002d10                TFT_SPI_IntClock_Start
 .text.UART_Logs_Init
                0x00002d2c       0x60 .\CortexM3\ARM_GCC_541\Debug\ElectronicClock.a(UART_Logs.o)
                0x00002d2c                UART_Logs_Init
 .text.UART_Logs_Enable
                0x00002d8c       0x54 .\CortexM3\ARM_GCC_541\Debug\ElectronicClock.a(UART_Logs.o)
                0x00002d8c                UART_Logs_Enable
 .text.UART_Logs_Start
                0x00002de0       0x1c .\CortexM3\ARM_GCC_541\Debug\ElectronicClock.a(UART_Logs.o)
                0x00002de0                UART_Logs_Start
 .text.UART_Logs_PutChar
                0x00002dfc       0x70 .\CortexM3\ARM_GCC_541\Debug\ElectronicClock.a(UART_Logs.o)
                0x00002dfc                UART_Logs_PutChar
 .text.UART_Logs_PutString
                0x00002e6c       0x24 .\CortexM3\ARM_GCC_541\Debug\ElectronicClock.a(UART_Logs.o)
                0x00002e6c                UART_Logs_PutString
 .text.UART_Logs_RXISR
                0x00002e90       0x98 .\CortexM3\ARM_GCC_541\Debug\ElectronicClock.a(UART_Logs_INT.o)
                0x00002e90                UART_Logs_RXISR
 .text.UART_Logs_TXISR
                0x00002f28       0x58 .\CortexM3\ARM_GCC_541\Debug\ElectronicClock.a(UART_Logs_INT.o)
                0x00002f28                UART_Logs_TXISR
 .text.UART_Logs_IntClock_Start
                0x00002f80       0x1c .\CortexM3\ARM_GCC_541\Debug\ElectronicClock.a(UART_Logs_IntClock.o)
                0x00002f80                UART_Logs_IntClock_Start
 .text          0x00002f9c       0x7c .\CortexM3\ARM_GCC_541\Debug\ElectronicClock.a(ErikaOS_1_ee_gnu_change_context_isr.o)
                0x00002f9c                EE_set_switch_context_pri
                0x00002fb6                EE_switch_context
                0x00002fc0                EE_cortex_mx_pendsv_ISR
                0x00002ffc                EE_cortex_mx_svc_ISR
 .text          0x00003018       0x24 .\CortexM3\ARM_GCC_541\Debug\ElectronicClock.a(ErikaOS_1_ee_gnu_irq_stack.o)
                0x00003018                EE_cortex_mx_change_IRQ_stack
                0x0000302a                EE_cortex_mx_change_IRQ_stack_back
 .text          0x0000303c       0x68 .\CortexM3\ARM_GCC_541\Debug\ElectronicClock.a(ErikaOS_1_ee_gnu_multi_context.o)
                0x0000303c                EE_cortex_mx_change_context
 .text          0x000030a4       0x80 .\CortexM3\ARM_GCC_541\Debug\ElectronicClock.a(ErikaOS_1_ee_gnu_oo.o)
                0x000030a4                EE_hal_terminate_savestk
                0x000030ee                EE_hal_terminate_task
 *fill*         0x00003124        0x4 
 .text          0x00003128       0x20 .\CortexM3\ARM_GCC_541\Debug\ElectronicClock.a(CyBootAsmGnu.o)
                0x00003128                CyDelayCycles
                0x00003138                CyEnterCriticalSection
                0x00003140                CyExitCriticalSection
 .text.EE_thread_not_terminated
                0x00003148       0x18 .\CortexM3\ARM_GCC_541\Debug\ElectronicClock.a(ErikaOS_1_ee_tnterm.o)
                0x00003148                EE_thread_not_terminated
 .text.EE_oo_thread_stub
                0x00003160       0x10 .\CortexM3\ARM_GCC_541\Debug\ElectronicClock.a(ErikaOS_1_ee_tstub.o)
                0x00003160                EE_oo_thread_stub
 .text.EE_oo_release_all_resources
                0x00003170       0x58 .\CortexM3\ARM_GCC_541\Debug\ElectronicClock.a(ErikaOS_1_ee_ulockallres.o)
                0x00003170                EE_oo_release_all_resources
 .text.EE_std_run_task_code
                0x000031c8       0x18 .\CortexM3\ARM_GCC_541\Debug\ElectronicClock.a(ErikaOS_1_cortex_mx_ee_context.o)
                0x000031c8                EE_std_run_task_code
 .text.EE_std_need_context_change
                0x000031e0       0x28 .\CortexM3\ARM_GCC_541\Debug\ElectronicClock.a(ErikaOS_1_cortex_mx_ee_context.o)
                0x000031e0                EE_std_need_context_change
 .text.EE_thread_rnact_max
                0x00003208       0x20 .\CortexM3\ARM_GCC_541\Debug\ElectronicClock.a(ErikaOS_1_ee_thendin.o)
 .text.EE_thread_endcycle_next
                0x00003228       0x30 .\CortexM3\ARM_GCC_541\Debug\ElectronicClock.a(ErikaOS_1_ee_thendin.o)
 .text.EE_thread_end_instance
                0x00003258      0x108 .\CortexM3\ARM_GCC_541\Debug\ElectronicClock.a(ErikaOS_1_ee_thendin.o)
                0x00003258                EE_thread_end_instance
 .text.__errno  0x00003360        0xc c:/program files (x86)/cypress/psoc creator/4.4/psoc creator/import/gnu/arm/5.4.1/bin/../lib/gcc/arm-none-eabi/5.4.1/../../../../arm-none-eabi/lib/armv7-m\libg_nano.a(lib_a-errno.o)
                0x00003360                __errno
 .text.__libc_init_array
                0x0000336c       0x4c c:/program files (x86)/cypress/psoc creator/4.4/psoc creator/import/gnu/arm/5.4.1/bin/../lib/gcc/arm-none-eabi/5.4.1/../../../../arm-none-eabi/lib/armv7-m\libg_nano.a(lib_a-init.o)
                0x0000336c                __libc_init_array
 .text.memcpy   0x000033b8       0x16 c:/program files (x86)/cypress/psoc creator/4.4/psoc creator/import/gnu/arm/5.4.1/bin/../lib/gcc/arm-none-eabi/5.4.1/../../../../arm-none-eabi/lib/armv7-m\libg_nano.a(lib_a-memcpy-stub.o)
                0x000033b8                memcpy
 .text.memset   0x000033ce       0x10 c:/program files (x86)/cypress/psoc creator/4.4/psoc creator/import/gnu/arm/5.4.1/bin/../lib/gcc/arm-none-eabi/5.4.1/../../../../arm-none-eabi/lib/armv7-m\libg_nano.a(lib_a-memset.o)
                0x000033ce                memset
 *(.plt)
 *(.gnu.warning)
 *(.glue_7t)
 .glue_7t       0x000033de        0x0 linker stubs
 *(.glue_7)
 .glue_7        0x000033de        0x0 linker stubs
 *(.vfp11_veneer)
 .vfp11_veneer  0x000033de        0x0 linker stubs
 *(.bootloader)
 *(.ARM.extab* .gnu.linkonce.armextab.*)
 *(.gcc_except_table)

.v4_bx          0x000033e0        0x0
 .v4_bx         0x000033e0        0x0 linker stubs

.iplt           0x000033e0        0x0
 .iplt          0x000033e0        0x0 c:/program files (x86)/cypress/psoc creator/4.4/psoc creator/import/gnu/arm/5.4.1/bin/../lib/gcc/arm-none-eabi/5.4.1/armv7-m/crtbegin.o

.eh_frame_hdr
 *(.eh_frame_hdr)

.eh_frame       0x000033e0        0x4
 *(.eh_frame)
 .eh_frame      0x000033e0        0x0 c:/program files (x86)/cypress/psoc creator/4.4/psoc creator/import/gnu/arm/5.4.1/bin/../lib/gcc/arm-none-eabi/5.4.1/armv7-m/crtbegin.o
 .eh_frame      0x000033e0        0x4 c:/program files (x86)/cypress/psoc creator/4.4/psoc creator/import/gnu/arm/5.4.1/bin/../lib/gcc/arm-none-eabi/5.4.1/armv7-m/crtend.o
                [!provide]                PROVIDE (__exidx_start, .)

.ARM.exidx
 *(.ARM.exidx* .gnu.linkonce.armexidx.*)
                0x000033e4                __exidx_end = .

.rodata         0x000033e4      0xbdc
 *(.rodata .rodata.* .gnu.linkonce.r.*)
 .rodata        0x000033e4      0x160 .\CortexM3\ARM_GCC_541\Debug\swc_control.o
                0x000033e4                CLOCK_Widget_StateActions_Size
                0x000033e8                CLOCK_Widget_StateActions
                0x0000340c                CLOCK_Widget_Transitions_Size
                0x00003410                CLOCK_Widget_Transitions
                0x00003434                CLOCK_W_ISAUTOINCREMENTING_Transitions
                0x0000344c                STATE_CLOCK_W_ISEDITING_Transitions
                0x00003470                STATE_CLOCK_W_ISDISPLAYING_Transitions
                0x0000347c                CLOCK_Container_StateActions_Size
                0x00003480                CLOCK_Container_StateActions
                0x000034a4                CLOCK_Container_Transitions_Size
                0x000034a8                CLOCK_Container_Transitions
                0x000034cc                STATE_CLOCK_C_ISEDITINGMins_Transitions
                0x000034fc                STATE_CLOCK_C_ISEDITINGHOURS_Transitions
                0x0000352c                STATE_CLOCK_C_ISDISPLAYING_Transitions
 .rodata.str1.4
                0x00003544       0x3a .\CortexM3\ARM_GCC_541\Debug\swc_input.o
 *fill*         0x0000357e        0x2 
 .rodata        0x00003580        0xa .\CortexM3\ARM_GCC_541\Debug\tsk_control.o
                0x00003580                RTE_eventActivationTable_tsk_control
                0x00003588                RTE_eventActivation_tsk_control_size
 *fill*         0x0000358a        0x2 
 .rodata        0x0000358c       0x12 .\CortexM3\ARM_GCC_541\Debug\tsk_display.o
                0x0000358c                RTE_cyclicActivationTable_tsk_display
                0x0000359c                RTE_cyclicActivation_tsk_display_size
 *fill*         0x0000359e        0x2 
 .rodata        0x000035a0       0x1c .\CortexM3\ARM_GCC_541\Debug\tsk_input.o
                0x000035a0                RTE_eventActivationTable_tsk_input
                0x000035b8                RTE_eventActivation_tsk_input_size
                0x000035ba                RTE_cyclicActivation_tsk_input_size
                0x000035bc                RTE_cyclicActivationTable_tsk_input
 .rodata        0x000035bc      0x558 .\CortexM3\ARM_GCC_541\Debug\tft.o
 .rodata.str1.4
                0x00003b14       0x14 .\CortexM3\ARM_GCC_541\Debug\tft.o
 .rodata.str1.4
                0x00003b28       0x14 .\CortexM3\ARM_GCC_541\Debug\logging.o
                                 0x18 (size before relaxing)
 .rodata        0x00003b3c       0x88 .\CortexM3\ARM_GCC_541\Debug\sp_common.o
                0x00003b98                so_events_updTasks
 .rodata        0x00003bc4       0x50 .\CortexM3\ARM_GCC_541\Debug\cyfitter_cfg.o
 .rodata        0x00003c14      0x100 .\CortexM3\ARM_GCC_541\Debug\ElectronicClock.a(ErikaOS_1_ee_lookup.o)
                0x00003c14                EE_rq_lookup
 .rodata        0x00003d14      0x170 .\CortexM3\ARM_GCC_541\Debug\ElectronicClock.a(ErikaOS_1_eecfg.o)
                0x00003d14                EE_oo_autostart_task_data
                0x00003d20                EE_oo_action_ROM
                0x00003d70                EE_oo_counter_object_ROM
                0x00003da0                EE_ALARM_ID
                0x00003db0                EE_alarm_ROM
                0x00003dc0                EE_counter_ROM
                0x00003dcc                EE_resource_ceiling
                0x00003dd8                EE_th_is_extended
                0x00003dec                EE_th_rnact_max
                0x00003e00                EE_th_dispatch_prio
                0x00003e14                EE_EVENT_ID
                0x00003e24                EE_RESOURCE_ID
                0x00003e30                EE_th_ready_prio
                0x00003e44                EE_terminate_real_th_body
                0x00003e58                EE_hal_thread_body
                0x00003e6c                EE_std_thread_tos
 .rodata.str1.4
                0x00003e84      0x100 .\CortexM3\ARM_GCC_541\Debug\ElectronicClock.a(ErikaOS_1_eecfg.o)
 .rodata.str1.1
                0x00003f84        0x2 c:/program files (x86)/cypress/psoc creator/4.4/psoc creator/import/gnu/arm/5.4.1/bin/../lib/gcc/arm-none-eabi/5.4.1/../../../../arm-none-eabi/lib/armv7-m\libg_nano.a(lib_a-impure.o)
                0x00003f88                . = ALIGN (0x4)
 *fill*         0x00003f86        0x2 
 *(.init)
 .init          0x00003f88        0x4 c:/program files (x86)/cypress/psoc creator/4.4/psoc creator/import/gnu/arm/5.4.1/bin/../lib/gcc/arm-none-eabi/5.4.1/armv7-m/crti.o
                0x00003f88                _init
 .init          0x00003f8c        0x8 c:/program files (x86)/cypress/psoc creator/4.4/psoc creator/import/gnu/arm/5.4.1/bin/../lib/gcc/arm-none-eabi/5.4.1/armv7-m/crtn.o
                0x00003f94                . = ALIGN (0x4)
                0x00003f94                __preinit_array_start = .
 *(.preinit_array)
                0x00003f94                __preinit_array_end = .
                0x00003f94                . = ALIGN (0x4)
                0x00003f94                __init_array_start = .
 *(SORT(.init_array.*))
 *(.init_array)
 .init_array    0x00003f94        0x4 c:/program files (x86)/cypress/psoc creator/4.4/psoc creator/import/gnu/arm/5.4.1/bin/../lib/gcc/arm-none-eabi/5.4.1/armv7-m/crtbegin.o
 .init_array    0x00003f98        0x4 .\CortexM3\ARM_GCC_541\Debug\Cm3Start.o
                0x00003f9c                __init_array_end = .
                0x00003f9c                . = ALIGN (0x4)
 *(.fini)
 .fini          0x00003f9c        0x4 c:/program files (x86)/cypress/psoc creator/4.4/psoc creator/import/gnu/arm/5.4.1/bin/../lib/gcc/arm-none-eabi/5.4.1/armv7-m/crti.o
                0x00003f9c                _fini
 .fini          0x00003fa0        0x8 c:/program files (x86)/cypress/psoc creator/4.4/psoc creator/import/gnu/arm/5.4.1/bin/../lib/gcc/arm-none-eabi/5.4.1/armv7-m/crtn.o
                0x00003fa8                . = ALIGN (0x4)
                0x00003fa8                __fini_array_start = .
 *(.fini_array)
 .fini_array    0x00003fa8        0x4 c:/program files (x86)/cypress/psoc creator/4.4/psoc creator/import/gnu/arm/5.4.1/bin/../lib/gcc/arm-none-eabi/5.4.1/armv7-m/crtbegin.o
 *(SORT(.fini_array.*))
                0x00003fac                __fini_array_end = .
                0x00003fac                . = ALIGN (0x4)
 *crtbegin.o(.ctors)
 *(EXCLUDE_FILE(*crtend.o) .ctors)
 *(SORT(.ctors.*))
 *crtend.o(.ctors)
                0x00003fac                . = ALIGN (0x4)
 *crtbegin.o(.dtors)
 *(EXCLUDE_FILE(*crtend.o) .dtors)
 *(SORT(.dtors.*))
 *crtend.o(.dtors)
                0x00003fac                . = ALIGN (0x4)
                0x00003fac                __cy_regions = .
                0x00003fac        0x4 LONG 0x3fc0 __cy_region_init_ram
                0x00003fb0        0x4 LONG 0x1fff80c8 __cy_region_start_data
                0x00003fb4        0x4 LONG 0x318 __cy_region_init_size_ram
                0x00003fb8        0x4 LONG 0x1c48 __cy_region_zero_size_ram
                0x00003fbc                __cy_regions_end = .
                0x00003fc0                . = ALIGN (0x8)
 *fill*         0x00003fbc        0x4 
                0x00003fc0                _etext = .

.cy_checksum_exclude
                0x00003fc0        0x0
 *(.cy_checksum_exclude)

.ramvectors     0x1fff8000       0xc0
                0x1fff8000                __cy_region_start_ram = .
 *(.ramvectors)
 .ramvectors    0x1fff8000       0xc0 .\CortexM3\ARM_GCC_541\Debug\Cm3Start.o
                0x1fff8000                CyRamVectors

.noinit         0x1fff80c0        0x1
 *(.noinit)
 .noinit        0x1fff80c0        0x1 .\CortexM3\ARM_GCC_541\Debug\ElectronicClock.a(CyLib.o)
                0x1fff80c0                CyResetStatus

.data           0x1fff80c8      0x318 load address 0x00003fc0
                0x1fff80c8                __cy_region_start_data = .
 *(.jcr)
 .jcr           0x1fff80c8        0x0 c:/program files (x86)/cypress/psoc creator/4.4/psoc creator/import/gnu/arm/5.4.1/bin/../lib/gcc/arm-none-eabi/5.4.1/armv7-m/crtbegin.o
 .jcr           0x1fff80c8        0x4 c:/program files (x86)/cypress/psoc creator/4.4/psoc creator/import/gnu/arm/5.4.1/bin/../lib/gcc/arm-none-eabi/5.4.1/armv7-m/crtend.o
 *(.got.plt)
 *(.got)
 *(.shdata)
 *(.data .data.* .gnu.linkonce.d.*)
 .data          0x1fff80cc       0x20 .\CortexM3\ARM_GCC_541\Debug\swc_control.o
                0x1fff80cc                CLOCK_Widget_FSM
                0x1fff80dc                CLOCK_CONTAINER_FSM
 .data          0x1fff80ec        0x1 .\CortexM3\ARM_GCC_541\Debug\swc_input.o
 .data          0x1fff80ed        0x1 .\CortexM3\ARM_GCC_541\Debug\swc_output.o
 *fill*         0x1fff80ee        0x2 
 .data          0x1fff80f0       0xfc .\CortexM3\ARM_GCC_541\Debug\sp_common.o
                0x1fff80f0                SO_BUTTONS_signal
                0x1fff80fc                SO_EVENTS_signal
                0x1fff81d8                SO_CLOCKDATA_signal
 .data          0x1fff81ec      0x178 .\CortexM3\ARM_GCC_541\Debug\ElectronicClock.a(ErikaOS_1_eecfg.o)
                0x1fff81ec                EE_ALARM_NAME
                0x1fff81fc                EE_counter_RAM
                0x1fff8204                EE_resource_stack
                0x1fff8210                EE_th_resource_last
                0x1fff8224                EE_th_terminate_nextask
                0x1fff8238                EE_rq_pairs_next
                0x1fff824c                EE_rq_link
                0x1fff8260                EE_th_rnact
                0x1fff8274                EE_rq_queues_tail
                0x1fff82b4                EE_rq_queues_head
                0x1fff82f4                EE_stkfirst
                0x1fff82f8                EE_th_next
                0x1fff830c                EE_th_status
                0x1fff8320                EE_EVENT_NAME
                0x1fff8330                EE_RESOURCE_NAME
                0x1fff833c                EE_TASK_NAME
                0x1fff8350                EE_cortex_mx_IRQ_tos
                0x1fff8354                EE_cortex_mx_system_tos
 .data          0x1fff8364       0x10 .\CortexM3\ARM_GCC_541\Debug\ElectronicClock.a(CyLib.o)
                0x1fff8364                cydelay_32k_ms
                0x1fff8368                cydelay_freq_khz
                0x1fff836c                cydelay_freq_mhz
                0x1fff8370                cydelay_freq_hz
 .data          0x1fff8374        0x4 .\CortexM3\ARM_GCC_541\Debug\ElectronicClock.a(ErikaOS_1_ee_gnu_irq_stack.o)
 .data.impure_data
                0x1fff8378       0x60 c:/program files (x86)/cypress/psoc creator/4.4/psoc creator/import/gnu/arm/5.4.1/bin/../lib/gcc/arm-none-eabi/5.4.1/../../../../arm-none-eabi/lib/armv7-m\libg_nano.a(lib_a-impure.o)
 .data._impure_ptr
                0x1fff83d8        0x4 c:/program files (x86)/cypress/psoc creator/4.4/psoc creator/import/gnu/arm/5.4.1/bin/../lib/gcc/arm-none-eabi/5.4.1/../../../../arm-none-eabi/lib/armv7-m\libg_nano.a(lib_a-impure.o)
                0x1fff83d8                _impure_ptr
                0x1fff83e0                . = ALIGN (0x8)
 *fill*         0x1fff83dc        0x4 
 *(.ram)
                0x1fff83e0                _edata = .

.igot.plt       0x1fff83e0        0x0 load address 0x000042d8
 .igot.plt      0x1fff83e0        0x0 c:/program files (x86)/cypress/psoc creator/4.4/psoc creator/import/gnu/arm/5.4.1/bin/../lib/gcc/arm-none-eabi/5.4.1/armv7-m/crtbegin.o

.bss            0x1fff83e0     0x1c48 load address 0x000042d8
                0x1fff83e0                PROVIDE (__bss_start__, .)
 *(.shbss)
 *(.bss .bss.* .gnu.linkonce.b.*)
 .bss           0x1fff83e0       0x1c c:/program files (x86)/cypress/psoc creator/4.4/psoc creator/import/gnu/arm/5.4.1/bin/../lib/gcc/arm-none-eabi/5.4.1/armv7-m/crtbegin.o
 .bss           0x1fff83fc       0x18 .\CortexM3\ARM_GCC_541\Debug\swc_input.o
 .bss           0x1fff8414        0x4 .\CortexM3\ARM_GCC_541\Debug\tsk_display.o
 .bss           0x1fff8418       0xe6 .\CortexM3\ARM_GCC_541\Debug\tft.o
 *fill*         0x1fff84fe        0x2 
 .bss           0x1fff8500       0x58 .\CortexM3\ARM_GCC_541\Debug\ElectronicClock.a(ErikaOS_1_eecfg.o)
                0x1fff8500                EE_resource_locked
                0x1fff850c                EE_th_waswaiting
                0x1fff8520                EE_th_event_waitmask
                0x1fff8534                EE_th_event_active
                0x1fff8548                EE_rq_free
                0x1fff854c                EE_rq_bitmask
                0x1fff8550                EE_sys_ceiling
                0x1fff8554                EE_cortex_mx_active_tos
 .bss           0x1fff8558        0x1 .\CortexM3\ARM_GCC_541\Debug\ElectronicClock.a(TFT_SPI.o)
                0x1fff8558                TFT_SPI_initVar
 .bss           0x1fff8559        0x1 .\CortexM3\ARM_GCC_541\Debug\ElectronicClock.a(TFT_BackLight.o)
                0x1fff8559                TFT_BackLight_initVar
 .bss           0x1fff855a        0x9 .\CortexM3\ARM_GCC_541\Debug\ElectronicClock.a(UART_Logs.o)
                0x1fff855a                UART_Logs_errorStatus
                0x1fff855b                UART_Logs_initVar
                0x1fff855c                UART_Logs_rxBufferRead
                0x1fff855d                UART_Logs_rxBufferWrite
                0x1fff855e                UART_Logs_rxBufferLoopDetect
                0x1fff855f                UART_Logs_rxBufferOverflow
                0x1fff8560                UART_Logs_txBufferRead
                0x1fff8561                UART_Logs_txBufferWrite
 *(COMMON)
 *fill*         0x1fff8563        0x1 
 COMMON         0x1fff8564        0x8 .\CortexM3\ARM_GCC_541\Debug\ElectronicClock.a(ErikaOS_1_ee_lookup.o)
                0x1fff8564                EE_oo_IRQ_disable_count
                0x1fff8568                EE_oo_IRQ_suspend_status
 COMMON         0x1fff856c        0x4 .\CortexM3\ARM_GCC_541\Debug\ElectronicClock.a(ErikaOS_1_ee_startos.o)
                0x1fff856c                EE_oo_started
 COMMON         0x1fff8570        0x8 .\CortexM3\ARM_GCC_541\Debug\ElectronicClock.a(ErikaOS_1_common_ee_hal_structs.o)
                0x1fff8570                EE_IRQ_nesting_level
                0x1fff8574                EE_std_endcycle_next_tid
 COMMON         0x1fff8578     0x19e8 .\CortexM3\ARM_GCC_541\Debug\ElectronicClock.a(ErikaOS_1_eecfg.o)
                0x1fff8578                EE_cortex_mx_stack_3
                0x1fff8d48                EE_rq_pairs_tid
                0x1fff8d5c                EE_terminate_data
                0x1fff8d70                EE_oo_counter_object_RAM
                0x1fff8db0                EE_resource_oldceiling
                0x1fff8dbc                EE_cortex_mx_stack_5
                0x1fff958c                EE_ApplicationMode
                0x1fff9590                EE_cortex_mx_stack_4
                0x1fff9d60                EE_cortex_mx_stack_9
 COMMON         0x1fff9f60       0xc8 .\CortexM3\ARM_GCC_541\Debug\ElectronicClock.a(UART_Logs.o)
                0x1fff9f60                UART_Logs_txBuffer
                0x1fff9fc4                UART_Logs_rxBuffer
                0x1fffa028                . = ALIGN (0x8)
 *(.ram.b)
                0x1fffa028                _end = .
                0x1fffa028                __end = .
                0x1fffa028                PROVIDE (end, .)
                0x1fffa028                PROVIDE (__bss_end__, .)
                0x00003fc0                __cy_region_init_ram = LOADADDR (.data)
                0x00000318                __cy_region_init_size_ram = (_edata - ADDR (.data))
                0x00001c48                __cy_region_zero_size_ram = (_end - _edata)

.heap           0x1fffa028       0x80 load address 0x000042d8
                0x1fffa028                . = _end
                0x1fffa0a8                . = (. + 0x80)
 *fill*         0x1fffa028       0x80 
                0x1fffa0a8                __cy_heap_limit = .

.stack          0x20007800      0x800
                0x20007800                __cy_stack_limit = .
                0x20008000                . = (. + 0x800)
 *fill*         0x20007800      0x800 
                0x00000001                ASSERT ((__cy_stack_limit >= __cy_heap_limit), region RAM overflowed with stack)
                0x00000000                cy_checksum_exclude_size = (CY_APPL_LOADABLE == 0x1)?SIZEOF (.cy_checksum_exclude):0x0
                0x00000001                ASSERT ((cy_checksum_exclude_size <= CY_CHECKSUM_EXCLUDE_SIZE), CY_BOOT: Section .cy_checksum_exclude size exceedes specified limit.)

.cyloadermeta
 *(.cyloadermeta)

.cyloadablemeta
 *(.cyloadablemeta)

.cyconfigecc    0x80000000      0x610
 *(.cyconfigecc)
 .cyconfigecc   0x80000000      0x610 .\CortexM3\ARM_GCC_541\Debug\cymetadata.o
                0x80000000                cy_meta_configecc

.cycustnvl      0x90000000        0x4
 *(.cycustnvl)
 .cycustnvl     0x90000000        0x4 .\CortexM3\ARM_GCC_541\Debug\cymetadata.o
                0x90000000                cy_meta_custnvl

.cywolatch      0x90100000        0x4
 *(.cywolatch)
 .cywolatch     0x90100000        0x4 .\CortexM3\ARM_GCC_541\Debug\cymetadata.o
                0x90100000                cy_meta_wonvl

.cyeeprom       0x90200000        0x0
 *(.cyeeprom)
                0x00000001                ASSERT ((. <= ((0x90200000 + ee_offset) + ee_size)), .cyeeprom data will not fit in EEPROM)

.cyflashprotect
                0x90400000      0x100
 *(.cyflashprotect)
 .cyflashprotect
                0x90400000      0x100 .\CortexM3\ARM_GCC_541\Debug\cymetadata.o
                0x90400000                cy_meta_flashprotect

.cymeta         0x90500000        0xc
 *(.cymeta)
 .cymeta        0x90500000        0xc .\CortexM3\ARM_GCC_541\Debug\cymetadata.o
                0x90500000                cy_metadata

.rel.dyn        0x000042d8        0x0 load address 0x9050000c
 .rel.iplt      0x000042d8        0x0 c:/program files (x86)/cypress/psoc creator/4.4/psoc creator/import/gnu/arm/5.4.1/bin/../lib/gcc/arm-none-eabi/5.4.1/armv7-m/crtbegin.o

.stab
 *(.stab)

.stabstr
 *(.stabstr)

.debug
 *(.debug)

.line
 *(.line)

.debug_srcinfo
 *(.debug_srcinfo)

.debug_sfnames
 *(.debug_sfnames)

.debug_aranges  0x00000000     0x1268
 *(.debug_aranges)
 .debug_aranges
                0x00000000       0x48 .\CortexM3\ARM_GCC_541\Debug\main.o
 .debug_aranges
                0x00000048       0x98 .\CortexM3\ARM_GCC_541\Debug\swc_control.o
 .debug_aranges
                0x000000e0       0x30 .\CortexM3\ARM_GCC_541\Debug\swc_input.o
 .debug_aranges
                0x00000110       0x28 .\CortexM3\ARM_GCC_541\Debug\swc_output.o
 .debug_aranges
                0x00000138       0x20 .\CortexM3\ARM_GCC_541\Debug\tsk_control.o
 .debug_aranges
                0x00000158       0x20 .\CortexM3\ARM_GCC_541\Debug\tsk_display.o
 .debug_aranges
                0x00000178       0x30 .\CortexM3\ARM_GCC_541\Debug\tsk_input.o
 .debug_aranges
                0x000001a8      0x178 .\CortexM3\ARM_GCC_541\Debug\tft.o
 .debug_aranges
                0x00000320       0x28 .\CortexM3\ARM_GCC_541\Debug\logging.o
 .debug_aranges
                0x00000348       0x28 .\CortexM3\ARM_GCC_541\Debug\button.o
 .debug_aranges
                0x00000370       0x30 .\CortexM3\ARM_GCC_541\Debug\statemachine.o
 .debug_aranges
                0x000003a0       0x28 .\CortexM3\ARM_GCC_541\Debug\rte.o
 .debug_aranges
                0x000003c8       0x20 .\CortexM3\ARM_GCC_541\Debug\sc_buttons_type.o
 .debug_aranges
                0x000003e8       0x20 .\CortexM3\ARM_GCC_541\Debug\sc_clockdata_type.o
 .debug_aranges
                0x00000408       0x28 .\CortexM3\ARM_GCC_541\Debug\sp_common.o
 .debug_aranges
                0x00000430       0x58 .\CortexM3\ARM_GCC_541\Debug\cyfitter_cfg.o
 .debug_aranges
                0x00000488       0x18 .\CortexM3\ARM_GCC_541\Debug\cymetadata.o
 .debug_aranges
                0x000004a0       0x48 .\CortexM3\ARM_GCC_541\Debug\Cm3Start.o
 .debug_aranges
                0x000004e8       0x20 .\CortexM3\ARM_GCC_541\Debug\ElectronicClock.a(ErikaOS_1_ee_activate.o)
 .debug_aranges
                0x00000508       0x20 .\CortexM3\ARM_GCC_541\Debug\ElectronicClock.a(ErikaOS_1_ee_alcancel.o)
 .debug_aranges
                0x00000528       0x20 .\CortexM3\ARM_GCC_541\Debug\ElectronicClock.a(ErikaOS_1_ee_alsetrel.o)
 .debug_aranges
                0x00000548       0x58 .\CortexM3\ARM_GCC_541\Debug\ElectronicClock.a(ErikaOS_1_ee_altick.o)
 .debug_aranges
                0x000005a0       0x20 .\CortexM3\ARM_GCC_541\Debug\ElectronicClock.a(ErikaOS_1_ee_evclear.o)
 .debug_aranges
                0x000005c0       0x20 .\CortexM3\ARM_GCC_541\Debug\ElectronicClock.a(ErikaOS_1_ee_evget.o)
 .debug_aranges
                0x000005e0       0x20 .\CortexM3\ARM_GCC_541\Debug\ElectronicClock.a(ErikaOS_1_ee_evset.o)
 .debug_aranges
                0x00000600       0x20 .\CortexM3\ARM_GCC_541\Debug\ElectronicClock.a(ErikaOS_1_ee_evwait.o)
 .debug_aranges
                0x00000620       0x30 .\CortexM3\ARM_GCC_541\Debug\ElectronicClock.a(ErikaOS_1_ee_irqendin.o)
 .debug_aranges
                0x00000650       0x20 .\CortexM3\ARM_GCC_541\Debug\ElectronicClock.a(ErikaOS_1_ee_lockres.o)
 .debug_aranges
                0x00000670       0x18 .\CortexM3\ARM_GCC_541\Debug\ElectronicClock.a(ErikaOS_1_ee_lookup.o)
 .debug_aranges
                0x00000688       0x20 .\CortexM3\ARM_GCC_541\Debug\ElectronicClock.a(ErikaOS_1_ee_rq_exchg.o)
 .debug_aranges
                0x000006a8       0x20 .\CortexM3\ARM_GCC_541\Debug\ElectronicClock.a(ErikaOS_1_ee_rq_first.o)
 .debug_aranges
                0x000006c8       0x20 .\CortexM3\ARM_GCC_541\Debug\ElectronicClock.a(ErikaOS_1_ee_rq_inser.o)
 .debug_aranges
                0x000006e8       0x40 .\CortexM3\ARM_GCC_541\Debug\ElectronicClock.a(ErikaOS_1_ee_startos.o)
 .debug_aranges
                0x00000728       0x20 .\CortexM3\ARM_GCC_541\Debug\ElectronicClock.a(ErikaOS_1_ee_terminat.o)
 .debug_aranges
                0x00000748       0x20 .\CortexM3\ARM_GCC_541\Debug\ElectronicClock.a(ErikaOS_1_ee_ulockres.o)
 .debug_aranges
                0x00000768       0x20 .\CortexM3\ARM_GCC_541\Debug\ElectronicClock.a(ErikaOS_1_cortex_mx_ee_utils.o)
 .debug_aranges
                0x00000788       0x18 .\CortexM3\ARM_GCC_541\Debug\ElectronicClock.a(ErikaOS_1_common_ee_hal_structs.o)
 .debug_aranges
                0x000007a0       0x18 .\CortexM3\ARM_GCC_541\Debug\ElectronicClock.a(ErikaOS_1_eecfg.o)
 .debug_aranges
                0x000007b8      0x2a0 .\CortexM3\ARM_GCC_541\Debug\ElectronicClock.a(CyLib.o)
 .debug_aranges
                0x00000a58       0x98 .\CortexM3\ARM_GCC_541\Debug\ElectronicClock.a(cyPm.o)
 .debug_aranges
                0x00000af0       0x38 .\CortexM3\ARM_GCC_541\Debug\ElectronicClock.a(BUTTON_1.o)
 .debug_aranges
                0x00000b28       0x80 .\CortexM3\ARM_GCC_541\Debug\ElectronicClock.a(isr_Button.o)
 .debug_aranges
                0x00000ba8       0x38 .\CortexM3\ARM_GCC_541\Debug\ElectronicClock.a(BUTTON_2.o)
 .debug_aranges
                0x00000be0       0x38 .\CortexM3\ARM_GCC_541\Debug\ElectronicClock.a(BUTTON_3.o)
 .debug_aranges
                0x00000c18       0x38 .\CortexM3\ARM_GCC_541\Debug\ElectronicClock.a(BUTTON_4.o)
 .debug_aranges
                0x00000c50       0xd8 .\CortexM3\ARM_GCC_541\Debug\ElectronicClock.a(TFT_SPI.o)
 .debug_aranges
                0x00000d28       0x38 .\CortexM3\ARM_GCC_541\Debug\ElectronicClock.a(TFT_DC.o)
 .debug_aranges
                0x00000d60       0x38 .\CortexM3\ARM_GCC_541\Debug\ElectronicClock.a(TFT_RES.o)
 .debug_aranges
                0x00000d98       0x78 .\CortexM3\ARM_GCC_541\Debug\ElectronicClock.a(TFT_BackLight.o)
 .debug_aranges
                0x00000e10       0x70 .\CortexM3\ARM_GCC_541\Debug\ElectronicClock.a(TFT_SPI_IntClock.o)
 .debug_aranges
                0x00000e80       0xf0 .\CortexM3\ARM_GCC_541\Debug\ElectronicClock.a(UART_Logs.o)
 .debug_aranges
                0x00000f70       0x28 .\CortexM3\ARM_GCC_541\Debug\ElectronicClock.a(UART_Logs_INT.o)
 .debug_aranges
                0x00000f98       0x70 .\CortexM3\ARM_GCC_541\Debug\ElectronicClock.a(UART_Logs_IntClock.o)
 .debug_aranges
                0x00001008       0x20 .\CortexM3\ARM_GCC_541\Debug\ElectronicClock.a(ErikaOS_1_ee_gnu_change_context_isr.o)
 .debug_aranges
                0x00001028       0x20 .\CortexM3\ARM_GCC_541\Debug\ElectronicClock.a(ErikaOS_1_ee_gnu_irq_stack.o)
 .debug_aranges
                0x00001048       0x20 .\CortexM3\ARM_GCC_541\Debug\ElectronicClock.a(ErikaOS_1_ee_gnu_multi_context.o)
 .debug_aranges
                0x00001068       0x20 .\CortexM3\ARM_GCC_541\Debug\ElectronicClock.a(ErikaOS_1_ee_gnu_oo.o)
 .debug_aranges
                0x00001088       0x20 .\CortexM3\ARM_GCC_541\Debug\ElectronicClock.a(CyBootAsmGnu.o)
 .debug_aranges
                0x000010a8       0x20 .\CortexM3\ARM_GCC_541\Debug\ElectronicClock.a(ErikaOS_1_ee_tnterm.o)
 .debug_aranges
                0x000010c8       0x20 .\CortexM3\ARM_GCC_541\Debug\ElectronicClock.a(ErikaOS_1_ee_tstub.o)
 .debug_aranges
                0x000010e8       0x20 .\CortexM3\ARM_GCC_541\Debug\ElectronicClock.a(ErikaOS_1_ee_ulockallres.o)
 .debug_aranges
                0x00001108       0x28 .\CortexM3\ARM_GCC_541\Debug\ElectronicClock.a(ErikaOS_1_cortex_mx_ee_context.o)
 .debug_aranges
                0x00001130       0x88 .\CortexM3\ARM_GCC_541\Debug\ElectronicClock.a(CyFlash.o)
 .debug_aranges
                0x000011b8       0x80 .\CortexM3\ARM_GCC_541\Debug\ElectronicClock.a(CySpc.o)
 .debug_aranges
                0x00001238       0x30 .\CortexM3\ARM_GCC_541\Debug\ElectronicClock.a(ErikaOS_1_ee_thendin.o)

.debug_pubnames
 *(.debug_pubnames)

.debug_info     0x00000000    0x18c97
 *(.debug_info .gnu.linkonce.wi.*)
 .debug_info    0x00000000      0x578 .\CortexM3\ARM_GCC_541\Debug\main.o
 .debug_info    0x00000578     0x12a1 .\CortexM3\ARM_GCC_541\Debug\swc_control.o
 .debug_info    0x00001819     0x111a .\CortexM3\ARM_GCC_541\Debug\swc_input.o
 .debug_info    0x00002933      0x858 .\CortexM3\ARM_GCC_541\Debug\swc_output.o
 .debug_info    0x0000318b      0x279 .\CortexM3\ARM_GCC_541\Debug\tsk_control.o
 .debug_info    0x00003404      0x252 .\CortexM3\ARM_GCC_541\Debug\tsk_display.o
 .debug_info    0x00003656      0x584 .\CortexM3\ARM_GCC_541\Debug\tsk_input.o
 .debug_info    0x00003bda     0x2733 .\CortexM3\ARM_GCC_541\Debug\tft.o
 .debug_info    0x0000630d      0x3b5 .\CortexM3\ARM_GCC_541\Debug\logging.o
 .debug_info    0x000066c2      0x2f7 .\CortexM3\ARM_GCC_541\Debug\button.o
 .debug_info    0x000069b9      0x55b .\CortexM3\ARM_GCC_541\Debug\statemachine.o
 .debug_info    0x00006f14      0x375 .\CortexM3\ARM_GCC_541\Debug\rte.o
 .debug_info    0x00007289      0x2b5 .\CortexM3\ARM_GCC_541\Debug\sc_buttons_type.o
 .debug_info    0x0000753e      0x567 .\CortexM3\ARM_GCC_541\Debug\sc_clockdata_type.o
 .debug_info    0x00007aa5      0xb17 .\CortexM3\ARM_GCC_541\Debug\sp_common.o
 .debug_info    0x000085bc      0x5cd .\CortexM3\ARM_GCC_541\Debug\cyfitter_cfg.o
 .debug_info    0x00008b89      0x137 .\CortexM3\ARM_GCC_541\Debug\cymetadata.o
 .debug_info    0x00008cc0      0x3bb .\CortexM3\ARM_GCC_541\Debug\Cm3Start.o
 .debug_info    0x0000907b      0x80d .\CortexM3\ARM_GCC_541\Debug\ElectronicClock.a(ErikaOS_1_ee_activate.o)
 .debug_info    0x00009888      0x5bd .\CortexM3\ARM_GCC_541\Debug\ElectronicClock.a(ErikaOS_1_ee_alcancel.o)
 .debug_info    0x00009e45      0x5e5 .\CortexM3\ARM_GCC_541\Debug\ElectronicClock.a(ErikaOS_1_ee_alsetrel.o)
 .debug_info    0x0000a42a      0xc3b .\CortexM3\ARM_GCC_541\Debug\ElectronicClock.a(ErikaOS_1_ee_altick.o)
 .debug_info    0x0000b065      0x5a7 .\CortexM3\ARM_GCC_541\Debug\ElectronicClock.a(ErikaOS_1_ee_evclear.o)
 .debug_info    0x0000b60c      0x4ca .\CortexM3\ARM_GCC_541\Debug\ElectronicClock.a(ErikaOS_1_ee_evget.o)
 .debug_info    0x0000bad6      0x7c3 .\CortexM3\ARM_GCC_541\Debug\ElectronicClock.a(ErikaOS_1_ee_evset.o)
 .debug_info    0x0000c299      0x85a .\CortexM3\ARM_GCC_541\Debug\ElectronicClock.a(ErikaOS_1_ee_evwait.o)
 .debug_info    0x0000caf3      0x5cb .\CortexM3\ARM_GCC_541\Debug\ElectronicClock.a(ErikaOS_1_ee_irqendin.o)
 .debug_info    0x0000d0be      0x60d .\CortexM3\ARM_GCC_541\Debug\ElectronicClock.a(ErikaOS_1_ee_lockres.o)
 .debug_info    0x0000d6cb      0x3d0 .\CortexM3\ARM_GCC_541\Debug\ElectronicClock.a(ErikaOS_1_ee_lookup.o)
 .debug_info    0x0000da9b      0x46f .\CortexM3\ARM_GCC_541\Debug\ElectronicClock.a(ErikaOS_1_ee_rq_exchg.o)
 .debug_info    0x0000df0a      0x421 .\CortexM3\ARM_GCC_541\Debug\ElectronicClock.a(ErikaOS_1_ee_rq_first.o)
 .debug_info    0x0000e32b      0x475 .\CortexM3\ARM_GCC_541\Debug\ElectronicClock.a(ErikaOS_1_ee_rq_inser.o)
 .debug_info    0x0000e7a0     0x2040 .\CortexM3\ARM_GCC_541\Debug\ElectronicClock.a(ErikaOS_1_ee_startos.o)
 .debug_info    0x000107e0      0x595 .\CortexM3\ARM_GCC_541\Debug\ElectronicClock.a(ErikaOS_1_ee_terminat.o)
 .debug_info    0x00010d75      0x7fb .\CortexM3\ARM_GCC_541\Debug\ElectronicClock.a(ErikaOS_1_ee_ulockres.o)
 .debug_info    0x00011570      0x513 .\CortexM3\ARM_GCC_541\Debug\ElectronicClock.a(ErikaOS_1_cortex_mx_ee_utils.o)
 .debug_info    0x00011a83      0x3cb .\CortexM3\ARM_GCC_541\Debug\ElectronicClock.a(ErikaOS_1_common_ee_hal_structs.o)
 .debug_info    0x00011e4e      0x991 .\CortexM3\ARM_GCC_541\Debug\ElectronicClock.a(ErikaOS_1_eecfg.o)
 .debug_info    0x000127df     0x1374 .\CortexM3\ARM_GCC_541\Debug\ElectronicClock.a(CyLib.o)
 .debug_info    0x00013b53      0xa2a .\CortexM3\ARM_GCC_541\Debug\ElectronicClock.a(cyPm.o)
 .debug_info    0x0001457d      0x11f .\CortexM3\ARM_GCC_541\Debug\ElectronicClock.a(BUTTON_1.o)
 .debug_info    0x0001469c      0x2d2 .\CortexM3\ARM_GCC_541\Debug\ElectronicClock.a(isr_Button.o)
 .debug_info    0x0001496e      0x11f .\CortexM3\ARM_GCC_541\Debug\ElectronicClock.a(BUTTON_2.o)
 .debug_info    0x00014a8d      0x11f .\CortexM3\ARM_GCC_541\Debug\ElectronicClock.a(BUTTON_3.o)
 .debug_info    0x00014bac      0x11f .\CortexM3\ARM_GCC_541\Debug\ElectronicClock.a(BUTTON_4.o)
 .debug_info    0x00014ccb      0x4bb .\CortexM3\ARM_GCC_541\Debug\ElectronicClock.a(TFT_SPI.o)
 .debug_info    0x00015186      0x11f .\CortexM3\ARM_GCC_541\Debug\ElectronicClock.a(TFT_DC.o)
 .debug_info    0x000152a5      0x11f .\CortexM3\ARM_GCC_541\Debug\ElectronicClock.a(TFT_RES.o)
 .debug_info    0x000153c4      0x27e .\CortexM3\ARM_GCC_541\Debug\ElectronicClock.a(TFT_BackLight.o)
 .debug_info    0x00015642      0x283 .\CortexM3\ARM_GCC_541\Debug\ElectronicClock.a(TFT_SPI_IntClock.o)
 .debug_info    0x000158c5      0x7ae .\CortexM3\ARM_GCC_541\Debug\ElectronicClock.a(UART_Logs.o)
 .debug_info    0x00016073      0x186 .\CortexM3\ARM_GCC_541\Debug\ElectronicClock.a(UART_Logs_INT.o)
 .debug_info    0x000161f9      0x283 .\CortexM3\ARM_GCC_541\Debug\ElectronicClock.a(UART_Logs_IntClock.o)
 .debug_info    0x0001647c       0xad .\CortexM3\ARM_GCC_541\Debug\ElectronicClock.a(ErikaOS_1_ee_gnu_change_context_isr.o)
 .debug_info    0x00016529       0xa4 .\CortexM3\ARM_GCC_541\Debug\ElectronicClock.a(ErikaOS_1_ee_gnu_irq_stack.o)
 .debug_info    0x000165cd       0xa8 .\CortexM3\ARM_GCC_541\Debug\ElectronicClock.a(ErikaOS_1_ee_gnu_multi_context.o)
 .debug_info    0x00016675       0x9d .\CortexM3\ARM_GCC_541\Debug\ElectronicClock.a(ErikaOS_1_ee_gnu_oo.o)
 .debug_info    0x00016712       0x96 .\CortexM3\ARM_GCC_541\Debug\ElectronicClock.a(CyBootAsmGnu.o)
 .debug_info    0x000167a8      0x473 .\CortexM3\ARM_GCC_541\Debug\ElectronicClock.a(ErikaOS_1_ee_tnterm.o)
 .debug_info    0x00016c1b      0x487 .\CortexM3\ARM_GCC_541\Debug\ElectronicClock.a(ErikaOS_1_ee_tstub.o)
 .debug_info    0x000170a2      0x45e .\CortexM3\ARM_GCC_541\Debug\ElectronicClock.a(ErikaOS_1_ee_ulockallres.o)
 .debug_info    0x00017500      0x501 .\CortexM3\ARM_GCC_541\Debug\ElectronicClock.a(ErikaOS_1_cortex_mx_ee_context.o)
 .debug_info    0x00017a01      0x64d .\CortexM3\ARM_GCC_541\Debug\ElectronicClock.a(CyFlash.o)
 .debug_info    0x0001804e      0x550 .\CortexM3\ARM_GCC_541\Debug\ElectronicClock.a(CySpc.o)
 .debug_info    0x0001859e      0x6f9 .\CortexM3\ARM_GCC_541\Debug\ElectronicClock.a(ErikaOS_1_ee_thendin.o)

.debug_abbrev   0x00000000     0x606e
 *(.debug_abbrev)
 .debug_abbrev  0x00000000      0x1fc .\CortexM3\ARM_GCC_541\Debug\main.o
 .debug_abbrev  0x000001fc      0x311 .\CortexM3\ARM_GCC_541\Debug\swc_control.o
 .debug_abbrev  0x0000050d      0x2d0 .\CortexM3\ARM_GCC_541\Debug\swc_input.o
 .debug_abbrev  0x000007dd      0x1ec .\CortexM3\ARM_GCC_541\Debug\swc_output.o
 .debug_abbrev  0x000009c9      0x158 .\CortexM3\ARM_GCC_541\Debug\tsk_control.o
 .debug_abbrev  0x00000b21      0x139 .\CortexM3\ARM_GCC_541\Debug\tsk_display.o
 .debug_abbrev  0x00000c5a      0x240 .\CortexM3\ARM_GCC_541\Debug\tsk_input.o
 .debug_abbrev  0x00000e9a      0x2bf .\CortexM3\ARM_GCC_541\Debug\tft.o
 .debug_abbrev  0x00001159      0x14a .\CortexM3\ARM_GCC_541\Debug\logging.o
 .debug_abbrev  0x000012a3      0x11c .\CortexM3\ARM_GCC_541\Debug\button.o
 .debug_abbrev  0x000013bf      0x183 .\CortexM3\ARM_GCC_541\Debug\statemachine.o
 .debug_abbrev  0x00001542      0x16b .\CortexM3\ARM_GCC_541\Debug\rte.o
 .debug_abbrev  0x000016ad       0xf4 .\CortexM3\ARM_GCC_541\Debug\sc_buttons_type.o
 .debug_abbrev  0x000017a1      0x148 .\CortexM3\ARM_GCC_541\Debug\sc_clockdata_type.o
 .debug_abbrev  0x000018e9      0x21b .\CortexM3\ARM_GCC_541\Debug\sp_common.o
 .debug_abbrev  0x00001b04      0x20d .\CortexM3\ARM_GCC_541\Debug\cyfitter_cfg.o
 .debug_abbrev  0x00001d11       0x77 .\CortexM3\ARM_GCC_541\Debug\cymetadata.o
 .debug_abbrev  0x00001d88      0x1e8 .\CortexM3\ARM_GCC_541\Debug\Cm3Start.o
 .debug_abbrev  0x00001f70      0x284 .\CortexM3\ARM_GCC_541\Debug\ElectronicClock.a(ErikaOS_1_ee_activate.o)
 .debug_abbrev  0x000021f4      0x1f8 .\CortexM3\ARM_GCC_541\Debug\ElectronicClock.a(ErikaOS_1_ee_alcancel.o)
 .debug_abbrev  0x000023ec      0x1f7 .\CortexM3\ARM_GCC_541\Debug\ElectronicClock.a(ErikaOS_1_ee_alsetrel.o)
 .debug_abbrev  0x000025e3      0x362 .\CortexM3\ARM_GCC_541\Debug\ElectronicClock.a(ErikaOS_1_ee_altick.o)
 .debug_abbrev  0x00002945      0x1e0 .\CortexM3\ARM_GCC_541\Debug\ElectronicClock.a(ErikaOS_1_ee_evclear.o)
 .debug_abbrev  0x00002b25      0x150 .\CortexM3\ARM_GCC_541\Debug\ElectronicClock.a(ErikaOS_1_ee_evget.o)
 .debug_abbrev  0x00002c75      0x27f .\CortexM3\ARM_GCC_541\Debug\ElectronicClock.a(ErikaOS_1_ee_evset.o)
 .debug_abbrev  0x00002ef4      0x25d .\CortexM3\ARM_GCC_541\Debug\ElectronicClock.a(ErikaOS_1_ee_evwait.o)
 .debug_abbrev  0x00003151      0x1da .\CortexM3\ARM_GCC_541\Debug\ElectronicClock.a(ErikaOS_1_ee_irqendin.o)
 .debug_abbrev  0x0000332b      0x1ef .\CortexM3\ARM_GCC_541\Debug\ElectronicClock.a(ErikaOS_1_ee_lockres.o)
 .debug_abbrev  0x0000351a       0xcf .\CortexM3\ARM_GCC_541\Debug\ElectronicClock.a(ErikaOS_1_ee_lookup.o)
 .debug_abbrev  0x000035e9       0xfc .\CortexM3\ARM_GCC_541\Debug\ElectronicClock.a(ErikaOS_1_ee_rq_exchg.o)
 .debug_abbrev  0x000036e5       0xed .\CortexM3\ARM_GCC_541\Debug\ElectronicClock.a(ErikaOS_1_ee_rq_first.o)
 .debug_abbrev  0x000037d2      0x109 .\CortexM3\ARM_GCC_541\Debug\ElectronicClock.a(ErikaOS_1_ee_rq_inser.o)
 .debug_abbrev  0x000038db      0x4a7 .\CortexM3\ARM_GCC_541\Debug\ElectronicClock.a(ErikaOS_1_ee_startos.o)
 .debug_abbrev  0x00003d82      0x1de .\CortexM3\ARM_GCC_541\Debug\ElectronicClock.a(ErikaOS_1_ee_terminat.o)
 .debug_abbrev  0x00003f60      0x277 .\CortexM3\ARM_GCC_541\Debug\ElectronicClock.a(ErikaOS_1_ee_ulockres.o)
 .debug_abbrev  0x000041d7      0x1e3 .\CortexM3\ARM_GCC_541\Debug\ElectronicClock.a(ErikaOS_1_cortex_mx_ee_utils.o)
 .debug_abbrev  0x000043ba       0xcf .\CortexM3\ARM_GCC_541\Debug\ElectronicClock.a(ErikaOS_1_common_ee_hal_structs.o)
 .debug_abbrev  0x00004489      0x130 .\CortexM3\ARM_GCC_541\Debug\ElectronicClock.a(ErikaOS_1_eecfg.o)
 .debug_abbrev  0x000045b9      0x254 .\CortexM3\ARM_GCC_541\Debug\ElectronicClock.a(CyLib.o)
 .debug_abbrev  0x0000480d      0x1ab .\CortexM3\ARM_GCC_541\Debug\ElectronicClock.a(cyPm.o)
 .debug_abbrev  0x000049b8       0x90 .\CortexM3\ARM_GCC_541\Debug\ElectronicClock.a(BUTTON_1.o)
 .debug_abbrev  0x00004a48      0x173 .\CortexM3\ARM_GCC_541\Debug\ElectronicClock.a(isr_Button.o)
 .debug_abbrev  0x00004bbb       0x90 .\CortexM3\ARM_GCC_541\Debug\ElectronicClock.a(BUTTON_2.o)
 .debug_abbrev  0x00004c4b       0x90 .\CortexM3\ARM_GCC_541\Debug\ElectronicClock.a(BUTTON_3.o)
 .debug_abbrev  0x00004cdb       0x90 .\CortexM3\ARM_GCC_541\Debug\ElectronicClock.a(BUTTON_4.o)
 .debug_abbrev  0x00004d6b      0x146 .\CortexM3\ARM_GCC_541\Debug\ElectronicClock.a(TFT_SPI.o)
 .debug_abbrev  0x00004eb1       0x90 .\CortexM3\ARM_GCC_541\Debug\ElectronicClock.a(TFT_DC.o)
 .debug_abbrev  0x00004f41       0x90 .\CortexM3\ARM_GCC_541\Debug\ElectronicClock.a(TFT_RES.o)
 .debug_abbrev  0x00004fd1      0x12d .\CortexM3\ARM_GCC_541\Debug\ElectronicClock.a(TFT_BackLight.o)
 .debug_abbrev  0x000050fe      0x139 .\CortexM3\ARM_GCC_541\Debug\ElectronicClock.a(TFT_SPI_IntClock.o)
 .debug_abbrev  0x00005237      0x16f .\CortexM3\ARM_GCC_541\Debug\ElectronicClock.a(UART_Logs.o)
 .debug_abbrev  0x000053a6       0xa2 .\CortexM3\ARM_GCC_541\Debug\ElectronicClock.a(UART_Logs_INT.o)
 .debug_abbrev  0x00005448      0x139 .\CortexM3\ARM_GCC_541\Debug\ElectronicClock.a(UART_Logs_IntClock.o)
 .debug_abbrev  0x00005581       0x14 .\CortexM3\ARM_GCC_541\Debug\ElectronicClock.a(ErikaOS_1_ee_gnu_change_context_isr.o)
 .debug_abbrev  0x00005595       0x14 .\CortexM3\ARM_GCC_541\Debug\ElectronicClock.a(ErikaOS_1_ee_gnu_irq_stack.o)
 .debug_abbrev  0x000055a9       0x14 .\CortexM3\ARM_GCC_541\Debug\ElectronicClock.a(ErikaOS_1_ee_gnu_multi_context.o)
 .debug_abbrev  0x000055bd       0x14 .\CortexM3\ARM_GCC_541\Debug\ElectronicClock.a(ErikaOS_1_ee_gnu_oo.o)
 .debug_abbrev  0x000055d1       0x14 .\CortexM3\ARM_GCC_541\Debug\ElectronicClock.a(CyBootAsmGnu.o)
 .debug_abbrev  0x000055e5      0x190 .\CortexM3\ARM_GCC_541\Debug\ElectronicClock.a(ErikaOS_1_ee_tnterm.o)
 .debug_abbrev  0x00005775      0x143 .\CortexM3\ARM_GCC_541\Debug\ElectronicClock.a(ErikaOS_1_ee_tstub.o)
 .debug_abbrev  0x000058b8       0xfc .\CortexM3\ARM_GCC_541\Debug\ElectronicClock.a(ErikaOS_1_ee_ulockallres.o)
 .debug_abbrev  0x000059b4      0x156 .\CortexM3\ARM_GCC_541\Debug\ElectronicClock.a(ErikaOS_1_cortex_mx_ee_context.o)
 .debug_abbrev  0x00005b0a      0x1a7 .\CortexM3\ARM_GCC_541\Debug\ElectronicClock.a(CyFlash.o)
 .debug_abbrev  0x00005cb1      0x194 .\CortexM3\ARM_GCC_541\Debug\ElectronicClock.a(CySpc.o)
 .debug_abbrev  0x00005e45      0x229 .\CortexM3\ARM_GCC_541\Debug\ElectronicClock.a(ErikaOS_1_ee_thendin.o)

.debug_line     0x00000000     0x8953
 *(.debug_line)
 .debug_line    0x00000000      0x40d .\CortexM3\ARM_GCC_541\Debug\main.o
 .debug_line    0x0000040d      0x5e2 .\CortexM3\ARM_GCC_541\Debug\swc_control.o
 .debug_line    0x000009ef      0x4e9 .\CortexM3\ARM_GCC_541\Debug\swc_input.o
 .debug_line    0x00000ed8      0x3e5 .\CortexM3\ARM_GCC_541\Debug\swc_output.o
 .debug_line    0x000012bd      0x28d .\CortexM3\ARM_GCC_541\Debug\tsk_control.o
 .debug_line    0x0000154a      0x283 .\CortexM3\ARM_GCC_541\Debug\tsk_display.o
 .debug_line    0x000017cd      0x3c5 .\CortexM3\ARM_GCC_541\Debug\tsk_input.o
 .debug_line    0x00001b92      0x8c7 .\CortexM3\ARM_GCC_541\Debug\tft.o
 .debug_line    0x00002459      0x26c .\CortexM3\ARM_GCC_541\Debug\logging.o
 .debug_line    0x000026c5      0x2a6 .\CortexM3\ARM_GCC_541\Debug\button.o
 .debug_line    0x0000296b      0x11c .\CortexM3\ARM_GCC_541\Debug\statemachine.o
 .debug_line    0x00002a87      0x28f .\CortexM3\ARM_GCC_541\Debug\rte.o
 .debug_line    0x00002d16        0x0 .\CortexM3\ARM_GCC_541\Debug\sc_buttons.o
 .debug_line    0x00002d16      0x29b .\CortexM3\ARM_GCC_541\Debug\sc_buttons_type.o
 .debug_line    0x00002fb1        0x0 .\CortexM3\ARM_GCC_541\Debug\sc_clockdata.o
 .debug_line    0x00002fb1      0x2b4 .\CortexM3\ARM_GCC_541\Debug\sc_clockdata_type.o
 .debug_line    0x00003265        0x0 .\CortexM3\ARM_GCC_541\Debug\sc_events.o
 .debug_line    0x00003265      0x3cf .\CortexM3\ARM_GCC_541\Debug\sp_common.o
 .debug_line    0x00003634      0x1f7 .\CortexM3\ARM_GCC_541\Debug\cyfitter_cfg.o
 .debug_line    0x0000382b      0x141 .\CortexM3\ARM_GCC_541\Debug\cymetadata.o
 .debug_line    0x0000396c      0x234 .\CortexM3\ARM_GCC_541\Debug\Cm3Start.o
 .debug_line    0x00003ba0      0x1fa .\CortexM3\ARM_GCC_541\Debug\ElectronicClock.a(ErikaOS_1_ee_activate.o)
 .debug_line    0x00003d9a      0x1d3 .\CortexM3\ARM_GCC_541\Debug\ElectronicClock.a(ErikaOS_1_ee_alcancel.o)
 .debug_line    0x00003f6d      0x1d1 .\CortexM3\ARM_GCC_541\Debug\ElectronicClock.a(ErikaOS_1_ee_alsetrel.o)
 .debug_line    0x0000413e      0x305 .\CortexM3\ARM_GCC_541\Debug\ElectronicClock.a(ErikaOS_1_ee_altick.o)
 .debug_line    0x00004443      0x1d5 .\CortexM3\ARM_GCC_541\Debug\ElectronicClock.a(ErikaOS_1_ee_evclear.o)
 .debug_line    0x00004618      0x15b .\CortexM3\ARM_GCC_541\Debug\ElectronicClock.a(ErikaOS_1_ee_evget.o)
 .debug_line    0x00004773      0x1f7 .\CortexM3\ARM_GCC_541\Debug\ElectronicClock.a(ErikaOS_1_ee_evset.o)
 .debug_line    0x0000496a      0x205 .\CortexM3\ARM_GCC_541\Debug\ElectronicClock.a(ErikaOS_1_ee_evwait.o)
 .debug_line    0x00004b6f      0x1a0 .\CortexM3\ARM_GCC_541\Debug\ElectronicClock.a(ErikaOS_1_ee_irqendin.o)
 .debug_line    0x00004d0f      0x1f1 .\CortexM3\ARM_GCC_541\Debug\ElectronicClock.a(ErikaOS_1_ee_lockres.o)
 .debug_line    0x00004f00      0x119 .\CortexM3\ARM_GCC_541\Debug\ElectronicClock.a(ErikaOS_1_ee_lookup.o)
 .debug_line    0x00005019      0x15b .\CortexM3\ARM_GCC_541\Debug\ElectronicClock.a(ErikaOS_1_ee_rq_exchg.o)
 .debug_line    0x00005174      0x152 .\CortexM3\ARM_GCC_541\Debug\ElectronicClock.a(ErikaOS_1_ee_rq_first.o)
 .debug_line    0x000052c6      0x156 .\CortexM3\ARM_GCC_541\Debug\ElectronicClock.a(ErikaOS_1_ee_rq_inser.o)
 .debug_line    0x0000541c      0x3fa .\CortexM3\ARM_GCC_541\Debug\ElectronicClock.a(ErikaOS_1_ee_startos.o)
 .debug_line    0x00005816      0x1c4 .\CortexM3\ARM_GCC_541\Debug\ElectronicClock.a(ErikaOS_1_ee_terminat.o)
 .debug_line    0x000059da      0x215 .\CortexM3\ARM_GCC_541\Debug\ElectronicClock.a(ErikaOS_1_ee_ulockres.o)
 .debug_line    0x00005bef      0x184 .\CortexM3\ARM_GCC_541\Debug\ElectronicClock.a(ErikaOS_1_cortex_mx_ee_utils.o)
 .debug_line    0x00005d73       0xf9 .\CortexM3\ARM_GCC_541\Debug\ElectronicClock.a(ErikaOS_1_common_ee_hal_structs.o)
 .debug_line    0x00005e6c      0x13c .\CortexM3\ARM_GCC_541\Debug\ElectronicClock.a(ErikaOS_1_eecfg.o)
 .debug_line    0x00005fa8      0x816 .\CortexM3\ARM_GCC_541\Debug\ElectronicClock.a(CyLib.o)
 .debug_line    0x000067be      0x367 .\CortexM3\ARM_GCC_541\Debug\ElectronicClock.a(cyPm.o)
 .debug_line    0x00006b25       0x95 .\CortexM3\ARM_GCC_541\Debug\ElectronicClock.a(BUTTON_1.o)
 .debug_line    0x00006bba      0x137 .\CortexM3\ARM_GCC_541\Debug\ElectronicClock.a(isr_Button.o)
 .debug_line    0x00006cf1       0x95 .\CortexM3\ARM_GCC_541\Debug\ElectronicClock.a(BUTTON_2.o)
 .debug_line    0x00006d86       0x95 .\CortexM3\ARM_GCC_541\Debug\ElectronicClock.a(BUTTON_3.o)
 .debug_line    0x00006e1b       0x95 .\CortexM3\ARM_GCC_541\Debug\ElectronicClock.a(BUTTON_4.o)
 .debug_line    0x00006eb0      0x249 .\CortexM3\ARM_GCC_541\Debug\ElectronicClock.a(TFT_SPI.o)
 .debug_line    0x000070f9       0x93 .\CortexM3\ARM_GCC_541\Debug\ElectronicClock.a(TFT_DC.o)
 .debug_line    0x0000718c       0x94 .\CortexM3\ARM_GCC_541\Debug\ElectronicClock.a(TFT_RES.o)
 .debug_line    0x00007220      0x13b .\CortexM3\ARM_GCC_541\Debug\ElectronicClock.a(TFT_BackLight.o)
 .debug_line    0x0000735b      0x17f .\CortexM3\ARM_GCC_541\Debug\ElectronicClock.a(TFT_SPI_IntClock.o)
 .debug_line    0x000074da      0x345 .\CortexM3\ARM_GCC_541\Debug\ElectronicClock.a(UART_Logs.o)
 .debug_line    0x0000781f       0xaf .\CortexM3\ARM_GCC_541\Debug\ElectronicClock.a(UART_Logs_INT.o)
 .debug_line    0x000078ce      0x181 .\CortexM3\ARM_GCC_541\Debug\ElectronicClock.a(UART_Logs_IntClock.o)
 .debug_line    0x00007a4f       0xae .\CortexM3\ARM_GCC_541\Debug\ElectronicClock.a(ErikaOS_1_ee_gnu_change_context_isr.o)
 .debug_line    0x00007afd       0x74 .\CortexM3\ARM_GCC_541\Debug\ElectronicClock.a(ErikaOS_1_ee_gnu_irq_stack.o)
 .debug_line    0x00007b71       0x9d .\CortexM3\ARM_GCC_541\Debug\ElectronicClock.a(ErikaOS_1_ee_gnu_multi_context.o)
 .debug_line    0x00007c0e       0x99 .\CortexM3\ARM_GCC_541\Debug\ElectronicClock.a(ErikaOS_1_ee_gnu_oo.o)
 .debug_line    0x00007ca7       0x66 .\CortexM3\ARM_GCC_541\Debug\ElectronicClock.a(CyBootAsmGnu.o)
 .debug_line    0x00007d0d      0x183 .\CortexM3\ARM_GCC_541\Debug\ElectronicClock.a(ErikaOS_1_ee_tnterm.o)
 .debug_line    0x00007e90      0x172 .\CortexM3\ARM_GCC_541\Debug\ElectronicClock.a(ErikaOS_1_ee_tstub.o)
 .debug_line    0x00008002      0x164 .\CortexM3\ARM_GCC_541\Debug\ElectronicClock.a(ErikaOS_1_ee_ulockallres.o)
 .debug_line    0x00008166      0x1ac .\CortexM3\ARM_GCC_541\Debug\ElectronicClock.a(ErikaOS_1_cortex_mx_ee_context.o)
 .debug_line    0x00008312      0x21a .\CortexM3\ARM_GCC_541\Debug\ElectronicClock.a(CyFlash.o)
 .debug_line    0x0000852c      0x260 .\CortexM3\ARM_GCC_541\Debug\ElectronicClock.a(CySpc.o)
 .debug_line    0x0000878c      0x1c7 .\CortexM3\ARM_GCC_541\Debug\ElectronicClock.a(ErikaOS_1_ee_thendin.o)

.debug_frame    0x00000000     0x2a7c
 *(.debug_frame)
 .debug_frame   0x00000000       0xb4 .\CortexM3\ARM_GCC_541\Debug\main.o
 .debug_frame   0x000000b4      0x1f8 .\CortexM3\ARM_GCC_541\Debug\swc_control.o
 .debug_frame   0x000002ac       0x78 .\CortexM3\ARM_GCC_541\Debug\swc_input.o
 .debug_frame   0x00000324       0x58 .\CortexM3\ARM_GCC_541\Debug\swc_output.o
 .debug_frame   0x0000037c       0x2c .\CortexM3\ARM_GCC_541\Debug\tsk_control.o
 .debug_frame   0x000003a8       0x2c .\CortexM3\ARM_GCC_541\Debug\tsk_display.o
 .debug_frame   0x000003d4       0x78 .\CortexM3\ARM_GCC_541\Debug\tsk_input.o
 .debug_frame   0x0000044c      0x5bc .\CortexM3\ARM_GCC_541\Debug\tft.o
 .debug_frame   0x00000a08       0x48 .\CortexM3\ARM_GCC_541\Debug\logging.o
 .debug_frame   0x00000a50       0x4c .\CortexM3\ARM_GCC_541\Debug\button.o
 .debug_frame   0x00000a9c       0x78 .\CortexM3\ARM_GCC_541\Debug\statemachine.o
 .debug_frame   0x00000b14       0x60 .\CortexM3\ARM_GCC_541\Debug\rte.o
 .debug_frame   0x00000b74       0x2c .\CortexM3\ARM_GCC_541\Debug\sc_buttons_type.o
 .debug_frame   0x00000ba0       0x40 .\CortexM3\ARM_GCC_541\Debug\sc_clockdata_type.o
 .debug_frame   0x00000be0       0x40 .\CortexM3\ARM_GCC_541\Debug\sp_common.o
 .debug_frame   0x00000c20       0xe4 .\CortexM3\ARM_GCC_541\Debug\cyfitter_cfg.o
 .debug_frame   0x00000d04       0xb8 .\CortexM3\ARM_GCC_541\Debug\Cm3Start.o
 .debug_frame   0x00000dbc       0x30 .\CortexM3\ARM_GCC_541\Debug\ElectronicClock.a(ErikaOS_1_ee_activate.o)
 .debug_frame   0x00000dec       0x38 .\CortexM3\ARM_GCC_541\Debug\ElectronicClock.a(ErikaOS_1_ee_alcancel.o)
 .debug_frame   0x00000e24       0x38 .\CortexM3\ARM_GCC_541\Debug\ElectronicClock.a(ErikaOS_1_ee_alsetrel.o)
 .debug_frame   0x00000e5c      0x10c .\CortexM3\ARM_GCC_541\Debug\ElectronicClock.a(ErikaOS_1_ee_altick.o)
 .debug_frame   0x00000f68       0x38 .\CortexM3\ARM_GCC_541\Debug\ElectronicClock.a(ErikaOS_1_ee_evclear.o)
 .debug_frame   0x00000fa0       0x20 .\CortexM3\ARM_GCC_541\Debug\ElectronicClock.a(ErikaOS_1_ee_evget.o)
 .debug_frame   0x00000fc0       0x30 .\CortexM3\ARM_GCC_541\Debug\ElectronicClock.a(ErikaOS_1_ee_evset.o)
 .debug_frame   0x00000ff0       0x30 .\CortexM3\ARM_GCC_541\Debug\ElectronicClock.a(ErikaOS_1_ee_evwait.o)
 .debug_frame   0x00001020       0x58 .\CortexM3\ARM_GCC_541\Debug\ElectronicClock.a(ErikaOS_1_ee_irqendin.o)
 .debug_frame   0x00001078       0x40 .\CortexM3\ARM_GCC_541\Debug\ElectronicClock.a(ErikaOS_1_ee_lockres.o)
 .debug_frame   0x000010b8       0x3c .\CortexM3\ARM_GCC_541\Debug\ElectronicClock.a(ErikaOS_1_ee_rq_exchg.o)
 .debug_frame   0x000010f4       0x20 .\CortexM3\ARM_GCC_541\Debug\ElectronicClock.a(ErikaOS_1_ee_rq_first.o)
 .debug_frame   0x00001114       0x30 .\CortexM3\ARM_GCC_541\Debug\ElectronicClock.a(ErikaOS_1_ee_rq_inser.o)
 .debug_frame   0x00001144       0x90 .\CortexM3\ARM_GCC_541\Debug\ElectronicClock.a(ErikaOS_1_ee_startos.o)
 .debug_frame   0x000011d4       0x2c .\CortexM3\ARM_GCC_541\Debug\ElectronicClock.a(ErikaOS_1_ee_terminat.o)
 .debug_frame   0x00001200       0x30 .\CortexM3\ARM_GCC_541\Debug\ElectronicClock.a(ErikaOS_1_ee_ulockres.o)
 .debug_frame   0x00001230       0x30 .\CortexM3\ARM_GCC_541\Debug\ElectronicClock.a(ErikaOS_1_cortex_mx_ee_utils.o)
 .debug_frame   0x00001260      0x738 .\CortexM3\ARM_GCC_541\Debug\ElectronicClock.a(CyLib.o)
 .debug_frame   0x00001998      0x1f8 .\CortexM3\ARM_GCC_541\Debug\ElectronicClock.a(cyPm.o)
 .debug_frame   0x00001b90       0x50 .\CortexM3\ARM_GCC_541\Debug\ElectronicClock.a(BUTTON_1.o)
 .debug_frame   0x00001be0      0x104 .\CortexM3\ARM_GCC_541\Debug\ElectronicClock.a(isr_Button.o)
 .debug_frame   0x00001ce4       0x50 .\CortexM3\ARM_GCC_541\Debug\ElectronicClock.a(BUTTON_2.o)
 .debug_frame   0x00001d34       0x50 .\CortexM3\ARM_GCC_541\Debug\ElectronicClock.a(BUTTON_3.o)
 .debug_frame   0x00001d84       0x50 .\CortexM3\ARM_GCC_541\Debug\ElectronicClock.a(BUTTON_4.o)
 .debug_frame   0x00001dd4      0x1e8 .\CortexM3\ARM_GCC_541\Debug\ElectronicClock.a(TFT_SPI.o)
 .debug_frame   0x00001fbc       0x50 .\CortexM3\ARM_GCC_541\Debug\ElectronicClock.a(TFT_DC.o)
 .debug_frame   0x0000200c       0x50 .\CortexM3\ARM_GCC_541\Debug\ElectronicClock.a(TFT_RES.o)
 .debug_frame   0x0000205c       0xe8 .\CortexM3\ARM_GCC_541\Debug\ElectronicClock.a(TFT_BackLight.o)
 .debug_frame   0x00002144       0xe0 .\CortexM3\ARM_GCC_541\Debug\ElectronicClock.a(TFT_SPI_IntClock.o)
 .debug_frame   0x00002224      0x25c .\CortexM3\ARM_GCC_541\Debug\ElectronicClock.a(UART_Logs.o)
 .debug_frame   0x00002480       0x30 .\CortexM3\ARM_GCC_541\Debug\ElectronicClock.a(UART_Logs_INT.o)
 .debug_frame   0x000024b0       0xe0 .\CortexM3\ARM_GCC_541\Debug\ElectronicClock.a(UART_Logs_IntClock.o)
 .debug_frame   0x00002590       0x2c .\CortexM3\ARM_GCC_541\Debug\ElectronicClock.a(ErikaOS_1_ee_tnterm.o)
 .debug_frame   0x000025bc       0x2c .\CortexM3\ARM_GCC_541\Debug\ElectronicClock.a(ErikaOS_1_ee_tstub.o)
 .debug_frame   0x000025e8       0x2c .\CortexM3\ARM_GCC_541\Debug\ElectronicClock.a(ErikaOS_1_ee_ulockallres.o)
 .debug_frame   0x00002614       0x3c .\CortexM3\ARM_GCC_541\Debug\ElectronicClock.a(ErikaOS_1_cortex_mx_ee_context.o)
 .debug_frame   0x00002650      0x194 .\CortexM3\ARM_GCC_541\Debug\ElectronicClock.a(CyFlash.o)
 .debug_frame   0x000027e4      0x180 .\CortexM3\ARM_GCC_541\Debug\ElectronicClock.a(CySpc.o)
 .debug_frame   0x00002964       0x5c .\CortexM3\ARM_GCC_541\Debug\ElectronicClock.a(ErikaOS_1_ee_thendin.o)
 .debug_frame   0x000029c0       0x20 c:/program files (x86)/cypress/psoc creator/4.4/psoc creator/import/gnu/arm/5.4.1/bin/../lib/gcc/arm-none-eabi/5.4.1/../../../../arm-none-eabi/lib/armv7-m\libg_nano.a(lib_a-errno.o)
 .debug_frame   0x000029e0       0x28 c:/program files (x86)/cypress/psoc creator/4.4/psoc creator/import/gnu/arm/5.4.1/bin/../lib/gcc/arm-none-eabi/5.4.1/../../../../arm-none-eabi/lib/armv7-m\libg_nano.a(lib_a-exit.o)
 .debug_frame   0x00002a08       0x2c c:/program files (x86)/cypress/psoc creator/4.4/psoc creator/import/gnu/arm/5.4.1/bin/../lib/gcc/arm-none-eabi/5.4.1/../../../../arm-none-eabi/lib/armv7-m\libg_nano.a(lib_a-init.o)
 .debug_frame   0x00002a34       0x28 c:/program files (x86)/cypress/psoc creator/4.4/psoc creator/import/gnu/arm/5.4.1/bin/../lib/gcc/arm-none-eabi/5.4.1/../../../../arm-none-eabi/lib/armv7-m\libg_nano.a(lib_a-memcpy-stub.o)
 .debug_frame   0x00002a5c       0x20 c:/program files (x86)/cypress/psoc creator/4.4/psoc creator/import/gnu/arm/5.4.1/bin/../lib/gcc/arm-none-eabi/5.4.1/../../../../arm-none-eabi/lib/armv7-m\libg_nano.a(lib_a-memset.o)

.debug_str      0x00000000     0x59b1
 *(.debug_str)
 .debug_str     0x00000000      0x4aa .\CortexM3\ARM_GCC_541\Debug\main.o
                                0x517 (size before relaxing)
 .debug_str     0x000004aa      0xbbd .\CortexM3\ARM_GCC_541\Debug\swc_control.o
                                0xe49 (size before relaxing)
 .debug_str     0x00001067      0x1e8 .\CortexM3\ARM_GCC_541\Debug\swc_input.o
                                0x949 (size before relaxing)
 .debug_str     0x0000124f       0x67 .\CortexM3\ARM_GCC_541\Debug\swc_output.o
                                0x779 (size before relaxing)
 .debug_str     0x000012b6       0xd8 .\CortexM3\ARM_GCC_541\Debug\tsk_control.o
                                0x346 (size before relaxing)
 .debug_str     0x0000138e       0xb1 .\CortexM3\ARM_GCC_541\Debug\tsk_display.o
                                0x34f (size before relaxing)
 .debug_str     0x0000143f       0xcd .\CortexM3\ARM_GCC_541\Debug\tsk_input.o
                                0x598 (size before relaxing)
 .debug_str     0x0000150c      0x866 .\CortexM3\ARM_GCC_541\Debug\tft.o
                                0xd1e (size before relaxing)
 .debug_str     0x00001d72       0x3d .\CortexM3\ARM_GCC_541\Debug\logging.o
                                0x4e7 (size before relaxing)
 .debug_str     0x00001daf       0xc8 .\CortexM3\ARM_GCC_541\Debug\button.o
                                0x4eb (size before relaxing)
 .debug_str     0x00001e77       0x89 .\CortexM3\ARM_GCC_541\Debug\statemachine.o
                                0x605 (size before relaxing)
 .debug_str     0x00001f00       0x17 .\CortexM3\ARM_GCC_541\Debug\rte.o
                                0x4c4 (size before relaxing)
 .debug_str     0x00001f17       0x18 .\CortexM3\ARM_GCC_541\Debug\sc_buttons.o
                                 0xee (size before relaxing)
 .debug_str     0x00001f2f       0x31 .\CortexM3\ARM_GCC_541\Debug\sc_buttons_type.o
                                0x4e8 (size before relaxing)
 .debug_str     0x00001f60       0x1a .\CortexM3\ARM_GCC_541\Debug\sc_clockdata.o
                                 0xf0 (size before relaxing)
 .debug_str     0x00001f7a       0x9d .\CortexM3\ARM_GCC_541\Debug\sc_clockdata_type.o
                                0x5e6 (size before relaxing)
 .debug_str     0x00002017       0x17 .\CortexM3\ARM_GCC_541\Debug\sc_events.o
                                 0xed (size before relaxing)
 .debug_str     0x0000202e      0x11a .\CortexM3\ARM_GCC_541\Debug\sp_common.o
                                0x9a6 (size before relaxing)
 .debug_str     0x00002148      0x194 .\CortexM3\ARM_GCC_541\Debug\cyfitter_cfg.o
                                0x34a (size before relaxing)
 .debug_str     0x000022dc       0x75 .\CortexM3\ARM_GCC_541\Debug\cymetadata.o
                                0x1ea (size before relaxing)
 .debug_str     0x00002351      0x132 .\CortexM3\ARM_GCC_541\Debug\Cm3Start.o
                                0x310 (size before relaxing)
 .debug_str     0x00002483      0x5b9 .\CortexM3\ARM_GCC_541\Debug\ElectronicClock.a(ErikaOS_1_ee_activate.o)
                                0x80d (size before relaxing)
 .debug_str     0x00002a3c       0x7c .\CortexM3\ARM_GCC_541\Debug\ElectronicClock.a(ErikaOS_1_ee_alcancel.o)
                                0x5e0 (size before relaxing)
 .debug_str     0x00002ab8       0x7e .\CortexM3\ARM_GCC_541\Debug\ElectronicClock.a(ErikaOS_1_ee_alsetrel.o)
                                0x605 (size before relaxing)
 .debug_str     0x00002b36      0x229 .\CortexM3\ARM_GCC_541\Debug\ElectronicClock.a(ErikaOS_1_ee_altick.o)
                                0xa68 (size before relaxing)
 .debug_str     0x00002d5f       0x2e .\CortexM3\ARM_GCC_541\Debug\ElectronicClock.a(ErikaOS_1_ee_evclear.o)
                                0x5e5 (size before relaxing)
 .debug_str     0x00002d8d       0x5d .\CortexM3\ARM_GCC_541\Debug\ElectronicClock.a(ErikaOS_1_ee_evget.o)
                                0x555 (size before relaxing)
 .debug_str     0x00002dea       0x2c .\CortexM3\ARM_GCC_541\Debug\ElectronicClock.a(ErikaOS_1_ee_evset.o)
                                0x7e5 (size before relaxing)
 .debug_str     0x00002e16       0xa3 .\CortexM3\ARM_GCC_541\Debug\ElectronicClock.a(ErikaOS_1_ee_evwait.o)
                                0x83d (size before relaxing)
 .debug_str     0x00002eb9       0xca .\CortexM3\ARM_GCC_541\Debug\ElectronicClock.a(ErikaOS_1_ee_irqendin.o)
                                0x6c2 (size before relaxing)
 .debug_str     0x00002f83       0x90 .\CortexM3\ARM_GCC_541\Debug\ElectronicClock.a(ErikaOS_1_ee_lockres.o)
                                0x64d (size before relaxing)
 .debug_str     0x00003013       0x2d .\CortexM3\ARM_GCC_541\Debug\ElectronicClock.a(ErikaOS_1_ee_lookup.o)
                                0x491 (size before relaxing)
 .debug_str     0x00003040       0x8c .\CortexM3\ARM_GCC_541\Debug\ElectronicClock.a(ErikaOS_1_ee_rq_exchg.o)
                                0x503 (size before relaxing)
 .debug_str     0x000030cc       0x2f .\CortexM3\ARM_GCC_541\Debug\ElectronicClock.a(ErikaOS_1_ee_rq_first.o)
                                0x4ce (size before relaxing)
 .debug_str     0x000030fb       0x3a .\CortexM3\ARM_GCC_541\Debug\ElectronicClock.a(ErikaOS_1_ee_rq_inser.o)
                                0x508 (size before relaxing)
 .debug_str     0x00003135      0xeee .\CortexM3\ARM_GCC_541\Debug\ElectronicClock.a(ErikaOS_1_ee_startos.o)
                               0x1734 (size before relaxing)
 .debug_str     0x00004023       0x5d .\CortexM3\ARM_GCC_541\Debug\ElectronicClock.a(ErikaOS_1_ee_terminat.o)
                                0x606 (size before relaxing)
 .debug_str     0x00004080       0x2f .\CortexM3\ARM_GCC_541\Debug\ElectronicClock.a(ErikaOS_1_ee_ulockres.o)
                                0x824 (size before relaxing)
 .debug_str     0x000040af       0x82 .\CortexM3\ARM_GCC_541\Debug\ElectronicClock.a(ErikaOS_1_cortex_mx_ee_utils.o)
                                0x560 (size before relaxing)
 .debug_str     0x00004131       0x39 .\CortexM3\ARM_GCC_541\Debug\ElectronicClock.a(ErikaOS_1_common_ee_hal_structs.o)
                                0x49d (size before relaxing)
 .debug_str     0x0000416a      0x1d4 .\CortexM3\ARM_GCC_541\Debug\ElectronicClock.a(ErikaOS_1_eecfg.o)
                                0x884 (size before relaxing)
 .debug_str     0x0000433e      0x252 .\CortexM3\ARM_GCC_541\Debug\ElectronicClock.a(CyLib.o)
                                0xa4d (size before relaxing)
 .debug_str     0x00004590      0x2dc .\CortexM3\ARM_GCC_541\Debug\ElectronicClock.a(cyPm.o)
                                0x739 (size before relaxing)
 .debug_str     0x0000486c       0x67 .\CortexM3\ARM_GCC_541\Debug\ElectronicClock.a(BUTTON_1.o)
                                0x1f7 (size before relaxing)
 .debug_str     0x000048d3      0x119 .\CortexM3\ARM_GCC_541\Debug\ElectronicClock.a(isr_Button.o)
                                0x2f2 (size before relaxing)
 .debug_str     0x000049ec       0x5c .\CortexM3\ARM_GCC_541\Debug\ElectronicClock.a(BUTTON_2.o)
                                0x1f7 (size before relaxing)
 .debug_str     0x00004a48       0x5c .\CortexM3\ARM_GCC_541\Debug\ElectronicClock.a(BUTTON_3.o)
                                0x1f7 (size before relaxing)
 .debug_str     0x00004aa4       0x5c .\CortexM3\ARM_GCC_541\Debug\ElectronicClock.a(BUTTON_4.o)
                                0x1f7 (size before relaxing)
 .debug_str     0x00004b00      0x27b .\CortexM3\ARM_GCC_541\Debug\ElectronicClock.a(TFT_SPI.o)
                                0x46c (size before relaxing)
 .debug_str     0x00004d7b       0x53 .\CortexM3\ARM_GCC_541\Debug\ElectronicClock.a(TFT_DC.o)
                                0x1ed (size before relaxing)
 .debug_str     0x00004dce       0x57 .\CortexM3\ARM_GCC_541\Debug\ElectronicClock.a(TFT_RES.o)
                                0x1f2 (size before relaxing)
 .debug_str     0x00004e25      0x14b .\CortexM3\ARM_GCC_541\Debug\ElectronicClock.a(TFT_BackLight.o)
                                0x343 (size before relaxing)
 .debug_str     0x00004f70      0x1a1 .\CortexM3\ARM_GCC_541\Debug\ElectronicClock.a(TFT_SPI_IntClock.o)
                                0x360 (size before relaxing)
 .debug_str     0x00005111      0x407 .\CortexM3\ARM_GCC_541\Debug\ElectronicClock.a(UART_Logs.o)
                                0x666 (size before relaxing)
 .debug_str     0x00005518       0x6d .\CortexM3\ARM_GCC_541\Debug\ElectronicClock.a(UART_Logs_INT.o)
                                0x2cb (size before relaxing)
 .debug_str     0x00005585      0x16a .\CortexM3\ARM_GCC_541\Debug\ElectronicClock.a(UART_Logs_IntClock.o)
                                0x378 (size before relaxing)
 .debug_str     0x000056ef       0x74 .\CortexM3\ARM_GCC_541\Debug\ElectronicClock.a(ErikaOS_1_ee_tnterm.o)
                                0x520 (size before relaxing)
 .debug_str     0x00005763       0x57 .\CortexM3\ARM_GCC_541\Debug\ElectronicClock.a(ErikaOS_1_ee_tstub.o)
                                0x5db (size before relaxing)
 .debug_str     0x000057ba       0x39 .\CortexM3\ARM_GCC_541\Debug\ElectronicClock.a(ErikaOS_1_ee_ulockallres.o)
                                0x50f (size before relaxing)
 .debug_str     0x000057f3       0x8c .\CortexM3\ARM_GCC_541\Debug\ElectronicClock.a(ErikaOS_1_cortex_mx_ee_context.o)
                                0x592 (size before relaxing)
 .debug_str     0x0000587f       0x65 .\CortexM3\ARM_GCC_541\Debug\ElectronicClock.a(CyFlash.o)
                                0x3c6 (size before relaxing)
 .debug_str     0x000058e4       0x64 .\CortexM3\ARM_GCC_541\Debug\ElectronicClock.a(CySpc.o)
                                0x33e (size before relaxing)
 .debug_str     0x00005948       0x69 .\CortexM3\ARM_GCC_541\Debug\ElectronicClock.a(ErikaOS_1_ee_thendin.o)
                                0x758 (size before relaxing)

.debug_loc      0x00000000     0x6774
 *(.debug_loc)
 .debug_loc     0x00000000       0xa8 .\CortexM3\ARM_GCC_541\Debug\main.o
 .debug_loc     0x000000a8      0x46d .\CortexM3\ARM_GCC_541\Debug\swc_control.o
 .debug_loc     0x00000515      0x5e3 .\CortexM3\ARM_GCC_541\Debug\swc_input.o
 .debug_loc     0x00000af8      0x27b .\CortexM3\ARM_GCC_541\Debug\swc_output.o
 .debug_loc     0x00000d73       0x92 .\CortexM3\ARM_GCC_541\Debug\tsk_input.o
 .debug_loc     0x00000e05     0x1924 .\CortexM3\ARM_GCC_541\Debug\tft.o
 .debug_loc     0x00002729       0x4d .\CortexM3\ARM_GCC_541\Debug\logging.o
 .debug_loc     0x00002776       0xde .\CortexM3\ARM_GCC_541\Debug\button.o
 .debug_loc     0x00002854      0x320 .\CortexM3\ARM_GCC_541\Debug\statemachine.o
 .debug_loc     0x00002b74      0x10e .\CortexM3\ARM_GCC_541\Debug\rte.o
 .debug_loc     0x00002c82       0x1e .\CortexM3\ARM_GCC_541\Debug\sc_buttons_type.o
 .debug_loc     0x00002ca0      0x174 .\CortexM3\ARM_GCC_541\Debug\sc_clockdata_type.o
 .debug_loc     0x00002e14       0xf8 .\CortexM3\ARM_GCC_541\Debug\sp_common.o
 .debug_loc     0x00002f0c      0x289 .\CortexM3\ARM_GCC_541\Debug\cyfitter_cfg.o
 .debug_loc     0x00003195      0x144 .\CortexM3\ARM_GCC_541\Debug\Cm3Start.o
 .debug_loc     0x000032d9      0x12d .\CortexM3\ARM_GCC_541\Debug\ElectronicClock.a(ErikaOS_1_ee_activate.o)
 .debug_loc     0x00003406      0x156 .\CortexM3\ARM_GCC_541\Debug\ElectronicClock.a(ErikaOS_1_ee_alcancel.o)
 .debug_loc     0x0000355c      0x1ed .\CortexM3\ARM_GCC_541\Debug\ElectronicClock.a(ErikaOS_1_ee_alsetrel.o)