Archive member included to satisfy reference by file (symbol)

.\CortexM3\ARM_GCC_541\Debug\ElectronicClock.a(ErikaOS_1_ee_activate.o)
                              .\CortexM3\ARM_GCC_541\Debug\main.o (EE_oo_ActivateTask)
.\CortexM3\ARM_GCC_541\Debug\ElectronicClock.a(ErikaOS_1_ee_alcancel.o)
                              .\CortexM3\ARM_GCC_541\Debug\swc_input.o (EE_oo_CancelAlarm)
.\CortexM3\ARM_GCC_541\Debug\ElectronicClock.a(ErikaOS_1_ee_alsetrel.o)
                              .\CortexM3\ARM_GCC_541\Debug\main.o (EE_oo_SetRelAlarm)
.\CortexM3\ARM_GCC_541\Debug\ElectronicClock.a(ErikaOS_1_ee_altick.o)
                              .\CortexM3\ARM_GCC_541\Debug\ElectronicClock.a(ErikaOS_1_ee_alsetrel.o) (EE_oo_counter_object_insert)
.\CortexM3\ARM_GCC_541\Debug\ElectronicClock.a(ErikaOS_1_ee_evclear.o)
                              .\CortexM3\ARM_GCC_541\Debug\tsk_control.o (EE_oo_ClearEvent)
.\CortexM3\ARM_GCC_541\Debug\ElectronicClock.a(ErikaOS_1_ee_evget.o)
                              .\CortexM3\ARM_GCC_541\Debug\tsk_control.o (EE_oo_GetEvent)
.\CortexM3\ARM_GCC_541\Debug\ElectronicClock.a(ErikaOS_1_ee_evset.o)
                              .\CortexM3\ARM_GCC_541\Debug\swc_control.o (EE_oo_SetEvent)
.\CortexM3\ARM_GCC_541\Debug\ElectronicClock.a(ErikaOS_1_ee_evwait.o)
                              .\CortexM3\ARM_GCC_541\Debug\tsk_control.o (EE_oo_WaitEvent)
.\CortexM3\ARM_GCC_541\Debug\ElectronicClock.a(ErikaOS_1_ee_irqendin.o)
                              .\CortexM3\ARM_GCC_541\Debug\main.o (EE_IRQ_end_post_stub)
.\CortexM3\ARM_GCC_541\Debug\ElectronicClock.a(ErikaOS_1_ee_lockres.o)
                              .\CortexM3\ARM_GCC_541\Debug\swc_control.o (EE_oo_GetResource)
.\CortexM3\ARM_GCC_541\Debug\ElectronicClock.a(ErikaOS_1_ee_lookup.o)
                              .\CortexM3\ARM_GCC_541\Debug\ElectronicClock.a(ErikaOS_1_ee_irqendin.o) (EE_oo_IRQ_disable_count)
.\CortexM3\ARM_GCC_541\Debug\ElectronicClock.a(ErikaOS_1_ee_rq_exchg.o)
                              .\CortexM3\ARM_GCC_541\Debug\ElectronicClock.a(ErikaOS_1_ee_activate.o) (EE_rq2stk_exchange)
.\CortexM3\ARM_GCC_541\Debug\ElectronicClock.a(ErikaOS_1_ee_rq_first.o)
                              .\CortexM3\ARM_GCC_541\Debug\ElectronicClock.a(ErikaOS_1_ee_activate.o) (EE_rq_queryfirst)
.\CortexM3\ARM_GCC_541\Debug\ElectronicClock.a(ErikaOS_1_ee_rq_inser.o)
                              .\CortexM3\ARM_GCC_541\Debug\ElectronicClock.a(ErikaOS_1_ee_activate.o) (EE_rq_insert)
.\CortexM3\ARM_GCC_541\Debug\ElectronicClock.a(ErikaOS_1_ee_startos.o)
                              .\CortexM3\ARM_GCC_541\Debug\main.o (EE_oo_StartOS)
.\CortexM3\ARM_GCC_541\Debug\ElectronicClock.a(ErikaOS_1_ee_terminat.o)
                              .\CortexM3\ARM_GCC_541\Debug\main.o (EE_oo_TerminateTask)
.\CortexM3\ARM_GCC_541\Debug\ElectronicClock.a(ErikaOS_1_ee_ulockres.o)
                              .\CortexM3\ARM_GCC_541\Debug\swc_control.o (EE_oo_ReleaseResource)
.\CortexM3\ARM_GCC_541\Debug\ElectronicClock.a(ErikaOS_1_cortex_mx_ee_utils.o)
                              .\CortexM3\ARM_GCC_541\Debug\main.o (EE_system_init)
.\CortexM3\ARM_GCC_541\Debug\ElectronicClock.a(ErikaOS_1_common_ee_hal_structs.o)
                              .\CortexM3\ARM_GCC_541\Debug\ElectronicClock.a(ErikaOS_1_ee_irqendin.o) (EE_std_endcycle_next_tid)
.\CortexM3\ARM_GCC_541\Debug\ElectronicClock.a(ErikaOS_1_eecfg.o)
                              .\CortexM3\ARM_GCC_541\Debug\ElectronicClock.a(ErikaOS_1_ee_startos.o) (EE_oo_autostart_task_data)
.\CortexM3\ARM_GCC_541\Debug\ElectronicClock.a(CyLib.o)
                              .\CortexM3\ARM_GCC_541\Debug\Cm3Start.o (CyHalt)
.\CortexM3\ARM_GCC_541\Debug\ElectronicClock.a(cyPm.o)
                              .\CortexM3\ARM_GCC_541\Debug\ElectronicClock.a(CyLib.o) (CyPmReadStatus)
.\CortexM3\ARM_GCC_541\Debug\ElectronicClock.a(BUTTON_1.o)
                              .\CortexM3\ARM_GCC_541\Debug\button.o (BUTTON_1_Read)
.\CortexM3\ARM_GCC_541\Debug\ElectronicClock.a(isr_Button.o)
                              .\CortexM3\ARM_GCC_541\Debug\button.o (isr_Button_StartEx)
.\CortexM3\ARM_GCC_541\Debug\ElectronicClock.a(BUTTON_2.o)
                              .\CortexM3\ARM_GCC_541\Debug\button.o (BUTTON_2_Read)
.\CortexM3\ARM_GCC_541\Debug\ElectronicClock.a(BUTTON_3.o)
                              .\CortexM3\ARM_GCC_541\Debug\button.o (BUTTON_3_Read)
.\CortexM3\ARM_GCC_541\Debug\ElectronicClock.a(BUTTON_4.o)
                              .\CortexM3\ARM_GCC_541\Debug\button.o (BUTTON_4_Read)
.\CortexM3\ARM_GCC_541\Debug\ElectronicClock.a(TFT_SPI.o)
                              .\CortexM3\ARM_GCC_541\Debug\tft.o (TFT_SPI_WriteTxData)
.\CortexM3\ARM_GCC_541\Debug\ElectronicClock.a(TFT_DC.o)
                              .\CortexM3\ARM_GCC_541\Debug\tft.o (TFT_DC_Write)
.\CortexM3\ARM_GCC_541\Debug\ElectronicClock.a(TFT_RES.o)
                              .\CortexM3\ARM_GCC_541\Debug\tft.o (TFT_RES_Write)
[...]
Memory Configuration

Name             Origin             Length             Attributes
rom              0x00000000         0x00040000         xr
ram              0x1fff8000         0x00010000         xrw
*default*        0x00000000         0xffffffff

Linker script and memory map

LOAD c:/program files (x86)/cypress/psoc creator/4.4/psoc creator/import/gnu/arm/5.4.1/bin/../lib/gcc/arm-none-eabi/5.4.1/armv7-m/crti.o
LOAD c:/program files (x86)/cypress/psoc creator/4.4/psoc creator/import/gnu/arm/5.4.1/bin/../lib/gcc/arm-none-eabi/5.4.1/armv7-m/crtbegin.o
LOAD c:/program files (x86)/cypress/psoc creator/4.4/psoc creator/import/gnu/arm/5.4.1/bin/../lib/gcc/arm-none-eabi/5.4.1/../../../../arm-none-eabi/lib/armv7-m/crt0.o
START GROUP
LOAD .\CortexM3\ARM_GCC_541\Debug\main.o
LOAD .\CortexM3\ARM_GCC_541\Debug\swc_control.o
LOAD .\CortexM3\ARM_GCC_541\Debug\swc_input.o
LOAD .\CortexM3\ARM_GCC_541\Debug\swc_output.o
LOAD .\CortexM3\ARM_GCC_541\Debug\tsk_control.o
LOAD .\CortexM3\ARM_GCC_541\Debug\tsk_display.o
LOAD .\CortexM3\ARM_GCC_541\Debug\tsk_input.o
LOAD .\CortexM3\ARM_GCC_541\Debug\tft.o
LOAD .\CortexM3\ARM_GCC_541\Debug\logging.o
LOAD .\CortexM3\ARM_GCC_541\Debug\button.o
LOAD .\CortexM3\ARM_GCC_541\Debug\statemachine.o
LOAD .\CortexM3\ARM_GCC_541\Debug\rte.o
LOAD .\CortexM3\ARM_GCC_541\Debug\sc_buttons.o
LOAD .\CortexM3\ARM_GCC_541\Debug\sc_buttons_type.o
LOAD .\CortexM3\ARM_GCC_541\Debug\sc_clockdata.o
LOAD .\CortexM3\ARM_GCC_541\Debug\sc_clockdata_type.o
LOAD .\CortexM3\ARM_GCC_541\Debug\sc_events.o
LOAD .\CortexM3\ARM_GCC_541\Debug\sp_common.o
LOAD .\CortexM3\ARM_GCC_541\Debug\cyfitter_cfg.o
LOAD .\CortexM3\ARM_GCC_541\Debug\cymetadata.o
LOAD .\CortexM3\ARM_GCC_541\Debug\Cm3Start.o
LOAD .\CortexM3\ARM_GCC_541\Debug\ElectronicClock.a
LOAD C:\Program Files (x86)\Cypress\PSoC Creator\4.4\PSoC Creator\psoc\content\cycomponentlibrary\CyComponentLibrary.cylib\CortexM3\ARM_GCC_541\Debug\CyComponentLibrary.a
END GROUP
START GROUP
LOAD c:/program files (x86)/cypress/psoc creator/4.4/psoc creator/import/gnu/arm/5.4.1/bin/../lib/gcc/arm-none-eabi/5.4.1/armv7-m\libgcc.a
LOAD c:/program files (x86)/cypress/psoc creator/4.4/psoc creator/import/gnu/arm/5.4.1/bin/../lib/gcc/arm-none-eabi/5.4.1/../../../../arm-none-eabi/lib/armv7-m\libg_nano.a
LOAD c:/program files (x86)/cypress/psoc creator/4.4/psoc creator/import/gnu/arm/5.4.1/bin/../lib/gcc/arm-none-eabi/5.4.1/../../../../arm-none-eabi/lib/armv7-m\libc_nano.a
END GROUP
START GROUP
LOAD c:/program files (x86)/cypress/psoc creator/4.4/psoc creator/import/gnu/arm/5.4.1/bin/../lib/gcc/arm-none-eabi/5.4.1/armv7-m\libgcc.a
LOAD c:/program files (x86)/cypress/psoc creator/4.4/psoc creator/import/gnu/arm/5.4.1/bin/../lib/gcc/arm-none-eabi/5.4.1/../../../../arm-none-eabi/lib/armv7-m\libc_nano.a
END GROUP
LOAD c:/program files (x86)/cypress/psoc creator/4.4/psoc creator/import/gnu/arm/5.4.1/bin/../lib/gcc/arm-none-eabi/5.4.1/armv7-m/crtend.o
LOAD c:/program files (x86)/cypress/psoc creator/4.4/psoc creator/import/gnu/arm/5.4.1/bin/../lib/gcc/arm-none-eabi/5.4.1/armv7-m/crtn.o
START GROUP
LOAD c:/program files (x86)/cypress/psoc creator/4.4/psoc creator/import/gnu/arm/5.4.1/bin/../lib/gcc/arm-none-eabi/5.4.1/armv7-m\libgcc.a
LOAD c:/program files (x86)/cypress/psoc creator/4.4/psoc creator/import/gnu/arm/5.4.1/bin/../lib/gcc/arm-none-eabi/5.4.1/../../../../arm-none-eabi/lib/armv7-m\libc.a
LOAD c:/program files (x86)/cypress/psoc creator/4.4/psoc creator/import/gnu/arm/5.4.1/bin/../lib/gcc/arm-none-eabi/5.4.1/../../../../arm-none-eabi/lib/armv7-m\libnosys.a
END GROUP
                0x00000000                CY_APPL_ORIGIN = 0x0
                0x00000100                CY_FLASH_ROW_SIZE = 0x100
                0x00000020                CY_ECC_ROW_SIZE = 0x20
                0x00000000                CY_EE_IN_BTLDR = 0x0
                0x00000000                CY_APPL_LOADABLE = 0x0
                0x00000800                CY_EE_SIZE = 0x800
                0x00000001                CY_APPL_NUM = 0x1
                0x00000001                CY_APPL_MAX = 0x1
                0x00000040                CY_METADATA_SIZE = 0x40
                0x00000000                CY_APPL_LOADABLE = 0x0
                0x00000000                CY_CHECKSUM_EXCLUDE_SIZE = ALIGN (0x0, CY_FLASH_ROW_SIZE)
                [!provide]                PROVIDE (__cy_heap_start, _end)
                0x00000001                PROVIDE (__cy_region_num, ((__cy_regions_end - __cy_regions) / 0x10))
                0x20008000                PROVIDE (__cy_stack, (ORIGIN (ram) + LENGTH (ram)))
                [!provide]                PROVIDE (__cy_heap_end, (__cy_stack - 0x800))

.cybootloader   0x00000000        0x0
 *(.cybootloader)
                0x00000000                appl1_start = CY_APPL_ORIGIN?CY_APPL_ORIGIN:ALIGN (CY_FLASH_ROW_SIZE)
                0x0001ff00                appl2_start = (appl1_start + ALIGN ((((LENGTH (rom) - appl1_start) - (0x2 * CY_FLASH_ROW_SIZE)) / 0x2), CY_FLASH_ROW_SIZE))
                0x00000000                appl_start = (CY_APPL_NUM == 0x1)?appl1_start:appl2_start
                0x00000000                ecc_offset = ((appl_start / CY_FLASH_ROW_SIZE) * CY_ECC_ROW_SIZE)
                0x00000000                ee_offset = (CY_APPL_LOADABLE && ! (CY_EE_IN_BTLDR))?((CY_EE_SIZE / CY_APPL_MAX) * (CY_APPL_NUM - 0x1)):0x0
                0x00000800                ee_size = (CY_APPL_LOADABLE && ! (CY_EE_IN_BTLDR))?(CY_EE_SIZE / CY_APPL_MAX):CY_EE_SIZE
                [!provide]                PROVIDE (CY_ECC_OFFSET, ecc_offset)

.text           0x00000000     0x31c6
 CREATE_OBJECT_SYMBOLS
                0x00000000                PROVIDE (__cy_interrupt_vector, RomVectors)
 *(.romvectors)
 .romvectors    0x00000000       0x10 .\CortexM3\ARM_GCC_541\Debug\Cm3Start.o
                0x00000000                RomVectors
                0x00000001                ASSERT ((. != __cy_interrupt_vector), No interrupt vector)
                0x00000001                ASSERT (CY_APPL_ORIGIN?(SIZEOF (.cybootloader) <= CY_APPL_ORIGIN):0x1, Wrong image location)
                0x00000010                PROVIDE (__cy_reset, Reset)
 *(.text.Reset)
 .text.Reset    0x00000010       0x18 .\CortexM3\ARM_GCC_541\Debug\Cm3Start.o
                0x00000010                Reset
                0x00000001                ASSERT ((. != __cy_reset), No reset code)
 *(.dma_init)
                0x00000001                ASSERT ((((appl_start + .) <= 0x10000) || 0x1), DMA Init must be within the first 64k of flash)
 *(.text .text.* .gnu.linkonce.t.*)
 .text          0x00000028       0x5c c:/program files (x86)/cypress/psoc creator/4.4/psoc creator/import/gnu/arm/5.4.1/bin/../lib/gcc/arm-none-eabi/5.4.1/armv7-m/crtbegin.o
 .text.ISR2_systick_handler
                0x00000084        0xc .\CortexM3\ARM_GCC_541\Debug\main.o
                0x00000084                ISR2_systick_handler
 .text.systick_handler
                0x00000090       0x98 .\CortexM3\ARM_GCC_541\Debug\main.o
                0x00000090                systick_handler
 .text.main     0x00000128       0x28 .\CortexM3\ARM_GCC_541\Debug\main.o
                0x00000128                main
 .text.Functsk_init
                0x00000150       0x5c .\CortexM3\ARM_GCC_541\Debug\main.o
                0x00000150                Functsk_init
 .text.Functsk_background
                0x000001ac        0x4 .\CortexM3\ARM_GCC_541\Debug\main.o
                0x000001ac                Functsk_background
 .text.CLOCK_GUARD_checkLeftKey
                0x000001b0       0x14 .\CortexM3\ARM_GCC_541\Debug\swc_control.o
 .text.CLOCK_increment1Minute
                0x000001c4       0xf0 .\CortexM3\ARM_GCC_541\Debug\swc_control.o
 .text.CLOCK_setEditFonts
                0x000002b4       0xd8 .\CortexM3\ARM_GCC_541\Debug\swc_control.o
 .text.CLOCK_incrementWidget
                0x0000038c      0x100 .\CortexM3\ARM_GCC_541\Debug\swc_control.o
 .text.CLOCK_setDisplayFonts
                0x0000048c       0xe0 .\CortexM3\ARM_GCC_541\Debug\swc_control.o
 .text.CLOCK_DISPATCH_WRAPPER
                0x0000056c       0xe4 .\CortexM3\ARM_GCC_541\Debug\swc_control.o
 .text.CLOCK_dispatch_KL_Hours
                0x00000650        0xc .\CortexM3\ARM_GCC_541\Debug\swc_control.o
 .text.CLOCK_dispatch_250MS_Hours
                0x0000065c        0xc .\CortexM3\ARM_GCC_541\Debug\swc_control.o
 .text.CLOCK_dispatch_KRLP_Hours
                0x00000668        0xc .\CortexM3\ARM_GCC_541\Debug\swc_control.o
 .text.CLOCK_dispatch_KR_Hours
                0x00000674        0xc .\CortexM3\ARM_GCC_541\Debug\swc_control.o
 .text.CLOCK_dispatch_KL_HoursMins
                0x00000680       0x14 .\CortexM3\ARM_GCC_541\Debug\swc_control.o
 .text.CLOCK_dispatch_250MS_Mins
                0x00000694        0xc .\CortexM3\ARM_GCC_541\Debug\swc_control.o
 .text.CLOCK_dispatch_KRLP_Mins
                0x000006a0        0xc .\CortexM3\ARM_GCC_541\Debug\swc_control.o
 .text.CLOCK_dispatch_KR_Mins
                0x000006ac        0xc .\CortexM3\ARM_GCC_541\Debug\swc_control.o
 .text.CLOCK_dispatch_KL_Mins
                0x000006b8        0xc .\CortexM3\ARM_GCC_541\Debug\swc_control.o
 .text.CONTROL_runStateMachine_run
                0x000006c4       0x3c .\CortexM3\ARM_GCC_541\Debug\swc_control.o
                0x000006c4                CONTROL_runStateMachine_run
 .text.INPUT_readButtons_run
                0x00000700      0x2c4 .\CortexM3\ARM_GCC_541\Debug\swc_input.o
                0x00000700                INPUT_readButtons_run
 .text.INPUT_1min_run
                0x000009c4       0x60 .\CortexM3\ARM_GCC_541\Debug\swc_input.o
                0x000009c4                INPUT_1min_run
 .text.INPUT_250ms_run
                0x00000a24       0x60 .\CortexM3\ARM_GCC_541\Debug\swc_input.o
                0x00000a24                INPUT_250ms_run
 .text.OUTPUT_updateDataOnTFT_run
                0x00000a84       0xd0 .\CortexM3\ARM_GCC_541\Debug\swc_output.o
                0x00000a84                OUTPUT_updateDataOnTFT_run
 .text.OUTPUT_blink1s_run
                0x00000b54      0x1a8 .\CortexM3\ARM_GCC_541\Debug\swc_output.o
                0x00000b54                OUTPUT_blink1s_run
 .text.Functsk_control
                0x00000cfc       0x2c .\CortexM3\ARM_GCC_541\Debug\tsk_control.o
                0x00000cfc                Functsk_control
 .text.Functsk_display
                0x00000d28       0x2c .\CortexM3\ARM_GCC_541\Debug\tsk_display.o
                0x00000d28                Functsk_display
 .text.Functsk_input
                0x00000d54       0x2c .\CortexM3\ARM_GCC_541\Debug\tsk_input.o
                0x00000d54                Functsk_input
 .text.ISR2_isr_Button
                0x00000d80       0x10 .\CortexM3\ARM_GCC_541\Debug\tsk_input.o
                0x00000d80                ISR2_isr_Button
 .text.isr_Button
                0x00000d90       0x98 .\CortexM3\ARM_GCC_541\Debug\tsk_input.o
                0x00000d90                isr_Button
 .text.__TFT_SPI_TX_ISR
                0x00000e28       0x58 .\CortexM3\ARM_GCC_541\Debug\tft.o
                0x00000e28                __TFT_SPI_TX_ISR
 .text.TFT_send
                0x00000e80       0x84 .\CortexM3\ARM_GCC_541\Debug\tft.o
 .text.setAddrWindow
                0x00000f04       0x88 .\CortexM3\ARM_GCC_541\Debug\tft.o
 .text.TFT_setRotation
                0x00000f8c       0xc0 .\CortexM3\ARM_GCC_541\Debug\tft.o
                0x00000f8c                TFT_setRotation
 .text.TFT_fillRect
                0x0000104c       0x8c .\CortexM3\ARM_GCC_541\Debug\tft.o
                0x0000104c                TFT_fillRect
 .text.TFT_fillScreen
                0x000010d8       0x24 .\CortexM3\ARM_GCC_541\Debug\tft.o
                0x000010d8                TFT_fillScreen
 .text.TFT_init
                0x000010fc       0xe4 .\CortexM3\ARM_GCC_541\Debug\tft.o
                0x000010fc                TFT_init
 .text.TFT_drawPixel
                0x000011e0       0x50 .\CortexM3\ARM_GCC_541\Debug\tft.o
                0x000011e0                TFT_drawPixel
 .text.TFT_fastVLine
                0x00001230       0x64 .\CortexM3\ARM_GCC_541\Debug\tft.o
                0x00001230                TFT_fastVLine
 .text.TFT_drawChar
                0x00001294      0x21c .\CortexM3\ARM_GCC_541\Debug\tft.o
                0x00001294                TFT_drawChar
 .text.LOG_send
                0x000014b0       0x2c .\CortexM3\ARM_GCC_541\Debug\logging.o
                0x000014b0                LOG_send
 .text.STATE__getIndexOfState
                0x000014dc       0x28 .\CortexM3\ARM_GCC_541\Debug\statemachine.o
                0x000014dc                STATE__getIndexOfState
 .text.STATE_processEvent
                0x00001504      0x100 .\CortexM3\ARM_GCC_541\Debug\statemachine.o
                0x00001504                STATE_processEvent
 .text.RTE_ProcessCyclicTable
                0x00001604       0x30 .\CortexM3\ARM_GCC_541\Debug\rte.o
                0x00001604                RTE_ProcessCyclicTable
 .text.RTE_ProcessEventTable
                0x00001634       0x28 .\CortexM3\ARM_GCC_541\Debug\rte.o
                0x00001634                RTE_ProcessEventTable
 .text.SC_BUTTONS_driverIn
                0x0000165c       0x48 .\CortexM3\ARM_GCC_541\Debug\sc_buttons_type.o
                0x0000165c                SC_BUTTONS_driverIn
 .text.SC_CLOCKDATA_driverOut
                0x000016a4      0x114 .\CortexM3\ARM_GCC_541\Debug\sc_clockdata_type.o
                0x000016a4                SC_CLOCKDATA_driverOut
 .text.CyClockStartupError
                0x000017b8        0x4 .\CortexM3\ARM_GCC_541\Debug\cyfitter_cfg.o
 .text.cfg_write_bytes32
                0x000017bc       0x34 .\CortexM3\ARM_GCC_541\Debug\cyfitter_cfg.o
 .text.AnalogSetDefault
                0x000017f0       0x28 .\CortexM3\ARM_GCC_541\Debug\cyfitter_cfg.o
 .text.CYMEMZERO
                0x00001818        0xc .\CortexM3\ARM_GCC_541\Debug\cyfitter_cfg.o
 .text.ClockSetup
                0x00001824       0xd0 .\CortexM3\ARM_GCC_541\Debug\cyfitter_cfg.o
 .text.CYCONFIGCPY
                0x000018f4        0x8 .\CortexM3\ARM_GCC_541\Debug\cyfitter_cfg.o
 .text.cyfitter_cfg
                0x000018fc      0x124 .\CortexM3\ARM_GCC_541\Debug\cyfitter_cfg.o
                0x000018fc                cyfitter_cfg
 .text.IntDefaultHandler
                0x00001a20       0x10 .\CortexM3\ARM_GCC_541\Debug\Cm3Start.o
                0x00001a20                IntDefaultHandler
 .text.Start_c  0x00001a30       0x4c .\CortexM3\ARM_GCC_541\Debug\Cm3Start.o
                0x00001a30                Start_c
 .text.initialize_psoc
                0x00001a7c       0x68 .\CortexM3\ARM_GCC_541\Debug\Cm3Start.o
                0x00001a7c                initialize_psoc
 .text.EE_oo_ActivateTask
                0x00001ae4       0xe8 .\CortexM3\ARM_GCC_541\Debug\ElectronicClock.a(ErikaOS_1_ee_activate.o)
                0x00001ae4                EE_oo_ActivateTask
 .text.EE_oo_CancelAlarm
                0x00001bcc       0xa4 .\CortexM3\ARM_GCC_541\Debug\ElectronicClock.a(ErikaOS_1_ee_alcancel.o)
                0x00001bcc                EE_oo_CancelAlarm
 .text.EE_oo_SetRelAlarm
                0x00001c70       0x80 .\CortexM3\ARM_GCC_541\Debug\ElectronicClock.a(ErikaOS_1_ee_alsetrel.o)
                0x00001c70                EE_oo_SetRelAlarm
 .text.EE_oo_handle_action_callback
                0x00001cf0        0xc .\CortexM3\ARM_GCC_541\Debug\ElectronicClock.a(ErikaOS_1_ee_altick.o)
 .text.EE_oo_handle_action_task
                0x00001cfc       0x4c .\CortexM3\ARM_GCC_541\Debug\ElectronicClock.a(ErikaOS_1_ee_altick.o)
 .text.EE_oo_handle_action_event
                0x00001d48       0x60 .\CortexM3\ARM_GCC_541\Debug\ElectronicClock.a(ErikaOS_1_ee_altick.o)
 .text.EE_oo_handle_action
                0x00001da8       0x28 .\CortexM3\ARM_GCC_541\Debug\ElectronicClock.a(ErikaOS_1_ee_altick.o)
 .text.EE_oo_counter_object_insert
                0x00001dd0       0x9c .\CortexM3\ARM_GCC_541\Debug\ElectronicClock.a(ErikaOS_1_ee_altick.o)
                0x00001dd0                EE_oo_counter_object_insert
 .text.EE_oo_IncrementCounterImplementation
                0x00001e6c      0x100 .\CortexM3\ARM_GCC_541\Debug\ElectronicClock.a(ErikaOS_1_ee_altick.o)
                0x00001e6c                EE_oo_IncrementCounterImplementation
 .text.EE_oo_IncrementCounter
                0x00001f6c       0xb0 .\CortexM3\ARM_GCC_541\Debug\ElectronicClock.a(ErikaOS_1_ee_altick.o)
                0x00001f6c                EE_oo_IncrementCounter
 .text.EE_oo_ClearEvent
                0x0000201c       0x5c .\CortexM3\ARM_GCC_541\Debug\ElectronicClock.a(ErikaOS_1_ee_evclear.o)
                0x0000201c                EE_oo_ClearEvent
 .text.EE_oo_GetEvent
                0x00002078       0x40 .\CortexM3\ARM_GCC_541\Debug\ElectronicClock.a(ErikaOS_1_ee_evget.o)
                0x00002078                EE_oo_GetEvent
 .text.EE_oo_SetEvent
                0x000020b8      0x100 .\CortexM3\ARM_GCC_541\Debug\ElectronicClock.a(ErikaOS_1_ee_evset.o)
                0x000020b8                EE_oo_SetEvent
 .text.EE_oo_WaitEvent
                0x000021b8      0x124 .\CortexM3\ARM_GCC_541\Debug\ElectronicClock.a(ErikaOS_1_ee_evwait.o)
                0x000021b8                EE_oo_WaitEvent
 .text.EE_IRQ_run_next_task
                0x000022dc       0x30 .\CortexM3\ARM_GCC_541\Debug\ElectronicClock.a(ErikaOS_1_ee_irqendin.o)
 .text.EE_IRQ_end_instance
                0x0000230c       0x68 .\CortexM3\ARM_GCC_541\Debug\ElectronicClock.a(ErikaOS_1_ee_irqendin.o)
                0x0000230c                EE_IRQ_end_instance
 .text.EE_IRQ_end_post_stub
                0x00002374       0x14 .\CortexM3\ARM_GCC_541\Debug\ElectronicClock.a(ErikaOS_1_ee_irqendin.o)
                0x00002374                EE_IRQ_end_post_stub
 .text.EE_oo_GetResource
                0x00002388       0xa8 .\CortexM3\ARM_GCC_541\Debug\ElectronicClock.a(ErikaOS_1_ee_lockres.o)
                0x00002388                EE_oo_GetResource
 .text.EE_rq2stk_exchange
                0x00002430       0x88 .\CortexM3\ARM_GCC_541\Debug\ElectronicClock.a(ErikaOS_1_ee_rq_exchg.o)
                0x00002430                EE_rq2stk_exchange
 .text.EE_rq_queryfirst
                0x000024b8       0x44 .\CortexM3\ARM_GCC_541\Debug\ElectronicClock.a(ErikaOS_1_ee_rq_first.o)
                0x000024b8                EE_rq_queryfirst
 .text.EE_rq_insert
                0x000024fc       0x74 .\CortexM3\ARM_GCC_541\Debug\ElectronicClock.a(ErikaOS_1_ee_rq_inser.o)
                0x000024fc                EE_rq_insert
 .text.compute_task_tid
                0x00002570       0x10 .\CortexM3\ARM_GCC_541\Debug\ElectronicClock.a(ErikaOS_1_ee_startos.o)
 .text.EE_oo_start_os
                0x00002580        0xc .\CortexM3\ARM_GCC_541\Debug\ElectronicClock.a(ErikaOS_1_ee_startos.o)
 .text.EE_oo_autostart_tasks
                0x0000258c       0x60 .\CortexM3\ARM_GCC_541\Debug\ElectronicClock.a(ErikaOS_1_ee_startos.o)
 .text.EE_oo_autostart_os
                0x000025ec        0xc .\CortexM3\ARM_GCC_541\Debug\ElectronicClock.a(ErikaOS_1_ee_startos.o)
 .text.EE_oo_StartOS
                0x000025f8       0x8c .\CortexM3\ARM_GCC_541\Debug\ElectronicClock.a(ErikaOS_1_ee_startos.o)
                0x000025f8                EE_oo_StartOS
 .text.EE_oo_TerminateTask
                0x00002684       0x50 .\CortexM3\ARM_GCC_541\Debug\ElectronicClock.a(ErikaOS_1_ee_terminat.o)
                0x00002684                EE_oo_TerminateTask
 .text.EE_oo_ReleaseResource
                0x000026d4      0x124 .\CortexM3\ARM_GCC_541\Debug\ElectronicClock.a(ErikaOS_1_ee_ulockres.o)
                0x000026d4                EE_oo_ReleaseResource
 .text.EE_system_init
                0x000027f8       0x48 .\CortexM3\ARM_GCC_541\Debug\ElectronicClock.a(ErikaOS_1_cortex_mx_ee_utils.o)
                0x000027f8                EE_system_init
 .text.CyHalt   0x00002840        0x4 .\CortexM3\ARM_GCC_541\Debug\ElectronicClock.a(CyLib.o)
                0x00002840                CyHalt
 .text.CyDelay  0x00002844       0x2c .\CortexM3\ARM_GCC_541\Debug\ElectronicClock.a(CyLib.o)
                0x00002844                CyDelay
 .text.CyIntSetVector
                0x00002870       0x28 .\CortexM3\ARM_GCC_541\Debug\ElectronicClock.a(CyLib.o)
                0x00002870                CyIntSetVector
 .text.CyIntSetPriority
                0x00002898       0x30 .\CortexM3\ARM_GCC_541\Debug\ElectronicClock.a(CyLib.o)
                0x00002898                CyIntSetPriority
 .text.BUTTON_1_Read
                0x000028c8       0x10 .\CortexM3\ARM_GCC_541\Debug\ElectronicClock.a(BUTTON_1.o)
                0x000028c8                BUTTON_1_Read
 .text.BUTTON_2_Read
                0x000028d8       0x10 .\CortexM3\ARM_GCC_541\Debug\ElectronicClock.a(BUTTON_2.o)
                0x000028d8                BUTTON_2_Read
 .text.BUTTON_3_Read
                0x000028e8       0x10 .\CortexM3\ARM_GCC_541\Debug\ElectronicClock.a(BUTTON_3.o)
                0x000028e8                BUTTON_3_Read
 .text.BUTTON_4_Read
                0x000028f8       0x10 .\CortexM3\ARM_GCC_541\Debug\ElectronicClock.a(BUTTON_4.o)
                0x000028f8                BUTTON_4_Read
 .text.TFT_SPI_Enable
                0x00002908       0x34 .\CortexM3\ARM_GCC_541\Debug\ElectronicClock.a(TFT_SPI.o)
                0x00002908                TFT_SPI_Enable
 .text.TFT_SPI_ReadTxStatus
                0x0000293c        0xc .\CortexM3\ARM_GCC_541\Debug\ElectronicClock.a(TFT_SPI.o)
                0x0000293c                TFT_SPI_ReadTxStatus
 .text.TFT_SPI_ReadRxStatus
                0x00002948        0xc .\CortexM3\ARM_GCC_541\Debug\ElectronicClock.a(TFT_SPI.o)
                0x00002948                TFT_SPI_ReadRxStatus
 .text.TFT_SPI_WriteTxData
                0x00002954       0x18 .\CortexM3\ARM_GCC_541\Debug\ElectronicClock.a(TFT_SPI.o)
                0x00002954                TFT_SPI_WriteTxData
 .text.TFT_SPI_ClearFIFO
                0x0000296c       0x3c .\CortexM3\ARM_GCC_541\Debug\ElectronicClock.a(TFT_SPI.o)
                0x0000296c                TFT_SPI_ClearFIFO
 .text.TFT_SPI_Init
                0x000029a8       0x28 .\CortexM3\ARM_GCC_541\Debug\ElectronicClock.a(TFT_SPI.o)
                0x000029a8                TFT_SPI_Init
 .text.TFT_SPI_Start
                0x000029d0       0x1c .\CortexM3\ARM_GCC_541\Debug\ElectronicClock.a(TFT_SPI.o)
                0x000029d0                TFT_SPI_Start
 .text.TFT_DC_Write
                0x000029ec       0x18 .\CortexM3\ARM_GCC_541\Debug\ElectronicClock.a(TFT_DC.o)
                0x000029ec                TFT_DC_Write
 .text.TFT_RES_Write
                0x00002a04       0x18 .\CortexM3\ARM_GCC_541\Debug\ElectronicClock.a(TFT_RES.o)
                0x00002a04                TFT_RES_Write
 .text.TFT_BackLight_Enable
                0x00002a1c       0x28 .\CortexM3\ARM_GCC_541\Debug\ElectronicClock.a(TFT_BackLight.o)
                0x00002a1c                TFT_BackLight_Enable
 .text.TFT_BackLight_WritePeriod
                0x00002a44        0xc .\CortexM3\ARM_GCC_541\Debug\ElectronicClock.a(TFT_BackLight.o)
                0x00002a44                TFT_BackLight_WritePeriod
 .text.TFT_BackLight_WriteCompare
                0x00002a50        0xc .\CortexM3\ARM_GCC_541\Debug\ElectronicClock.a(TFT_BackLight.o)
                0x00002a50                TFT_BackLight_WriteCompare
 .text.TFT_BackLight_SetInterruptMode
                0x00002a5c        0xc .\CortexM3\ARM_GCC_541\Debug\ElectronicClock.a(TFT_BackLight.o)
                0x00002a5c                TFT_BackLight_SetInterruptMode
 .text.TFT_BackLight_Init
                0x00002a68       0x74 .\CortexM3\ARM_GCC_541\Debug\ElectronicClock.a(TFT_BackLight.o)
                0x00002a68                TFT_BackLight_Init
 .text.TFT_BackLight_Start
                0x00002adc       0x1c .\CortexM3\ARM_GCC_541\Debug\ElectronicClock.a(TFT_BackLight.o)
                0x00002adc                TFT_BackLight_Start
 .text.TFT_SPI_IntClock_Start
                0x00002af8       0x1c .\CortexM3\ARM_GCC_541\Debug\ElectronicClock.a(TFT_SPI_IntClock.o)
                0x00002af8                TFT_SPI_IntClock_Start
 .text.UART_Logs_Init
                0x00002b14       0x60 .\CortexM3\ARM_GCC_541\Debug\ElectronicClock.a(UART_Logs.o)
                0x00002b14                UART_Logs_Init
 .text.UART_Logs_Enable
                0x00002b74       0x54 .\CortexM3\ARM_GCC_541\Debug\ElectronicClock.a(UART_Logs.o)
                0x00002b74                UART_Logs_Enable
 .text.UART_Logs_Start
                0x00002bc8       0x1c .\CortexM3\ARM_GCC_541\Debug\ElectronicClock.a(UART_Logs.o)
                0x00002bc8                UART_Logs_Start
 .text.UART_Logs_PutChar
                0x00002be4       0x70 .\CortexM3\ARM_GCC_541\Debug\ElectronicClock.a(UART_Logs.o)
                0x00002be4                UART_Logs_PutChar
 .text.UART_Logs_PutString
                0x00002c54       0x24 .\CortexM3\ARM_GCC_541\Debug\ElectronicClock.a(UART_Logs.o)
                0x00002c54                UART_Logs_PutString
 .text.UART_Logs_RXISR
                0x00002c78       0x98 .\CortexM3\ARM_GCC_541\Debug\ElectronicClock.a(UART_Logs_INT.o)
                0x00002c78                UART_Logs_RXISR
 .text.UART_Logs_TXISR
                0x00002d10       0x58 .\CortexM3\ARM_GCC_541\Debug\ElectronicClock.a(UART_Logs_INT.o)
                0x00002d10                UART_Logs_TXISR
 .text.UART_Logs_IntClock_Start
                0x00002d68       0x1c .\CortexM3\ARM_GCC_541\Debug\ElectronicClock.a(UART_Logs_IntClock.o)
                0x00002d68                UART_Logs_IntClock_Start
 .text          0x00002d84       0x7c .\CortexM3\ARM_GCC_541\Debug\ElectronicClock.a(ErikaOS_1_ee_gnu_change_context_isr.o)
                0x00002d84                EE_set_switch_context_pri
                0x00002d9e                EE_switch_context
                0x00002da8                EE_cortex_mx_pendsv_ISR
                0x00002de4                EE_cortex_mx_svc_ISR
 .text          0x00002e00       0x24 .\CortexM3\ARM_GCC_541\Debug\ElectronicClock.a(ErikaOS_1_ee_gnu_irq_stack.o)
                0x00002e00                EE_cortex_mx_change_IRQ_stack
                0x00002e12                EE_cortex_mx_change_IRQ_stack_back
 .text          0x00002e24       0x68 .\CortexM3\ARM_GCC_541\Debug\ElectronicClock.a(ErikaOS_1_ee_gnu_multi_context.o)
                0x00002e24                EE_cortex_mx_change_context
 .text          0x00002e8c       0x80 .\CortexM3\ARM_GCC_541\Debug\ElectronicClock.a(ErikaOS_1_ee_gnu_oo.o)
                0x00002e8c                EE_hal_terminate_savestk
                0x00002ed6                EE_hal_terminate_task
 *fill*         0x00002f0c        0x4 
 .text          0x00002f10       0x20 .\CortexM3\ARM_GCC_541\Debug\ElectronicClock.a(CyBootAsmGnu.o)
                0x00002f10                CyDelayCycles
                0x00002f20                CyEnterCriticalSection
                0x00002f28                CyExitCriticalSection
 .text.EE_thread_not_terminated
                0x00002f30       0x18 .\CortexM3\ARM_GCC_541\Debug\ElectronicClock.a(ErikaOS_1_ee_tnterm.o)
                0x00002f30                EE_thread_not_terminated
 .text.EE_oo_thread_stub
                0x00002f48       0x10 .\CortexM3\ARM_GCC_541\Debug\ElectronicClock.a(ErikaOS_1_ee_tstub.o)
                0x00002f48                EE_oo_thread_stub
 .text.EE_oo_release_all_resources
                0x00002f58       0x58 .\CortexM3\ARM_GCC_541\Debug\ElectronicClock.a(ErikaOS_1_ee_ulockallres.o)
                0x00002f58                EE_oo_release_all_resources
 .text.EE_std_run_task_code
                0x00002fb0       0x18 .\CortexM3\ARM_GCC_541\Debug\ElectronicClock.a(ErikaOS_1_cortex_mx_ee_context.o)
                0x00002fb0                EE_std_run_task_code
 .text.EE_std_need_context_change
                0x00002fc8       0x28 .\CortexM3\ARM_GCC_541\Debug\ElectronicClock.a(ErikaOS_1_cortex_mx_ee_context.o)
                0x00002fc8                EE_std_need_context_change
 .text.EE_thread_rnact_max
                0x00002ff0       0x20 .\CortexM3\ARM_GCC_541\Debug\ElectronicClock.a(ErikaOS_1_ee_thendin.o)
 .text.EE_thread_endcycle_next
                0x00003010       0x30 .\CortexM3\ARM_GCC_541\Debug\ElectronicClock.a(ErikaOS_1_ee_thendin.o)
 .text.EE_thread_end_instance
                0x00003040      0x108 .\CortexM3\ARM_GCC_541\Debug\ElectronicClock.a(ErikaOS_1_ee_thendin.o)
                0x00003040                EE_thread_end_instance
 .text.__errno  0x00003148        0xc c:/program files (x86)/cypress/psoc creator/4.4/psoc creator/import/gnu/arm/5.4.1/bin/../lib/gcc/arm-none-eabi/5.4.1/../../../../arm-none-eabi/lib/armv7-m\libg_nano.a(lib_a-errno.o)
                0x00003148                __errno
 .text.__libc_init_array
                0x00003154       0x4c c:/program files (x86)/cypress/psoc creator/4.4/psoc creator/import/gnu/arm/5.4.1/bin/../lib/gcc/arm-none-eabi/5.4.1/../../../../arm-none-eabi/lib/armv7-m\libg_nano.a(lib_a-init.o)
                0x00003154                __libc_init_array
 .text.memcpy   0x000031a0       0x16 c:/program files (x86)/cypress/psoc creator/4.4/psoc creator/import/gnu/arm/5.4.1/bin/../lib/gcc/arm-none-eabi/5.4.1/../../../../arm-none-eabi/lib/armv7-m\libg_nano.a(lib_a-memcpy-stub.o)
                0x000031a0                memcpy
 .text.memset   0x000031b6       0x10 c:/program files (x86)/cypress/psoc creator/4.4/psoc creator/import/gnu/arm/5.4.1/bin/../lib/gcc/arm-none-eabi/5.4.1/../../../../arm-none-eabi/lib/armv7-m\libg_nano.a(lib_a-memset.o)
                0x000031b6                memset
 *(.plt)
 *(.gnu.warning)
 *(.glue_7t)
 .glue_7t       0x000031c6        0x0 linker stubs
 *(.glue_7)
 .glue_7        0x000031c6        0x0 linker stubs
 *(.vfp11_veneer)
 .vfp11_veneer  0x000031c6        0x0 linker stubs
 *(.bootloader)
 *(.ARM.extab* .gnu.linkonce.armextab.*)
 *(.gcc_except_table)

.v4_bx          0x000031c8        0x0
 .v4_bx         0x000031c8        0x0 linker stubs

.iplt           0x000031c8        0x0
 .iplt          0x000031c8        0x0 c:/program files (x86)/cypress/psoc creator/4.4/psoc creator/import/gnu/arm/5.4.1/bin/../lib/gcc/arm-none-eabi/5.4.1/armv7-m/crtbegin.o

.eh_frame_hdr
 *(.eh_frame_hdr)

.eh_frame       0x000031c8        0x4
 *(.eh_frame)
 .eh_frame      0x000031c8        0x0 c:/program files (x86)/cypress/psoc creator/4.4/psoc creator/import/gnu/arm/5.4.1/bin/../lib/gcc/arm-none-eabi/5.4.1/armv7-m/crtbegin.o
 .eh_frame      0x000031c8        0x4 c:/program files (x86)/cypress/psoc creator/4.4/psoc creator/import/gnu/arm/5.4.1/bin/../lib/gcc/arm-none-eabi/5.4.1/armv7-m/crtend.o
                [!provide]                PROVIDE (__exidx_start, .)

.ARM.exidx
 *(.ARM.exidx* .gnu.linkonce.armexidx.*)
                0x000031cc                __exidx_end = .

.rodata         0x000031cc      0xbd4
 *(.rodata .rodata.* .gnu.linkonce.r.*)
 .rodata        0x000031cc      0x160 .\CortexM3\ARM_GCC_541\Debug\swc_control.o
                0x000031cc                CLOCK_Widget_StateActions_Size
                0x000031d0                CLOCK_Widget_StateActions
                0x000031f4                CLOCK_Widget_Transitions_Size
                0x000031f8                CLOCK_Widget_Transitions
                0x0000321c                CLOCK_W_ISAUTOINCREMENTING_Transitions
                0x00003234                STATE_CLOCK_W_ISEDITING_Transitions
                0x00003258                STATE_CLOCK_W_ISDISPLAYING_Transitions
                0x00003264                CLOCK_Container_StateActions_Size
                0x00003268                CLOCK_Container_StateActions
                0x0000328c                CLOCK_Container_Transitions_Size
                0x00003290                CLOCK_Container_Transitions
                0x000032b4                STATE_CLOCK_C_ISEDITINGMins_Transitions
                0x000032e4                STATE_CLOCK_C_ISEDITINGHOURS_Transitions
                0x00003314                STATE_CLOCK_C_ISDISPLAYING_Transitions
 .rodata.str1.4
                0x0000332c       0x32 .\CortexM3\ARM_GCC_541\Debug\swc_input.o
 *fill*         0x0000335e        0x2 
 .rodata        0x00003360        0xa .\CortexM3\ARM_GCC_541\Debug\tsk_control.o
                0x00003360                RTE_eventActivationTable_tsk_control
                0x00003368                RTE_eventActivation_tsk_control_size
 *fill*         0x0000336a        0x2 
 .rodata        0x0000336c       0x12 .\CortexM3\ARM_GCC_541\Debug\tsk_display.o
                0x0000336c                RTE_cyclicActivationTable_tsk_display
                0x0000337c                RTE_cyclicActivation_tsk_display_size
 *fill*         0x0000337e        0x2 
 .rodata        0x00003380       0x1c .\CortexM3\ARM_GCC_541\Debug\tsk_input.o
                0x00003380                RTE_eventActivationTable_tsk_input
                0x00003398                RTE_eventActivation_tsk_input_size
                0x0000339a                RTE_cyclicActivation_tsk_input_size
                0x0000339c                RTE_cyclicActivationTable_tsk_input
 .rodata        0x0000339c      0x558 .\CortexM3\ARM_GCC_541\Debug\tft.o
 .rodata.str1.4
                0x000038f4       0x14 .\CortexM3\ARM_GCC_541\Debug\tft.o
 .rodata.str1.4
                0x00003908       0x14 .\CortexM3\ARM_GCC_541\Debug\logging.o
                                 0x18 (size before relaxing)
 .rodata        0x0000391c       0x88 .\CortexM3\ARM_GCC_541\Debug\sp_common.o
                0x00003978                so_events_updTasks
 .rodata        0x000039a4       0x50 .\CortexM3\ARM_GCC_541\Debug\cyfitter_cfg.o
 .rodata        0x000039f4      0x100 .\CortexM3\ARM_GCC_541\Debug\ElectronicClock.a(ErikaOS_1_ee_lookup.o)
                0x000039f4                EE_rq_lookup
 .rodata        0x00003af4      0x170 .\CortexM3\ARM_GCC_541\Debug\ElectronicClock.a(ErikaOS_1_eecfg.o)
                0x00003af4                EE_oo_autostart_task_data
                0x00003b00                EE_oo_action_ROM
                0x00003b50                EE_oo_counter_object_ROM
                0x00003b80                EE_ALARM_ID
                0x00003b90                EE_alarm_ROM
                0x00003ba0                EE_counter_ROM
                0x00003bac                EE_resource_ceiling
                0x00003bb8                EE_th_is_extended
                0x00003bcc                EE_th_rnact_max
                0x00003be0                EE_th_dispatch_prio
                0x00003bf4                EE_EVENT_ID
                0x00003c04                EE_RESOURCE_ID
                0x00003c10                EE_th_ready_prio
                0x00003c24                EE_terminate_real_th_body
                0x00003c38                EE_hal_thread_body
                0x00003c4c                EE_std_thread_tos
 .rodata.str1.4
                0x00003c64      0x100 .\CortexM3\ARM_GCC_541\Debug\ElectronicClock.a(ErikaOS_1_eecfg.o)
 .rodata.str1.1
                0x00003d64        0x2 c:/program files (x86)/cypress/psoc creator/4.4/psoc creator/import/gnu/arm/5.4.1/bin/../lib/gcc/arm-none-eabi/5.4.1/../../../../arm-none-eabi/lib/armv7-m\libg_nano.a(lib_a-impure.o)
                0x00003d68                . = ALIGN (0x4)
 *fill*         0x00003d66        0x2 
 *(.init)
 .init          0x00003d68        0x4 c:/program files (x86)/cypress/psoc creator/4.4/psoc creator/import/gnu/arm/5.4.1/bin/../lib/gcc/arm-none-eabi/5.4.1/armv7-m/crti.o
                0x00003d68                _init
 .init          0x00003d6c        0x8 c:/program files (x86)/cypress/psoc creator/4.4/psoc creator/import/gnu/arm/5.4.1/bin/../lib/gcc/arm-none-eabi/5.4.1/armv7-m/crtn.o
                0x00003d74                . = ALIGN (0x4)
                0x00003d74                __preinit_array_start = .
 *(.preinit_array)
                0x00003d74                __preinit_array_end = .
                0x00003d74                . = ALIGN (0x4)
                0x00003d74                __init_array_start = .
 *(SORT(.init_array.*))
 *(.init_array)
 .init_array    0x00003d74        0x4 c:/program files (x86)/cypress/psoc creator/4.4/psoc creator/import/gnu/arm/5.4.1/bin/../lib/gcc/arm-none-eabi/5.4.1/armv7-m/crtbegin.o
 .init_array    0x00003d78        0x4 .\CortexM3\ARM_GCC_541\Debug\Cm3Start.o
                0x00003d7c                __init_array_end = .
                0x00003d7c                . = ALIGN (0x4)
 *(.fini)
 .fini          0x00003d7c        0x4 c:/program files (x86)/cypress/psoc creator/4.4/psoc creator/import/gnu/arm/5.4.1/bin/../lib/gcc/arm-none-eabi/5.4.1/armv7-m/crti.o
                0x00003d7c                _fini
 .fini          0x00003d80        0x8 c:/program files (x86)/cypress/psoc creator/4.4/psoc creator/import/gnu/arm/5.4.1/bin/../lib/gcc/arm-none-eabi/5.4.1/armv7-m/crtn.o
                0x00003d88                . = ALIGN (0x4)
                0x00003d88                __fini_array_start = .
 *(.fini_array)
 .fini_array    0x00003d88        0x4 c:/program files (x86)/cypress/psoc creator/4.4/psoc creator/import/gnu/arm/5.4.1/bin/../lib/gcc/arm-none-eabi/5.4.1/armv7-m/crtbegin.o
 *(SORT(.fini_array.*))
                0x00003d8c                __fini_array_end = .
                0x00003d8c                . = ALIGN (0x4)
 *crtbegin.o(.ctors)
 *(EXCLUDE_FILE(*crtend.o) .ctors)
 *(SORT(.ctors.*))
 *crtend.o(.ctors)
                0x00003d8c                . = ALIGN (0x4)
 *crtbegin.o(.dtors)
 *(EXCLUDE_FILE(*crtend.o) .dtors)
 *(SORT(.dtors.*))
 *crtend.o(.dtors)
                0x00003d8c                . = ALIGN (0x4)
                0x00003d8c                __cy_regions = .
                0x00003d8c        0x4 LONG 0x3da0 __cy_region_init_ram
                0x00003d90        0x4 LONG 0x1fff80c8 __cy_region_start_data
                0x00003d94        0x4 LONG 0x248 __cy_region_init_size_ram
                0x00003d98        0x4 LONG 0x1c30 __cy_region_zero_size_ram
                0x00003d9c                __cy_regions_end = .
                0x00003da0                . = ALIGN (0x8)
 *fill*         0x00003d9c        0x4 
                0x00003da0                _etext = .

.cy_checksum_exclude
                0x00003da0        0x0
 *(.cy_checksum_exclude)

.ramvectors     0x1fff8000       0xc0
                0x1fff8000                __cy_region_start_ram = .
 *(.ramvectors)
 .ramvectors    0x1fff8000       0xc0 .\CortexM3\ARM_GCC_541\Debug\Cm3Start.o
                0x1fff8000                CyRamVectors

.noinit         0x1fff80c0        0x1
 *(.noinit)
 .noinit        0x1fff80c0        0x1 .\CortexM3\ARM_GCC_541\Debug\ElectronicClock.a(CyLib.o)
                0x1fff80c0                CyResetStatus

.data           0x1fff80c8      0x248 load address 0x00003da0
                0x1fff80c8                __cy_region_start_data = .
 *(.jcr)
 .jcr           0x1fff80c8        0x0 c:/program files (x86)/cypress/psoc creator/4.4/psoc creator/import/gnu/arm/5.4.1/bin/../lib/gcc/arm-none-eabi/5.4.1/armv7-m/crtbegin.o
 .jcr           0x1fff80c8        0x4 c:/program files (x86)/cypress/psoc creator/4.4/psoc creator/import/gnu/arm/5.4.1/bin/../lib/gcc/arm-none-eabi/5.4.1/armv7-m/crtend.o
 *(.got.plt)
 *(.got)
 *(.shdata)
 *(.data .data.* .gnu.linkonce.d.*)
 .data          0x1fff80cc       0x20 .\CortexM3\ARM_GCC_541\Debug\swc_control.o
                0x1fff80cc                CLOCK_Widget_FSM
                0x1fff80dc                CLOCK_CONTAINER_FSM
 .data          0x1fff80ec        0x1 .\CortexM3\ARM_GCC_541\Debug\swc_output.o
 *fill*         0x1fff80ed        0x3 
 .data          0x1fff80f0       0x2c .\CortexM3\ARM_GCC_541\Debug\sp_common.o
                0x1fff80f0                SO_BUTTONS_signal
                0x1fff80fc                SO_EVENTS_signal
                0x1fff8108                SO_CLOCKDATA_signal
 .data          0x1fff811c      0x178 .\CortexM3\ARM_GCC_541\Debug\ElectronicClock.a(ErikaOS_1_eecfg.o)
                0x1fff811c                EE_ALARM_NAME
                0x1fff812c                EE_counter_RAM
                0x1fff8134                EE_resource_stack
                0x1fff8140                EE_th_resource_last
                0x1fff8154                EE_th_terminate_nextask
                0x1fff8168                EE_rq_pairs_next
                0x1fff817c                EE_rq_link
                0x1fff8190                EE_th_rnact
                0x1fff81a4                EE_rq_queues_tail
                0x1fff81e4                EE_rq_queues_head
                0x1fff8224                EE_stkfirst
                0x1fff8228                EE_th_next
                0x1fff823c                EE_th_status
                0x1fff8250                EE_EVENT_NAME
                0x1fff8260                EE_RESOURCE_NAME
                0x1fff826c                EE_TASK_NAME
                0x1fff8280                EE_cortex_mx_IRQ_tos
                0x1fff8284                EE_cortex_mx_system_tos
 .data          0x1fff8294       0x10 .\CortexM3\ARM_GCC_541\Debug\ElectronicClock.a(CyLib.o)
                0x1fff8294                cydelay_32k_ms
                0x1fff8298                cydelay_freq_khz
                0x1fff829c                cydelay_freq_mhz
                0x1fff82a0                cydelay_freq_hz
 .data          0x1fff82a4        0x4 .\CortexM3\ARM_GCC_541\Debug\ElectronicClock.a(ErikaOS_1_ee_gnu_irq_stack.o)
 .data.impure_data
                0x1fff82a8       0x60 c:/program files (x86)/cypress/psoc creator/4.4/psoc creator/import/gnu/arm/5.4.1/bin/../lib/gcc/arm-none-eabi/5.4.1/../../../../arm-none-eabi/lib/armv7-m\libg_nano.a(lib_a-impure.o)
 .data._impure_ptr
                0x1fff8308        0x4 c:/program files (x86)/cypress/psoc creator/4.4/psoc creator/import/gnu/arm/5.4.1/bin/../lib/gcc/arm-none-eabi/5.4.1/../../../../arm-none-eabi/lib/armv7-m\libg_nano.a(lib_a-impure.o)
                0x1fff8308                _impure_ptr
                0x1fff8310                . = ALIGN (0x8)
 *fill*         0x1fff830c        0x4 
 *(.ram)
                0x1fff8310                _edata = .

.igot.plt       0x1fff8310        0x0 load address 0x00003fe8
 .igot.plt      0x1fff8310        0x0 c:/program files (x86)/cypress/psoc creator/4.4/psoc creator/import/gnu/arm/5.4.1/bin/../lib/gcc/arm-none-eabi/5.4.1/armv7-m/crtbegin.o

.bss            0x1fff8310     0x1c30 load address 0x00003fe8
                0x1fff8310                PROVIDE (__bss_start__, .)
 *(.shbss)
 *(.bss .bss.* .gnu.linkonce.b.*)
 .bss           0x1fff8310       0x1c c:/program files (x86)/cypress/psoc creator/4.4/psoc creator/import/gnu/arm/5.4.1/bin/../lib/gcc/arm-none-eabi/5.4.1/armv7-m/crtbegin.o
 .bss           0x1fff832c        0x4 .\CortexM3\ARM_GCC_541\Debug\tsk_display.o
 .bss           0x1fff8330       0xe6 .\CortexM3\ARM_GCC_541\Debug\tft.o
 *fill*         0x1fff8416        0x2 
 .bss           0x1fff8418       0x58 .\CortexM3\ARM_GCC_541\Debug\ElectronicClock.a(ErikaOS_1_eecfg.o)
                0x1fff8418                EE_resource_locked
                0x1fff8424                EE_th_waswaiting
                0x1fff8438                EE_th_event_waitmask
                0x1fff844c                EE_th_event_active
                0x1fff8460                EE_rq_free
                0x1fff8464                EE_rq_bitmask
                0x1fff8468                EE_sys_ceiling
                0x1fff846c                EE_cortex_mx_active_tos
 .bss           0x1fff8470        0x1 .\CortexM3\ARM_GCC_541\Debug\ElectronicClock.a(TFT_SPI.o)
                0x1fff8470                TFT_SPI_initVar
 .bss           0x1fff8471        0x1 .\CortexM3\ARM_GCC_541\Debug\ElectronicClock.a(TFT_BackLight.o)
                0x1fff8471                TFT_BackLight_initVar
 .bss           0x1fff8472        0x9 .\CortexM3\ARM_GCC_541\Debug\ElectronicClock.a(UART_Logs.o)
                0x1fff8472                UART_Logs_errorStatus
                0x1fff8473                UART_Logs_initVar
                0x1fff8474                UART_Logs_rxBufferRead
                0x1fff8475                UART_Logs_rxBufferWrite
                0x1fff8476                UART_Logs_rxBufferLoopDetect
                0x1fff8477                UART_Logs_rxBufferOverflow
                0x1fff8478                UART_Logs_txBufferRead
                0x1fff8479                UART_Logs_txBufferWrite
 *(COMMON)
 *fill*         0x1fff847b        0x1 
 COMMON         0x1fff847c        0x8 .\CortexM3\ARM_GCC_541\Debug\ElectronicClock.a(ErikaOS_1_ee_lookup.o)
                0x1fff847c                EE_oo_IRQ_disable_count
                0x1fff8480                EE_oo_IRQ_suspend_status
 COMMON         0x1fff8484        0x4 .\CortexM3\ARM_GCC_541\Debug\ElectronicClock.a(ErikaOS_1_ee_startos.o)
                0x1fff8484                EE_oo_started
 COMMON         0x1fff8488        0x8 .\CortexM3\ARM_GCC_541\Debug\ElectronicClock.a(ErikaOS_1_common_ee_hal_structs.o)
                0x1fff8488                EE_IRQ_nesting_level
                0x1fff848c                EE_std_endcycle_next_tid
 COMMON         0x1fff8490     0x19e8 .\CortexM3\ARM_GCC_541\Debug\ElectronicClock.a(ErikaOS_1_eecfg.o)
                0x1fff8490                EE_cortex_mx_stack_3
                0x1fff8c60                EE_rq_pairs_tid
                0x1fff8c74                EE_terminate_data
                0x1fff8c88                EE_oo_counter_object_RAM
                0x1fff8cc8                EE_resource_oldceiling
                0x1fff8cd4                EE_cortex_mx_stack_5
                0x1fff94a4                EE_ApplicationMode
                0x1fff94a8                EE_cortex_mx_stack_4
                0x1fff9c78                EE_cortex_mx_stack_9
 COMMON         0x1fff9e78       0xc8 .\CortexM3\ARM_GCC_541\Debug\ElectronicClock.a(UART_Logs.o)
                0x1fff9e78                UART_Logs_txBuffer
                0x1fff9edc                UART_Logs_rxBuffer
                0x1fff9f40                . = ALIGN (0x8)
 *(.ram.b)
                0x1fff9f40                _end = .
                0x1fff9f40                __end = .
                0x1fff9f40                PROVIDE (end, .)
                0x1fff9f40                PROVIDE (__bss_end__, .)
                0x00003da0                __cy_region_init_ram = LOADADDR (.data)
                0x00000248                __cy_region_init_size_ram = (_edata - ADDR (.data))
                0x00001c30                __cy_region_zero_size_ram = (_end - _edata)

.heap           0x1fff9f40       0x80 load address 0x00003fe8
                0x1fff9f40                . = _end
                0x1fff9fc0                . = (. + 0x80)
 *fill*         0x1fff9f40       0x80 
                0x1fff9fc0                __cy_heap_limit = .

.stack          0x20007800      0x800
                0x20007800                __cy_stack_limit = .
                0x20008000                . = (. + 0x800)
 *fill*         0x20007800      0x800 
                0x00000001                ASSERT ((__cy_stack_limit >= __cy_heap_limit), region RAM overflowed with stack)
                0x00000000                cy_checksum_exclude_size = (CY_APPL_LOADABLE == 0x1)?SIZEOF (.cy_checksum_exclude):0x0
                0x00000001                ASSERT ((cy_checksum_exclude_size <= CY_CHECKSUM_EXCLUDE_SIZE), CY_BOOT: Section .cy_checksum_exclude size exceedes specified limit.)

.cyloadermeta
 *(.cyloadermeta)

.cyloadablemeta
 *(.cyloadablemeta)

.cyconfigecc    0x80000000      0x610
 *(.cyconfigecc)
 .cyconfigecc   0x80000000      0x610 .\CortexM3\ARM_GCC_541\Debug\cymetadata.o
                0x80000000                cy_meta_configecc

.cycustnvl      0x90000000        0x4
 *(.cycustnvl)
 .cycustnvl     0x90000000        0x4 .\CortexM3\ARM_GCC_541\Debug\cymetadata.o
                0x90000000                cy_meta_custnvl

.cywolatch      0x90100000        0x4
 *(.cywolatch)
 .cywolatch     0x90100000        0x4 .\CortexM3\ARM_GCC_541\Debug\cymetadata.o
                0x90100000                cy_meta_wonvl

.cyeeprom       0x90200000        0x0
 *(.cyeeprom)
                0x00000001                ASSERT ((. <= ((0x90200000 + ee_offset) + ee_size)), .cyeeprom data will not fit in EEPROM)

.cyflashprotect
                0x90400000      0x100
 *(.cyflashprotect)
 .cyflashprotect
                0x90400000      0x100 .\CortexM3\ARM_GCC_541\Debug\cymetadata.o
                0x90400000                cy_meta_flashprotect

.cymeta         0x90500000        0xc
 *(.cymeta)
 .cymeta        0x90500000        0xc .\CortexM3\ARM_GCC_541\Debug\cymetadata.o
                0x90500000                cy_metadata

.rel.dyn        0x00003fe8        0x0 load address 0x9050000c
 .rel.iplt      0x00003fe8        0x0 c:/program files (x86)/cypress/psoc creator/4.4/psoc creator/import/gnu/arm/5.4.1/bin/../lib/gcc/arm-none-eabi/5.4.1/armv7-m/crtbegin.o

.stab
 *(.stab)

.stabstr
 *(.stabstr)

.debug
 *(.debug)

.line
 *(.line)

.debug_srcinfo
 *(.debug_srcinfo)

.debug_sfnames
 *(.debug_sfnames)

.debug_aranges  0x00000000     0x1268
 *(.debug_aranges)
 .debug_aranges
                0x00000000       0x48 .\CortexM3\ARM_GCC_541\Debug\main.o
 .debug_aranges
                0x00000048       0x98 .\CortexM3\ARM_GCC_541\Debug\swc_control.o
 .debug_aranges
                0x000000e0       0x30 .\CortexM3\ARM_GCC_541\Debug\swc_input.o
 .debug_aranges
                0x00000110       0x28 .\CortexM3\ARM_GCC_541\Debug\swc_output.o
 .debug_aranges
                0x00000138       0x20 .\CortexM3\ARM_GCC_541\Debug\tsk_control.o
 .debug_aranges
                0x00000158       0x20 .\CortexM3\ARM_GCC_541\Debug\tsk_display.o
 .debug_aranges
                0x00000178       0x30 .\CortexM3\ARM_GCC_541\Debug\tsk_input.o
 .debug_aranges
                0x000001a8      0x178 .\CortexM3\ARM_GCC_541\Debug\tft.o
 .debug_aranges
                0x00000320       0x28 .\CortexM3\ARM_GCC_541\Debug\logging.o
 .debug_aranges
                0x00000348       0x28 .\CortexM3\ARM_GCC_541\Debug\button.o
 .debug_aranges
                0x00000370       0x30 .\CortexM3\ARM_GCC_541\Debug\statemachine.o
 .debug_aranges
                0x000003a0       0x28 .\CortexM3\ARM_GCC_541\Debug\rte.o
 .debug_aranges
                0x000003c8       0x20 .\CortexM3\ARM_GCC_541\Debug\sc_buttons_type.o
 .debug_aranges
                0x000003e8       0x20 .\CortexM3\ARM_GCC_541\Debug\sc_clockdata_type.o
 .debug_aranges
                0x00000408       0x28 .\CortexM3\ARM_GCC_541\Debug\sp_common.o
 .debug_aranges
                0x00000430       0x58 .\CortexM3\ARM_GCC_541\Debug\cyfitter_cfg.o
 .debug_aranges
                0x00000488       0x18 .\CortexM3\ARM_GCC_541\Debug\cymetadata.o
 .debug_aranges
                0x000004a0       0x48 .\CortexM3\ARM_GCC_541\Debug\Cm3Start.o
 .debug_aranges
                0x000004e8       0x20 .\CortexM3\ARM_GCC_541\Debug\ElectronicClock.a(ErikaOS_1_ee_activate.o)
 .debug_aranges
                0x00000508       0x20 .\CortexM3\ARM_GCC_541\Debug\ElectronicClock.a(ErikaOS_1_ee_alcancel.o)
 .debug_aranges
                0x00000528       0x20 .\CortexM3\ARM_GCC_541\Debug\ElectronicClock.a(ErikaOS_1_ee_alsetrel.o)
 .debug_aranges
                0x00000548       0x58 .\CortexM3\ARM_GCC_541\Debug\ElectronicClock.a(ErikaOS_1_ee_altick.o)
 .debug_aranges
                0x000005a0       0x20 .\CortexM3\ARM_GCC_541\Debug\ElectronicClock.a(ErikaOS_1_ee_evclear.o)
 .debug_aranges
                0x000005c0       0x20 .\CortexM3\ARM_GCC_541\Debug\ElectronicClock.a(ErikaOS_1_ee_evget.o)
 .debug_aranges
                0x000005e0       0x20 .\CortexM3\ARM_GCC_541\Debug\ElectronicClock.a(ErikaOS_1_ee_evset.o)
 .debug_aranges
                0x00000600       0x20 .\CortexM3\ARM_GCC_541\Debug\ElectronicClock.a(ErikaOS_1_ee_evwait.o)
 .debug_aranges
                0x00000620       0x30 .\CortexM3\ARM_GCC_541\Debug\ElectronicClock.a(ErikaOS_1_ee_irqendin.o)
 .debug_aranges
                0x00000650       0x20 .\CortexM3\ARM_GCC_541\Debug\ElectronicClock.a(ErikaOS_1_ee_lockres.o)
 .debug_aranges
                0x00000670       0x18 .\CortexM3\ARM_GCC_541\Debug\ElectronicClock.a(ErikaOS_1_ee_lookup.o)
 .debug_aranges
                0x00000688       0x20 .\CortexM3\ARM_GCC_541\Debug\ElectronicClock.a(ErikaOS_1_ee_rq_exchg.o)
 .debug_aranges
                0x000006a8       0x20 .\CortexM3\ARM_GCC_541\Debug\ElectronicClock.a(ErikaOS_1_ee_rq_first.o)
 .debug_aranges
                0x000006c8       0x20 .\CortexM3\ARM_GCC_541\Debug\ElectronicClock.a(ErikaOS_1_ee_rq_inser.o)
 .debug_aranges
                0x000006e8       0x40 .\CortexM3\ARM_GCC_541\Debug\ElectronicClock.a(ErikaOS_1_ee_startos.o)
 .debug_aranges
                0x00000728       0x20 .\CortexM3\ARM_GCC_541\Debug\ElectronicClock.a(ErikaOS_1_ee_terminat.o)
 .debug_aranges
                0x00000748       0x20 .\CortexM3\ARM_GCC_541\Debug\ElectronicClock.a(ErikaOS_1_ee_ulockres.o)
 .debug_aranges
                0x00000768       0x20 .\CortexM3\ARM_GCC_541\Debug\ElectronicClock.a(ErikaOS_1_cortex_mx_ee_utils.o)
 .debug_aranges
                0x00000788       0x18 .\CortexM3\ARM_GCC_541\Debug\ElectronicClock.a(ErikaOS_1_common_ee_hal_structs.o)
 .debug_aranges
                0x000007a0       0x18 .\CortexM3\ARM_GCC_541\Debug\ElectronicClock.a(ErikaOS_1_eecfg.o)
 .debug_aranges
                0x000007b8      0x2a0 .\CortexM3\ARM_GCC_541\Debug\ElectronicClock.a(CyLib.o)
 .debug_aranges
                0x00000a58       0x98 .\CortexM3\ARM_GCC_541\Debug\ElectronicClock.a(cyPm.o)
 .debug_aranges
                0x00000af0       0x38 .\CortexM3\ARM_GCC_541\Debug\ElectronicClock.a(BUTTON_1.o)
 .debug_aranges
                0x00000b28       0x80 .\CortexM3\ARM_GCC_541\Debug\ElectronicClock.a(isr_Button.o)
 .debug_aranges
                0x00000ba8       0x38 .\CortexM3\ARM_GCC_541\Debug\ElectronicClock.a(BUTTON_2.o)
 .debug_aranges
                0x00000be0       0x38 .\CortexM3\ARM_GCC_541\Debug\ElectronicClock.a(BUTTON_3.o)
 .debug_aranges
                0x00000c18       0x38 .\CortexM3\ARM_GCC_541\Debug\ElectronicClock.a(BUTTON_4.o)
 .debug_aranges
                0x00000c50       0xd8 .\CortexM3\ARM_GCC_541\Debug\ElectronicClock.a(TFT_SPI.o)
 .debug_aranges
                0x00000d28       0x38 .\CortexM3\ARM_GCC_541\Debug\ElectronicClock.a(TFT_DC.o)
 .debug_aranges
                0x00000d60       0x38 .\CortexM3\ARM_GCC_541\Debug\ElectronicClock.a(TFT_RES.o)
 .debug_aranges
                0x00000d98       0x78 .\CortexM3\ARM_GCC_541\Debug\ElectronicClock.a(TFT_BackLight.o)
 .debug_aranges
                0x00000e10       0x70 .\CortexM3\ARM_GCC_541\Debug\ElectronicClock.a(TFT_SPI_IntClock.o)
 .debug_aranges
                0x00000e80       0xf0 .\CortexM3\ARM_GCC_541\Debug\ElectronicClock.a(UART_Logs.o)
 .debug_aranges
                0x00000f70       0x28 .\CortexM3\ARM_GCC_541\Debug\ElectronicClock.a(UART_Logs_INT.o)
 .debug_aranges
                0x00000f98       0x70 .\CortexM3\ARM_GCC_541\Debug\ElectronicClock.a(UART_Logs_IntClock.o)
 .debug_aranges
                0x00001008       0x20 .\CortexM3\ARM_GCC_541\Debug\ElectronicClock.a(ErikaOS_1_ee_gnu_change_context_isr.o)
 .debug_aranges
                0x00001028       0x20 .\CortexM3\ARM_GCC_541\Debug\ElectronicClock.a(ErikaOS_1_ee_gnu_irq_stack.o)
 .debug_aranges
                0x00001048       0x20 .\CortexM3\ARM_GCC_541\Debug\ElectronicClock.a(ErikaOS_1_ee_gnu_multi_context.o)
 .debug_aranges
                0x00001068       0x20 .\CortexM3\ARM_GCC_541\Debug\ElectronicClock.a(ErikaOS_1_ee_gnu_oo.o)
 .debug_aranges
                0x00001088       0x20 .\CortexM3\ARM_GCC_541\Debug\ElectronicClock.a(CyBootAsmGnu.o)
 .debug_aranges
                0x000010a8       0x20 .\CortexM3\ARM_GCC_541\Debug\ElectronicClock.a(ErikaOS_1_ee_tnterm.o)
 .debug_aranges
                0x000010c8       0x20 .\CortexM3\ARM_GCC_541\Debug\ElectronicClock.a(ErikaOS_1_ee_tstub.o)
 .debug_aranges
                0x000010e8       0x20 .\CortexM3\ARM_GCC_541\Debug\ElectronicClock.a(ErikaOS_1_ee_ulockallres.o)
 .debug_aranges
                0x00001108       0x28 .\CortexM3\ARM_GCC_541\Debug\ElectronicClock.a(ErikaOS_1_cortex_mx_ee_context.o)
 .debug_aranges
                0x00001130       0x88 .\CortexM3\ARM_GCC_541\Debug\ElectronicClock.a(CyFlash.o)
 .debug_aranges
                0x000011b8       0x80 .\CortexM3\ARM_GCC_541\Debug\ElectronicClock.a(CySpc.o)
 .debug_aranges
                0x00001238       0x30 .\CortexM3\ARM_GCC_541\Debug\ElectronicClock.a(ErikaOS_1_ee_thendin.o)

.debug_pubnames
 *(.debug_pubnames)

.debug_info     0x00000000    0x18648
 *(.debug_info .gnu.linkonce.wi.*)
 .debug_info    0x00000000      0x578 .\CortexM3\ARM_GCC_541\Debug\main.o
 .debug_info    0x00000578     0x114a .\CortexM3\ARM_GCC_541\Debug\swc_control.o
 .debug_info    0x000016c2      0xcd3 .\CortexM3\ARM_GCC_541\Debug\swc_input.o
 .debug_info    0x00002395      0x858 .\CortexM3\ARM_GCC_541\Debug\swc_output.o
 .debug_info    0x00002bed      0x279 .\CortexM3\ARM_GCC_541\Debug\tsk_control.o
 .debug_info    0x00002e66      0x252 .\CortexM3\ARM_GCC_541\Debug\tsk_display.o
 .debug_info    0x000030b8      0x584 .\CortexM3\ARM_GCC_541\Debug\tsk_input.o
 .debug_info    0x0000363c     0x2733 .\CortexM3\ARM_GCC_541\Debug\tft.o
 .debug_info    0x00005d6f      0x3b5 .\CortexM3\ARM_GCC_541\Debug\logging.o
 .debug_info    0x00006124      0x2f7 .\CortexM3\ARM_GCC_541\Debug\button.o
 .debug_info    0x0000641b      0x55b .\CortexM3\ARM_GCC_541\Debug\statemachine.o
 .debug_info    0x00006976      0x375 .\CortexM3\ARM_GCC_541\Debug\rte.o
 .debug_info    0x00006ceb      0x2b5 .\CortexM3\ARM_GCC_541\Debug\sc_buttons_type.o
 .debug_info    0x00006fa0      0x567 .\CortexM3\ARM_GCC_541\Debug\sc_clockdata_type.o
 .debug_info    0x00007507      0xa66 .\CortexM3\ARM_GCC_541\Debug\sp_common.o
 .debug_info    0x00007f6d      0x5cd .\CortexM3\ARM_GCC_541\Debug\cyfitter_cfg.o
 .debug_info    0x0000853a      0x137 .\CortexM3\ARM_GCC_541\Debug\cymetadata.o
 .debug_info    0x00008671      0x3bb .\CortexM3\ARM_GCC_541\Debug\Cm3Start.o
 .debug_info    0x00008a2c      0x80d .\CortexM3\ARM_GCC_541\Debug\ElectronicClock.a(ErikaOS_1_ee_activate.o)
 .debug_info    0x00009239      0x5bd .\CortexM3\ARM_GCC_541\Debug\ElectronicClock.a(ErikaOS_1_ee_alcancel.o)
 .debug_info    0x000097f6      0x5e5 .\CortexM3\ARM_GCC_541\Debug\ElectronicClock.a(ErikaOS_1_ee_alsetrel.o)
 .debug_info    0x00009ddb      0xc3b .\CortexM3\ARM_GCC_541\Debug\ElectronicClock.a(ErikaOS_1_ee_altick.o)
 .debug_info    0x0000aa16      0x5a7 .\CortexM3\ARM_GCC_541\Debug\ElectronicClock.a(ErikaOS_1_ee_evclear.o)
 .debug_info    0x0000afbd      0x4ca .\CortexM3\ARM_GCC_541\Debug\ElectronicClock.a(ErikaOS_1_ee_evget.o)
 .debug_info    0x0000b487      0x7c3 .\CortexM3\ARM_GCC_541\Debug\ElectronicClock.a(ErikaOS_1_ee_evset.o)
 .debug_info    0x0000bc4a      0x85a .\CortexM3\ARM_GCC_541\Debug\ElectronicClock.a(ErikaOS_1_ee_evwait.o)
 .debug_info    0x0000c4a4      0x5cb .\CortexM3\ARM_GCC_541\Debug\ElectronicClock.a(ErikaOS_1_ee_irqendin.o)
 .debug_info    0x0000ca6f      0x60d .\CortexM3\ARM_GCC_541\Debug\ElectronicClock.a(ErikaOS_1_ee_lockres.o)
 .debug_info    0x0000d07c      0x3d0 .\CortexM3\ARM_GCC_541\Debug\ElectronicClock.a(ErikaOS_1_ee_lookup.o)
 .debug_info    0x0000d44c      0x46f .\CortexM3\ARM_GCC_541\Debug\ElectronicClock.a(ErikaOS_1_ee_rq_exchg.o)
 .debug_info    0x0000d8bb      0x421 .\CortexM3\ARM_GCC_541\Debug\ElectronicClock.a(ErikaOS_1_ee_rq_first.o)
 .debug_info    0x0000dcdc      0x475 .\CortexM3\ARM_GCC_541\Debug\ElectronicClock.a(ErikaOS_1_ee_rq_inser.o)
 .debug_info    0x0000e151     0x2040 .\CortexM3\ARM_GCC_541\Debug\ElectronicClock.a(ErikaOS_1_ee_startos.o)
 .debug_info    0x00010191      0x595 .\CortexM3\ARM_GCC_541\Debug\ElectronicClock.a(ErikaOS_1_ee_terminat.o)
 .debug_info    0x00010726      0x7fb .\CortexM3\ARM_GCC_541\Debug\ElectronicClock.a(ErikaOS_1_ee_ulockres.o)
 .debug_info    0x00010f21      0x513 .\CortexM3\ARM_GCC_541\Debug\ElectronicClock.a(ErikaOS_1_cortex_mx_ee_utils.o)
 .debug_info    0x00011434      0x3cb .\CortexM3\ARM_GCC_541\Debug\ElectronicClock.a(ErikaOS_1_common_ee_hal_structs.o)
 .debug_info    0x000117ff      0x991 .\CortexM3\ARM_GCC_541\Debug\ElectronicClock.a(ErikaOS_1_eecfg.o)
 .debug_info    0x00012190     0x1374 .\CortexM3\ARM_GCC_541\Debug\ElectronicClock.a(CyLib.o)
 .debug_info    0x00013504      0xa2a .\CortexM3\ARM_GCC_541\Debug\ElectronicClock.a(cyPm.o)
 .debug_info    0x00013f2e      0x11f .\CortexM3\ARM_GCC_541\Debug\ElectronicClock.a(BUTTON_1.o)
 .debug_info    0x0001404d      0x2d2 .\CortexM3\ARM_GCC_541\Debug\ElectronicClock.a(isr_Button.o)
 .debug_info    0x0001431f      0x11f .\CortexM3\ARM_GCC_541\Debug\ElectronicClock.a(BUTTON_2.o)
 .debug_info    0x0001443e      0x11f .\CortexM3\ARM_GCC_541\Debug\ElectronicClock.a(BUTTON_3.o)
 .debug_info    0x0001455d      0x11f .\CortexM3\ARM_GCC_541\Debug\ElectronicClock.a(BUTTON_4.o)
 .debug_info    0x0001467c      0x4bb .\CortexM3\ARM_GCC_541\Debug\ElectronicClock.a(TFT_SPI.o)
 .debug_info    0x00014b37      0x11f .\CortexM3\ARM_GCC_541\Debug\ElectronicClock.a(TFT_DC.o)
 .debug_info    0x00014c56      0x11f .\CortexM3\ARM_GCC_541\Debug\ElectronicClock.a(TFT_RES.o)
 .debug_info    0x00014d75      0x27e .\CortexM3\ARM_GCC_541\Debug\ElectronicClock.a(TFT_BackLight.o)
 .debug_info    0x00014ff3      0x283 .\CortexM3\ARM_GCC_541\Debug\ElectronicClock.a(TFT_SPI_IntClock.o)
 .debug_info    0x00015276      0x7ae .\CortexM3\ARM_GCC_541\Debug\ElectronicClock.a(UART_Logs.o)
 .debug_info    0x00015a24      0x186 .\CortexM3\ARM_GCC_541\Debug\ElectronicClock.a(UART_Logs_INT.o)
 .debug_info    0x00015baa      0x283 .\CortexM3\ARM_GCC_541\Debug\ElectronicClock.a(UART_Logs_IntClock.o)
 .debug_info    0x00015e2d       0xad .\CortexM3\ARM_GCC_541\Debug\ElectronicClock.a(ErikaOS_1_ee_gnu_change_context_isr.o)
 .debug_info    0x00015eda       0xa4 .\CortexM3\ARM_GCC_541\Debug\ElectronicClock.a(ErikaOS_1_ee_gnu_irq_stack.o)
 .debug_info    0x00015f7e       0xa8 .\CortexM3\ARM_GCC_541\Debug\ElectronicClock.a(ErikaOS_1_ee_gnu_multi_context.o)
 .debug_info    0x00016026       0x9d .\CortexM3\ARM_GCC_541\Debug\ElectronicClock.a(ErikaOS_1_ee_gnu_oo.o)
 .debug_info    0x000160c3       0x96 .\CortexM3\ARM_GCC_541\Debug\ElectronicClock.a(CyBootAsmGnu.o)
 .debug_info    0x00016159      0x473 .\CortexM3\ARM_GCC_541\Debug\ElectronicClock.a(ErikaOS_1_ee_tnterm.o)
 .debug_info    0x000165cc      0x487 .\CortexM3\ARM_GCC_541\Debug\ElectronicClock.a(ErikaOS_1_ee_tstub.o)
 .debug_info    0x00016a53      0x45e .\CortexM3\ARM_GCC_541\Debug\ElectronicClock.a(ErikaOS_1_ee_ulockallres.o)
 .debug_info    0x00016eb1      0x501 .\CortexM3\ARM_GCC_541\Debug\ElectronicClock.a(ErikaOS_1_cortex_mx_ee_context.o)
 .debug_info    0x000173b2      0x64d .\CortexM3\ARM_GCC_541\Debug\ElectronicClock.a(CyFlash.o)
 .debug_info    0x000179ff      0x550 .\CortexM3\ARM_GCC_541\Debug\ElectronicClock.a(CySpc.o)
 .debug_info    0x00017f4f      0x6f9 .\CortexM3\ARM_GCC_541\Debug\ElectronicClock.a(ErikaOS_1_ee_thendin.o)

.debug_abbrev   0x00000000     0x5fb6
 *(.debug_abbrev)
 .debug_abbrev  0x00000000      0x1fc .\CortexM3\ARM_GCC_541\Debug\main.o
 .debug_abbrev  0x000001fc      0x2d0 .\CortexM3\ARM_GCC_541\Debug\swc_control.o
 .debug_abbrev  0x000004cc      0x284 .\CortexM3\ARM_GCC_541\Debug\swc_input.o
 .debug_abbrev  0x00000750      0x1ec .\CortexM3\ARM_GCC_541\Debug\swc_output.o
 .debug_abbrev  0x0000093c      0x158 .\CortexM3\ARM_GCC_541\Debug\tsk_control.o
 .debug_abbrev  0x00000a94      0x139 .\CortexM3\ARM_GCC_541\Debug\tsk_display.o
 .debug_abbrev  0x00000bcd      0x240 .\CortexM3\ARM_GCC_541\Debug\tsk_input.o
 .debug_abbrev  0x00000e0d      0x2bf .\CortexM3\ARM_GCC_541\Debug\tft.o
 .debug_abbrev  0x000010cc      0x14a .\CortexM3\ARM_GCC_541\Debug\logging.o
 .debug_abbrev  0x00001216      0x11c .\CortexM3\ARM_GCC_541\Debug\button.o
 .debug_abbrev  0x00001332      0x183 .\CortexM3\ARM_GCC_541\Debug\statemachine.o
 .debug_abbrev  0x000014b5      0x16b .\CortexM3\ARM_GCC_541\Debug\rte.o
 .debug_abbrev  0x00001620       0xf4 .\CortexM3\ARM_GCC_541\Debug\sc_buttons_type.o
 .debug_abbrev  0x00001714      0x148 .\CortexM3\ARM_GCC_541\Debug\sc_clockdata_type.o
 .debug_abbrev  0x0000185c      0x1f0 .\CortexM3\ARM_GCC_541\Debug\sp_common.o
 .debug_abbrev  0x00001a4c      0x20d .\CortexM3\ARM_GCC_541\Debug\cyfitter_cfg.o
 .debug_abbrev  0x00001c59       0x77 .\CortexM3\ARM_GCC_541\Debug\cymetadata.o
 .debug_abbrev  0x00001cd0      0x1e8 .\CortexM3\ARM_GCC_541\Debug\Cm3Start.o
 .debug_abbrev  0x00001eb8      0x284 .\CortexM3\ARM_GCC_541\Debug\ElectronicClock.a(ErikaOS_1_ee_activate.o)
 .debug_abbrev  0x0000213c      0x1f8 .\CortexM3\ARM_GCC_541\Debug\ElectronicClock.a(ErikaOS_1_ee_alcancel.o)
 .debug_abbrev  0x00002334      0x1f7 .\CortexM3\ARM_GCC_541\Debug\ElectronicClock.a(ErikaOS_1_ee_alsetrel.o)
 .debug_abbrev  0x0000252b      0x362 .\CortexM3\ARM_GCC_541\Debug\ElectronicClock.a(ErikaOS_1_ee_altick.o)
 .debug_abbrev  0x0000288d      0x1e0 .\CortexM3\ARM_GCC_541\Debug\ElectronicClock.a(ErikaOS_1_ee_evclear.o)
 .debug_abbrev  0x00002a6d      0x150 .\CortexM3\ARM_GCC_541\Debug\ElectronicClock.a(ErikaOS_1_ee_evget.o)
 .debug_abbrev  0x00002bbd      0x27f .\CortexM3\ARM_GCC_541\Debug\ElectronicClock.a(ErikaOS_1_ee_evset.o)
 .debug_abbrev  0x00002e3c      0x25d .\CortexM3\ARM_GCC_541\Debug\ElectronicClock.a(ErikaOS_1_ee_evwait.o)
 .debug_abbrev  0x00003099      0x1da .\CortexM3\ARM_GCC_541\Debug\ElectronicClock.a(ErikaOS_1_ee_irqendin.o)
 .debug_abbrev  0x00003273      0x1ef .\CortexM3\ARM_GCC_541\Debug\ElectronicClock.a(ErikaOS_1_ee_lockres.o)
 .debug_abbrev  0x00003462       0xcf .\CortexM3\ARM_GCC_541\Debug\ElectronicClock.a(ErikaOS_1_ee_lookup.o)
 .debug_abbrev  0x00003531       0xfc .\CortexM3\ARM_GCC_541\Debug\ElectronicClock.a(ErikaOS_1_ee_rq_exchg.o)
 .debug_abbrev  0x0000362d       0xed .\CortexM3\ARM_GCC_541\Debug\ElectronicClock.a(ErikaOS_1_ee_rq_first.o)
 .debug_abbrev  0x0000371a      0x109 .\CortexM3\ARM_GCC_541\Debug\ElectronicClock.a(ErikaOS_1_ee_rq_inser.o)
 .debug_abbrev  0x00003823      0x4a7 .\CortexM3\ARM_GCC_541\Debug\ElectronicClock.a(ErikaOS_1_ee_startos.o)
 .debug_abbrev  0x00003cca      0x1de .\CortexM3\ARM_GCC_541\Debug\ElectronicClock.a(ErikaOS_1_ee_terminat.o)
 .debug_abbrev  0x00003ea8      0x277 .\CortexM3\ARM_GCC_541\Debug\ElectronicClock.a(ErikaOS_1_ee_ulockres.o)
 .debug_abbrev  0x0000411f      0x1e3 .\CortexM3\ARM_GCC_541\Debug\ElectronicClock.a(ErikaOS_1_cortex_mx_ee_utils.o)
 .debug_abbrev  0x00004302       0xcf .\CortexM3\ARM_GCC_541\Debug\ElectronicClock.a(ErikaOS_1_common_ee_hal_structs.o)
 .debug_abbrev  0x000043d1      0x130 .\CortexM3\ARM_GCC_541\Debug\ElectronicClock.a(ErikaOS_1_eecfg.o)
 .debug_abbrev  0x00004501      0x254 .\CortexM3\ARM_GCC_541\Debug\ElectronicClock.a(CyLib.o)
 .debug_abbrev  0x00004755      0x1ab .\CortexM3\ARM_GCC_541\Debug\ElectronicClock.a(cyPm.o)
 .debug_abbrev  0x00004900       0x90 .\CortexM3\ARM_GCC_541\Debug\ElectronicClock.a(BUTTON_1.o)
 .debug_abbrev  0x00004990      0x173 .\CortexM3\ARM_GCC_541\Debug\ElectronicClock.a(isr_Button.o)
 .debug_abbrev  0x00004b03       0x90 .\CortexM3\ARM_GCC_541\Debug\ElectronicClock.a(BUTTON_2.o)
 .debug_abbrev  0x00004b93       0x90 .\CortexM3\ARM_GCC_541\Debug\ElectronicClock.a(BUTTON_3.o)
 .debug_abbrev  0x00004c23       0x90 .\CortexM3\ARM_GCC_541\Debug\ElectronicClock.a(BUTTON_4.o)
 .debug_abbrev  0x00004cb3      0x146 .\CortexM3\ARM_GCC_541\Debug\ElectronicClock.a(TFT_SPI.o)
 .debug_abbrev  0x00004df9       0x90 .\CortexM3\ARM_GCC_541\Debug\ElectronicClock.a(TFT_DC.o)
 .debug_abbrev  0x00004e89       0x90 .\CortexM3\ARM_GCC_541\Debug\ElectronicClock.a(TFT_RES.o)
 .debug_abbrev  0x00004f19      0x12d .\CortexM3\ARM_GCC_541\Debug\ElectronicClock.a(TFT_BackLight.o)
 .debug_abbrev  0x00005046      0x139 .\CortexM3\ARM_GCC_541\Debug\ElectronicClock.a(TFT_SPI_IntClock.o)
 .debug_abbrev  0x0000517f      0x16f .\CortexM3\ARM_GCC_541\Debug\ElectronicClock.a(UART_Logs.o)
 .debug_abbrev  0x000052ee       0xa2 .\CortexM3\ARM_GCC_541\Debug\ElectronicClock.a(UART_Logs_INT.o)
 .debug_abbrev  0x00005390      0x139 .\CortexM3\ARM_GCC_541\Debug\ElectronicClock.a(UART_Logs_IntClock.o)
 .debug_abbrev  0x000054c9       0x14 .\CortexM3\ARM_GCC_541\Debug\ElectronicClock.a(ErikaOS_1_ee_gnu_change_context_isr.o)
 .debug_abbrev  0x000054dd       0x14 .\CortexM3\ARM_GCC_541\Debug\ElectronicClock.a(ErikaOS_1_ee_gnu_irq_stack.o)
 .debug_abbrev  0x000054f1       0x14 .\CortexM3\ARM_GCC_541\Debug\ElectronicClock.a(ErikaOS_1_ee_gnu_multi_context.o)
 .debug_abbrev  0x00005505       0x14 .\CortexM3\ARM_GCC_541\Debug\ElectronicClock.a(ErikaOS_1_ee_gnu_oo.o)
 .debug_abbrev  0x00005519       0x14 .\CortexM3\ARM_GCC_541\Debug\ElectronicClock.a(CyBootAsmGnu.o)
 .debug_abbrev  0x0000552d      0x190 .\CortexM3\ARM_GCC_541\Debug\ElectronicClock.a(ErikaOS_1_ee_tnterm.o)
 .debug_abbrev  0x000056bd      0x143 .\CortexM3\ARM_GCC_541\Debug\ElectronicClock.a(ErikaOS_1_ee_tstub.o)
 .debug_abbrev  0x00005800       0xfc .\CortexM3\ARM_GCC_541\Debug\ElectronicClock.a(ErikaOS_1_ee_ulockallres.o)
 .debug_abbrev  0x000058fc      0x156 .\CortexM3\ARM_GCC_541\Debug\ElectronicClock.a(ErikaOS_1_cortex_mx_ee_context.o)
 .debug_abbrev  0x00005a52      0x1a7 .\CortexM3\ARM_GCC_541\Debug\ElectronicClock.a(CyFlash.o)
 .debug_abbrev  0x00005bf9      0x194 .\CortexM3\ARM_GCC_541\Debug\ElectronicClock.a(CySpc.o)
 .debug_abbrev  0x00005d8d      0x229 .\CortexM3\ARM_GCC_541\Debug\ElectronicClock.a(ErikaOS_1_ee_thendin.o)

.debug_line     0x00000000     0x8867
 *(.debug_line)
 .debug_line    0x00000000      0x40d .\CortexM3\ARM_GCC_541\Debug\main.o
 .debug_line    0x0000040d      0x595 .\CortexM3\ARM_GCC_541\Debug\swc_control.o
 .debug_line    0x000009a2      0x46b .\CortexM3\ARM_GCC_541\Debug\swc_input.o
 .debug_line    0x00000e0d      0x3e5 .\CortexM3\ARM_GCC_541\Debug\swc_output.o
 .debug_line    0x000011f2      0x28d .\CortexM3\ARM_GCC_541\Debug\tsk_control.o
 .debug_line    0x0000147f      0x283 .\CortexM3\ARM_GCC_541\Debug\tsk_display.o
 .debug_line    0x00001702      0x3c5 .\CortexM3\ARM_GCC_541\Debug\tsk_input.o
 .debug_line    0x00001ac7      0x8c7 .\CortexM3\ARM_GCC_541\Debug\tft.o
 .debug_line    0x0000238e      0x26c .\CortexM3\ARM_GCC_541\Debug\logging.o
 .debug_line    0x000025fa      0x2a6 .\CortexM3\ARM_GCC_541\Debug\button.o
 .debug_line    0x000028a0      0x11c .\CortexM3\ARM_GCC_541\Debug\statemachine.o
 .debug_line    0x000029bc      0x28f .\CortexM3\ARM_GCC_541\Debug\rte.o
 .debug_line    0x00002c4b        0x0 .\CortexM3\ARM_GCC_541\Debug\sc_buttons.o
 .debug_line    0x00002c4b      0x29b .\CortexM3\ARM_GCC_541\Debug\sc_buttons_type.o
 .debug_line    0x00002ee6        0x0 .\CortexM3\ARM_GCC_541\Debug\sc_clockdata.o
 .debug_line    0x00002ee6      0x2b4 .\CortexM3\ARM_GCC_541\Debug\sc_clockdata_type.o
 .debug_line    0x0000319a        0x0 .\CortexM3\ARM_GCC_541\Debug\sc_events.o
 .debug_line    0x0000319a      0x3ae .\CortexM3\ARM_GCC_541\Debug\sp_common.o
 .debug_line    0x00003548      0x1f7 .\CortexM3\ARM_GCC_541\Debug\cyfitter_cfg.o
 .debug_line    0x0000373f      0x141 .\CortexM3\ARM_GCC_541\Debug\cymetadata.o
 .debug_line    0x00003880      0x234 .\CortexM3\ARM_GCC_541\Debug\Cm3Start.o
 .debug_line    0x00003ab4      0x1fa .\CortexM3\ARM_GCC_541\Debug\ElectronicClock.a(ErikaOS_1_ee_activate.o)
 .debug_line    0x00003cae      0x1d3 .\CortexM3\ARM_GCC_541\Debug\ElectronicClock.a(ErikaOS_1_ee_alcancel.o)
 .debug_line    0x00003e81      0x1d1 .\CortexM3\ARM_GCC_541\Debug\ElectronicClock.a(ErikaOS_1_ee_alsetrel.o)
 .debug_line    0x00004052      0x305 .\CortexM3\ARM_GCC_541\Debug\ElectronicClock.a(ErikaOS_1_ee_altick.o)
 .debug_line    0x00004357      0x1d5 .\CortexM3\ARM_GCC_541\Debug\ElectronicClock.a(ErikaOS_1_ee_evclear.o)
 .debug_line    0x0000452c      0x15b .\CortexM3\ARM_GCC_541\Debug\ElectronicClock.a(ErikaOS_1_ee_evget.o)
 .debug_line    0x00004687      0x1f7 .\CortexM3\ARM_GCC_541\Debug\ElectronicClock.a(ErikaOS_1_ee_evset.o)
 .debug_line    0x0000487e      0x205 .\CortexM3\ARM_GCC_541\Debug\ElectronicClock.a(ErikaOS_1_ee_evwait.o)
 .debug_line    0x00004a83      0x1a0 .\CortexM3\ARM_GCC_541\Debug\ElectronicClock.a(ErikaOS_1_ee_irqendin.o)
 .debug_line    0x00004c23      0x1f1 .\CortexM3\ARM_GCC_541\Debug\ElectronicClock.a(ErikaOS_1_ee_lockres.o)
 .debug_line    0x00004e14      0x119 .\CortexM3\ARM_GCC_541\Debug\ElectronicClock.a(ErikaOS_1_ee_lookup.o)
 .debug_line    0x00004f2d      0x15b .\CortexM3\ARM_GCC_541\Debug\ElectronicClock.a(ErikaOS_1_ee_rq_exchg.o)
 .debug_line    0x00005088      0x152 .\CortexM3\ARM_GCC_541\Debug\ElectronicClock.a(ErikaOS_1_ee_rq_first.o)
 .debug_line    0x000051da      0x156 .\CortexM3\ARM_GCC_541\Debug\ElectronicClock.a(ErikaOS_1_ee_rq_inser.o)
 .debug_line    0x00005330      0x3fa .\CortexM3\ARM_GCC_541\Debug\ElectronicClock.a(ErikaOS_1_ee_startos.o)
 .debug_line    0x0000572a      0x1c4 .\CortexM3\ARM_GCC_541\Debug\ElectronicClock.a(ErikaOS_1_ee_terminat.o)
 .debug_line    0x000058ee      0x215 .\CortexM3\ARM_GCC_541\Debug\ElectronicClock.a(ErikaOS_1_ee_ulockres.o)
 .debug_line    0x00005b03      0x184 .\CortexM3\ARM_GCC_541\Debug\ElectronicClock.a(ErikaOS_1_cortex_mx_ee_utils.o)
 .debug_line    0x00005c87       0xf9 .\CortexM3\ARM_GCC_541\Debug\ElectronicClock.a(ErikaOS_1_common_ee_hal_structs.o)
 .debug_line    0x00005d80      0x13c .\CortexM3\ARM_GCC_541\Debug\ElectronicClock.a(ErikaOS_1_eecfg.o)
 .debug_line    0x00005ebc      0x816 .\CortexM3\ARM_GCC_541\Debug\ElectronicClock.a(CyLib.o)
 .debug_line    0x000066d2      0x367 .\CortexM3\ARM_GCC_541\Debug\ElectronicClock.a(cyPm.o)
 .debug_line    0x00006a39       0x95 .\CortexM3\ARM_GCC_541\Debug\ElectronicClock.a(BUTTON_1.o)
 .debug_line    0x00006ace      0x137 .\CortexM3\ARM_GCC_541\Debug\ElectronicClock.a(isr_Button.o)
 .debug_line    0x00006c05       0x95 .\CortexM3\ARM_GCC_541\Debug\ElectronicClock.a(BUTTON_2.o)
 .debug_line    0x00006c9a       0x95 .\CortexM3\ARM_GCC_541\Debug\ElectronicClock.a(BUTTON_3.o)
 .debug_line    0x00006d2f       0x95 .\CortexM3\ARM_GCC_541\Debug\ElectronicClock.a(BUTTON_4.o)
 .debug_line    0x00006dc4      0x249 .\CortexM3\ARM_GCC_541\Debug\ElectronicClock.a(TFT_SPI.o)
 .debug_line    0x0000700d       0x93 .\CortexM3\ARM_GCC_541\Debug\ElectronicClock.a(TFT_DC.o)
 .debug_line    0x000070a0       0x94 .\CortexM3\ARM_GCC_541\Debug\ElectronicClock.a(TFT_RES.o)
 .debug_line    0x00007134      0x13b .\CortexM3\ARM_GCC_541\Debug\ElectronicClock.a(TFT_BackLight.o)
 .debug_line    0x0000726f      0x17f .\CortexM3\ARM_GCC_541\Debug\ElectronicClock.a(TFT_SPI_IntClock.o)
 .debug_line    0x000073ee      0x345 .\CortexM3\ARM_GCC_541\Debug\ElectronicClock.a(UART_Logs.o)
 .debug_line    0x00007733       0xaf .\CortexM3\ARM_GCC_541\Debug\ElectronicClock.a(UART_Logs_INT.o)
 .debug_line    0x000077e2      0x181 .\CortexM3\ARM_GCC_541\Debug\ElectronicClock.a(UART_Logs_IntClock.o)
 .debug_line    0x00007963       0xae .\CortexM3\ARM_GCC_541\Debug\ElectronicClock.a(ErikaOS_1_ee_gnu_change_context_isr.o)
 .debug_line    0x00007a11       0x74 .\CortexM3\ARM_GCC_541\Debug\ElectronicClock.a(ErikaOS_1_ee_gnu_irq_stack.o)
 .debug_line    0x00007a85       0x9d .\CortexM3\ARM_GCC_541\Debug\ElectronicClock.a(ErikaOS_1_ee_gnu_multi_context.o)
 .debug_line    0x00007b22       0x99 .\CortexM3\ARM_GCC_541\Debug\ElectronicClock.a(ErikaOS_1_ee_gnu_oo.o)
 .debug_line    0x00007bbb       0x66 .\CortexM3\ARM_GCC_541\Debug\ElectronicClock.a(CyBootAsmGnu.o)
 .debug_line    0x00007c21      0x183 .\CortexM3\ARM_GCC_541\Debug\ElectronicClock.a(ErikaOS_1_ee_tnterm.o)
 .debug_line    0x00007da4      0x172 .\CortexM3\ARM_GCC_541\Debug\ElectronicClock.a(ErikaOS_1_ee_tstub.o)
 .debug_line    0x00007f16      0x164 .\CortexM3\ARM_GCC_541\Debug\ElectronicClock.a(ErikaOS_1_ee_ulockallres.o)
 .debug_line    0x0000807a      0x1ac .\CortexM3\ARM_GCC_541\Debug\ElectronicClock.a(ErikaOS_1_cortex_mx_ee_context.o)
 .debug_line    0x00008226      0x21a .\CortexM3\ARM_GCC_541\Debug\ElectronicClock.a(CyFlash.o)
 .debug_line    0x00008440      0x260 .\CortexM3\ARM_GCC_541\Debug\ElectronicClock.a(CySpc.o)
 .debug_line    0x000086a0      0x1c7 .\CortexM3\ARM_GCC_541\Debug\ElectronicClock.a(ErikaOS_1_ee_thendin.o)

.debug_frame    0x00000000     0x2a78
 *(.debug_frame)
 .debug_frame   0x00000000       0xb4 .\CortexM3\ARM_GCC_541\Debug\main.o
 .debug_frame   0x000000b4      0x1f0 .\CortexM3\ARM_GCC_541\Debug\swc_control.o
 .debug_frame   0x000002a4       0x74 .\CortexM3\ARM_GCC_541\Debug\swc_input.o
 .debug_frame   0x00000318       0x58 .\CortexM3\ARM_GCC_541\Debug\swc_output.o
 .debug_frame   0x00000370       0x2c .\CortexM3\ARM_GCC_541\Debug\tsk_control.o
 .debug_frame   0x0000039c       0x2c .\CortexM3\ARM_GCC_541\Debug\tsk_display.o
 .debug_frame   0x000003c8       0x78 .\CortexM3\ARM_GCC_541\Debug\tsk_input.o
 .debug_frame   0x00000440      0x5bc .\CortexM3\ARM_GCC_541\Debug\tft.o
 .debug_frame   0x000009fc       0x48 .\CortexM3\ARM_GCC_541\Debug\logging.o
 .debug_frame   0x00000a44       0x4c .\CortexM3\ARM_GCC_541\Debug\button.o
 .debug_frame   0x00000a90       0x78 .\CortexM3\ARM_GCC_541\Debug\statemachine.o
 .debug_frame   0x00000b08       0x60 .\CortexM3\ARM_GCC_541\Debug\rte.o
 .debug_frame   0x00000b68       0x2c .\CortexM3\ARM_GCC_541\Debug\sc_buttons_type.o
 .debug_frame   0x00000b94       0x40 .\CortexM3\ARM_GCC_541\Debug\sc_clockdata_type.o
 .debug_frame   0x00000bd4       0x48 .\CortexM3\ARM_GCC_541\Debug\sp_common.o
 .debug_frame   0x00000c1c       0xe4 .\CortexM3\ARM_GCC_541\Debug\cyfitter_cfg.o
 .debug_frame   0x00000d00       0xb8 .\CortexM3\ARM_GCC_541\Debug\Cm3Start.o
 .debug_frame   0x00000db8       0x30 .\CortexM3\ARM_GCC_541\Debug\ElectronicClock.a(ErikaOS_1_ee_activate.o)
 .debug_frame   0x00000de8       0x38 .\CortexM3\ARM_GCC_541\Debug\ElectronicClock.a(ErikaOS_1_ee_alcancel.o)
 .debug_frame   0x00000e20       0x38 .\CortexM3\ARM_GCC_541\Debug\ElectronicClock.a(ErikaOS_1_ee_alsetrel.o)
 .debug_frame   0x00000e58      0x10c .\CortexM3\ARM_GCC_541\Debug\ElectronicClock.a(ErikaOS_1_ee_altick.o)
 .debug_frame   0x00000f64       0x38 .\CortexM3\ARM_GCC_541\Debug\ElectronicClock.a(ErikaOS_1_ee_evclear.o)
 .debug_frame   0x00000f9c       0x20 .\CortexM3\ARM_GCC_541\Debug\ElectronicClock.a(ErikaOS_1_ee_evget.o)
 .debug_frame   0x00000fbc       0x30 .\CortexM3\ARM_GCC_541\Debug\ElectronicClock.a(ErikaOS_1_ee_evset.o)
 .debug_frame   0x00000fec       0x30 .\CortexM3\ARM_GCC_541\Debug\ElectronicClock.a(ErikaOS_1_ee_evwait.o)
 .debug_frame   0x0000101c       0x58 .\CortexM3\ARM_GCC_541\Debug\ElectronicClock.a(ErikaOS_1_ee_irqendin.o)
 .debug_frame   0x00001074       0x40 .\CortexM3\ARM_GCC_541\Debug\ElectronicClock.a(ErikaOS_1_ee_lockres.o)
 .debug_frame   0x000010b4       0x3c .\CortexM3\ARM_GCC_541\Debug\ElectronicClock.a(ErikaOS_1_ee_rq_exchg.o)
 .debug_frame   0x000010f0       0x20 .\CortexM3\ARM_GCC_541\Debug\ElectronicClock.a(ErikaOS_1_ee_rq_first.o)
 .debug_frame   0x00001110       0x30 .\CortexM3\ARM_GCC_541\Debug\ElectronicClock.a(ErikaOS_1_ee_rq_inser.o)
 .debug_frame   0x00001140       0x90 .\CortexM3\ARM_GCC_541\Debug\ElectronicClock.a(ErikaOS_1_ee_startos.o)
 .debug_frame   0x000011d0       0x2c .\CortexM3\ARM_GCC_541\Debug\ElectronicClock.a(ErikaOS_1_ee_terminat.o)
 .debug_frame   0x000011fc       0x30 .\CortexM3\ARM_GCC_541\Debug\ElectronicClock.a(ErikaOS_1_ee_ulockres.o)
 .debug_frame   0x0000122c       0x30 .\CortexM3\ARM_GCC_541\Debug\ElectronicClock.a(ErikaOS_1_cortex_mx_ee_utils.o)
 .debug_frame   0x0000125c      0x738 .\CortexM3\ARM_GCC_541\Debug\ElectronicClock.a(CyLib.o)
 .debug_frame   0x00001994      0x1f8 .\CortexM3\ARM_GCC_541\Debug\ElectronicClock.a(cyPm.o)
 .debug_frame   0x00001b8c       0x50 .\CortexM3\ARM_GCC_541\Debug\ElectronicClock.a(BUTTON_1.o)
 .debug_frame   0x00001bdc      0x104 .\CortexM3\ARM_GCC_541\Debug\ElectronicClock.a(isr_Button.o)
 .debug_frame   0x00001ce0       0x50 .\CortexM3\ARM_GCC_541\Debug\ElectronicClock.a(BUTTON_2.o)
 .debug_frame   0x00001d30       0x50 .\CortexM3\ARM_GCC_541\Debug\ElectronicClock.a(BUTTON_3.o)
 .debug_frame   0x00001d80       0x50 .\CortexM3\ARM_GCC_541\Debug\ElectronicClock.a(BUTTON_4.o)
 .debug_frame   0x00001dd0      0x1e8 .\CortexM3\ARM_GCC_541\Debug\ElectronicClock.a(TFT_SPI.o)
 .debug_frame   0x00001fb8       0x50 .\CortexM3\ARM_GCC_541\Debug\ElectronicClock.a(TFT_DC.o)
 .debug_frame   0x00002008       0x50 .\CortexM3\ARM_GCC_541\Debug\ElectronicClock.a(TFT_RES.o)
 .debug_frame   0x00002058       0xe8 .\CortexM3\ARM_GCC_541\Debug\ElectronicClock.a(TFT_BackLight.o)
 .debug_frame   0x00002140       0xe0 .\CortexM3\ARM_GCC_541\Debug\ElectronicClock.a(TFT_SPI_IntClock.o)
 .debug_frame   0x00002220      0x25c .\CortexM3\ARM_GCC_541\Debug\ElectronicClock.a(UART_Logs.o)
 .debug_frame   0x0000247c       0x30 .\CortexM3\ARM_GCC_541\Debug\ElectronicClock.a(UART_Logs_INT.o)
 .debug_frame   0x000024ac       0xe0 .\CortexM3\ARM_GCC_541\Debug\ElectronicClock.a(UART_Logs_IntClock.o)
 .debug_frame   0x0000258c       0x2c .\CortexM3\ARM_GCC_541\Debug\ElectronicClock.a(ErikaOS_1_ee_tnterm.o)
 .debug_frame   0x000025b8       0x2c .\CortexM3\ARM_GCC_541\Debug\ElectronicClock.a(ErikaOS_1_ee_tstub.o)
 .debug_frame   0x000025e4       0x2c .\CortexM3\ARM_GCC_541\Debug\ElectronicClock.a(ErikaOS_1_ee_ulockallres.o)
 .debug_frame   0x00002610       0x3c .\CortexM3\ARM_GCC_541\Debug\ElectronicClock.a(ErikaOS_1_cortex_mx_ee_context.o)
 .debug_frame   0x0000264c      0x194 .\CortexM3\ARM_GCC_541\Debug\ElectronicClock.a(CyFlash.o)
 .debug_frame   0x000027e0      0x180 .\CortexM3\ARM_GCC_541\Debug\ElectronicClock.a(CySpc.o)
 .debug_frame   0x00002960       0x5c .\CortexM3\ARM_GCC_541\Debug\ElectronicClock.a(ErikaOS_1_ee_thendin.o)
 .debug_frame   0x000029bc       0x20 c:/program files (x86)/cypress/psoc creator/4.4/psoc creator/import/gnu/arm/5.4.1/bin/../lib/gcc/arm-none-eabi/5.4.1/../../../../arm-none-eabi/lib/armv7-m\libg_nano.a(lib_a-errno.o)
 .debug_frame   0x000029dc       0x28 c:/program files (x86)/cypress/psoc creator/4.4/psoc creator/import/gnu/arm/5.4.1/bin/../lib/gcc/arm-none-eabi/5.4.1/../../../../arm-none-eabi/lib/armv7-m\libg_nano.a(lib_a-exit.o)
 .debug_frame   0x00002a04       0x2c c:/program files (x86)/cypress/psoc creator/4.4/psoc creator/import/gnu/arm/5.4.1/bin/../lib/gcc/arm-none-eabi/5.4.1/../../../../arm-none-eabi/lib/armv7-m\libg_nano.a(lib_a-init.o)
 .debug_frame   0x00002a30       0x28 c:/program files (x86)/cypress/psoc creator/4.4/psoc creator/import/gnu/arm/5.4.1/bin/../lib/gcc/arm-none-eabi/5.4.1/../../../../arm-none-eabi/lib/armv7-m\libg_nano.a(lib_a-memcpy-stub.o)
 .debug_frame   0x00002a58       0x20 c:/program files (x86)/cypress/psoc creator/4.4/psoc creator/import/gnu/arm/5.4.1/bin/../lib/gcc/arm-none-eabi/5.4.1/../../../../arm-none-eabi/lib/armv7-m\libg_nano.a(lib_a-memset.o)

.debug_str      0x00000000     0x5926
 *(.debug_str)
 .debug_str     0x00000000      0x4aa .\CortexM3\ARM_GCC_541\Debug\main.o
                                0x517 (size before relaxing)
 .debug_str     0x000004aa      0xb41 .\CortexM3\ARM_GCC_541\Debug\swc_control.o
                                0xdcd (size before relaxing)
 .debug_str     0x00000feb      0x1b4 .\CortexM3\ARM_GCC_541\Debug\swc_input.o
                                0x888 (size before relaxing)
 .debug_str     0x0000119f       0x70 .\CortexM3\ARM_GCC_541\Debug\swc_output.o
                                0x779 (size before relaxing)
 .debug_str     0x0000120f       0xd8 .\CortexM3\ARM_GCC_541\Debug\tsk_control.o
                                0x346 (size before relaxing)
 .debug_str     0x000012e7       0xb1 .\CortexM3\ARM_GCC_541\Debug\tsk_display.o
                                0x34f (size before relaxing)
 .debug_str     0x00001398       0xcd .\CortexM3\ARM_GCC_541\Debug\tsk_input.o
                                0x598 (size before relaxing)
 .debug_str     0x00001465      0x875 .\CortexM3\ARM_GCC_541\Debug\tft.o
                                0xd1e (size before relaxing)
 .debug_str     0x00001cda       0x3d .\CortexM3\ARM_GCC_541\Debug\logging.o
                                0x4e7 (size before relaxing)
 .debug_str     0x00001d17       0xc8 .\CortexM3\ARM_GCC_541\Debug\button.o
                                0x4eb (size before relaxing)
 .debug_str     0x00001ddf       0x89 .\CortexM3\ARM_GCC_541\Debug\statemachine.o
                                0x605 (size before relaxing)
 .debug_str     0x00001e68       0x17 .\CortexM3\ARM_GCC_541\Debug\rte.o
                                0x4c4 (size before relaxing)
 .debug_str     0x00001e7f       0x18 .\CortexM3\ARM_GCC_541\Debug\sc_buttons.o
                                 0xee (size before relaxing)
 .debug_str     0x00001e97       0x31 .\CortexM3\ARM_GCC_541\Debug\sc_buttons_type.o
                                0x4e8 (size before relaxing)
 .debug_str     0x00001ec8       0x1a .\CortexM3\ARM_GCC_541\Debug\sc_clockdata.o
                                 0xf0 (size before relaxing)
 .debug_str     0x00001ee2       0x9d .\CortexM3\ARM_GCC_541\Debug\sc_clockdata_type.o
                                0x5e6 (size before relaxing)
 .debug_str     0x00001f7f       0x17 .\CortexM3\ARM_GCC_541\Debug\sc_events.o
                                 0xed (size before relaxing)
 .debug_str     0x00001f96      0x113 .\CortexM3\ARM_GCC_541\Debug\sp_common.o
                                0x942 (size before relaxing)
 .debug_str     0x000020a9      0x1a2 .\CortexM3\ARM_GCC_541\Debug\cyfitter_cfg.o
                                0x34a (size before relaxing)
 .debug_str     0x0000224b       0x75 .\CortexM3\ARM_GCC_541\Debug\cymetadata.o
                                0x1ea (size before relaxing)
 .debug_str     0x000022c0      0x132 .\CortexM3\ARM_GCC_541\Debug\Cm3Start.o
                                0x310 (size before relaxing)
 .debug_str     0x000023f2      0x5b9 .\CortexM3\ARM_GCC_541\Debug\ElectronicClock.a(ErikaOS_1_ee_activate.o)
                                0x80d (size before relaxing)
 .debug_str     0x000029ab       0x7c .\CortexM3\ARM_GCC_541\Debug\ElectronicClock.a(ErikaOS_1_ee_alcancel.o)
                                0x5e0 (size before relaxing)
 .debug_str     0x00002a27       0x7e .\CortexM3\ARM_GCC_541\Debug\ElectronicClock.a(ErikaOS_1_ee_alsetrel.o)
                                0x605 (size before relaxing)
 .debug_str     0x00002aa5      0x229 .\CortexM3\ARM_GCC_541\Debug\ElectronicClock.a(ErikaOS_1_ee_altick.o)
                                0xa68 (size before relaxing)
 .debug_str     0x00002cce       0x2e .\CortexM3\ARM_GCC_541\Debug\ElectronicClock.a(ErikaOS_1_ee_evclear.o)
                                0x5e5 (size before relaxing)
 .debug_str     0x00002cfc       0x5d .\CortexM3\ARM_GCC_541\Debug\ElectronicClock.a(ErikaOS_1_ee_evget.o)
                                0x555 (size before relaxing)
 .debug_str     0x00002d59       0x2c .\CortexM3\ARM_GCC_541\Debug\ElectronicClock.a(ErikaOS_1_ee_evset.o)
                                0x7e5 (size before relaxing)
 .debug_str     0x00002d85       0xa3 .\CortexM3\ARM_GCC_541\Debug\ElectronicClock.a(ErikaOS_1_ee_evwait.o)
                                0x83d (size before relaxing)
 .debug_str     0x00002e28       0xca .\CortexM3\ARM_GCC_541\Debug\ElectronicClock.a(ErikaOS_1_ee_irqendin.o)
                                0x6c2 (size before relaxing)
 .debug_str     0x00002ef2       0x90 .\CortexM3\ARM_GCC_541\Debug\ElectronicClock.a(ErikaOS_1_ee_lockres.o)
                                0x64d (size before relaxing)
 .debug_str     0x00002f82       0x2d .\CortexM3\ARM_GCC_541\Debug\ElectronicClock.a(ErikaOS_1_ee_lookup.o)
                                0x491 (size before relaxing)
 .debug_str     0x00002faf       0x8c .\CortexM3\ARM_GCC_541\Debug\ElectronicClock.a(ErikaOS_1_ee_rq_exchg.o)
                                0x503 (size before relaxing)
 .debug_str     0x0000303b       0x2f .\CortexM3\ARM_GCC_541\Debug\ElectronicClock.a(ErikaOS_1_ee_rq_first.o)
                                0x4ce (size before relaxing)
 .debug_str     0x0000306a       0x3a .\CortexM3\ARM_GCC_541\Debug\ElectronicClock.a(ErikaOS_1_ee_rq_inser.o)
                                0x508 (size before relaxing)
 .debug_str     0x000030a4      0xef4 .\CortexM3\ARM_GCC_541\Debug\ElectronicClock.a(ErikaOS_1_ee_startos.o)
                               0x1734 (size before relaxing)
 .debug_str     0x00003f98       0x5d .\CortexM3\ARM_GCC_541\Debug\ElectronicClock.a(ErikaOS_1_ee_terminat.o)
                                0x606 (size before relaxing)
 .debug_str     0x00003ff5       0x2f .\CortexM3\ARM_GCC_541\Debug\ElectronicClock.a(ErikaOS_1_ee_ulockres.o)
                                0x824 (size before relaxing)
 .debug_str     0x00004024       0x82 .\CortexM3\ARM_GCC_541\Debug\ElectronicClock.a(ErikaOS_1_cortex_mx_ee_utils.o)
                                0x560 (size before relaxing)
 .debug_str     0x000040a6       0x39 .\CortexM3\ARM_GCC_541\Debug\ElectronicClock.a(ErikaOS_1_common_ee_hal_structs.o)
                                0x49d (size before relaxing)
 .debug_str     0x000040df      0x1d4 .\CortexM3\ARM_GCC_541\Debug\ElectronicClock.a(ErikaOS_1_eecfg.o)
                                0x884 (size before relaxing)
 .debug_str     0x000042b3      0x252 .\CortexM3\ARM_GCC_541\Debug\ElectronicClock.a(CyLib.o)
                                0xa4d (size before relaxing)
 .debug_str     0x00004505      0x2dc .\CortexM3\ARM_GCC_541\Debug\ElectronicClock.a(cyPm.o)
                                0x739 (size before relaxing)
 .debug_str     0x000047e1       0x67 .\CortexM3\ARM_GCC_541\Debug\ElectronicClock.a(BUTTON_1.o)
                                0x1f7 (size before relaxing)
 .debug_str     0x00004848      0x119 .\CortexM3\ARM_GCC_541\Debug\ElectronicClock.a(isr_Button.o)
                                0x2f2 (size before relaxing)
 .debug_str     0x00004961       0x5c .\CortexM3\ARM_GCC_541\Debug\ElectronicClock.a(BUTTON_2.o)
                                0x1f7 (size before relaxing)
 .debug_str     0x000049bd       0x5c .\CortexM3\ARM_GCC_541\Debug\ElectronicClock.a(BUTTON_3.o)
                                0x1f7 (size before relaxing)
 .debug_str     0x00004a19       0x5c .\CortexM3\ARM_GCC_541\Debug\ElectronicClock.a(BUTTON_4.o)
                                0x1f7 (size before relaxing)
 .debug_str     0x00004a75      0x27b .\CortexM3\ARM_GCC_541\Debug\ElectronicClock.a(TFT_SPI.o)
                                0x46c (size before relaxing)
 .debug_str     0x00004cf0       0x53 .\CortexM3\ARM_GCC_541\Debug\ElectronicClock.a(TFT_DC.o)
                                0x1ed (size before relaxing)
 .debug_str     0x00004d43       0x57 .\CortexM3\ARM_GCC_541\Debug\ElectronicClock.a(TFT_RES.o)
                                0x1f2 (size before relaxing)
 .debug_str     0x00004d9a      0x14b .\CortexM3\ARM_GCC_541\Debug\ElectronicClock.a(TFT_BackLight.o)
                                0x343 (size before relaxing)
 .debug_str     0x00004ee5      0x1a1 .\CortexM3\ARM_GCC_541\Debug\ElectronicClock.a(TFT_SPI_IntClock.o)
                                0x360 (size before relaxing)
 .debug_str     0x00005086      0x407 .\CortexM3\ARM_GCC_541\Debug\ElectronicClock.a(UART_Logs.o)
                                0x666 (size before relaxing)
 .debug_str     0x0000548d       0x6d .\CortexM3\ARM_GCC_541\Debug\ElectronicClock.a(UART_Logs_INT.o)
                                0x2cb (size before relaxing)
 .debug_str     0x000054fa      0x16a .\CortexM3\ARM_GCC_541\Debug\ElectronicClock.a(UART_Logs_IntClock.o)
                                0x378 (size before relaxing)
 .debug_str     0x00005664       0x74 .\CortexM3\ARM_GCC_541\Debug\ElectronicClock.a(ErikaOS_1_ee_tnterm.o)
                                0x520 (size before relaxing)
 .debug_str     0x000056d8       0x57 .\CortexM3\ARM_GCC_541\Debug\ElectronicClock.a(ErikaOS_1_ee_tstub.o)
                                0x5db (size before relaxing)
 .debug_str     0x0000572f       0x39 .\CortexM3\ARM_GCC_541\Debug\ElectronicClock.a(ErikaOS_1_ee_ulockallres.o)
                                0x50f (size before relaxing)
 .debug_str     0x00005768       0x8c .\CortexM3\ARM_GCC_541\Debug\ElectronicClock.a(ErikaOS_1_cortex_mx_ee_context.o)
                                0x592 (size before relaxing)
 .debug_str     0x000057f4       0x65 .\CortexM3\ARM_GCC_541\Debug\ElectronicClock.a(CyFlash.o)
                                0x3c6 (size before relaxing)
 .debug_str     0x00005859       0x64 .\CortexM3\ARM_GCC_541\Debug\ElectronicClock.a(CySpc.o)
                                0x33e (size before relaxing)
 .debug_str     0x000058bd       0x69 .\CortexM3\ARM_GCC_541\Debug\ElectronicClock.a(ErikaOS_1_ee_thendin.o)
                                0x758 (size before relaxing)

.debug_loc      0x00000000     0x6534
 *(.debug_loc)
 .debug_loc     0x00000000       0xa8 .\CortexM3\ARM_GCC_541\Debug\main.o
 .debug_loc     0x000000a8      0x3db .\CortexM3\ARM_GCC_541\Debug\swc_control.o
 .debug_loc     0x00000483      0x435 .\CortexM3\ARM_GCC_541\Debug\swc_input.o
 .debug_loc     0x000008b8      0x27b .\CortexM3\ARM_GCC_541\Debug\swc_output.o
 .debug_loc     0x00000b33       0x92 .\CortexM3\ARM_GCC_541\Debug\tsk_input.o
 .debug_loc     0x00000bc5     0x1924 .\CortexM3\ARM_GCC_541\Debug\tft.o
 .debug_loc     0x000024e9       0x4d .\CortexM3\ARM_GCC_541\Debug\logging.o
 .debug_loc     0x00002536       0xde .\CortexM3\ARM_GCC_541\Debug\button.o
 .debug_loc     0x00002614      0x320 .\CortexM3\ARM_GCC_541\Debug\statemachine.o
 .debug_loc     0x00002934      0x10e .\CortexM3\ARM_GCC_541\Debug\rte.o
 .debug_loc     0x00002a42       0x1e .\CortexM3\ARM_GCC_541\Debug\sc_buttons_type.o
 .debug_loc     0x00002a60      0x174 .\CortexM3\ARM_GCC_541\Debug\sc_clockdata_type.o
 .debug_loc     0x00002bd4       0xf8 .\CortexM3\ARM_GCC_541\Debug\sp_common.o
 .debug_loc     0x00002ccc      0x289 .\CortexM3\ARM_GCC_541\Debug\cyfitter_cfg.o
 .debug_loc     0x00002f55      0x144 .\CortexM3\ARM_GCC_541\Debug\Cm3Start.o
 .debug_loc     0x00003099      0x12d .\CortexM3\ARM_GCC_541\Debug\ElectronicClock.a(ErikaOS_1_ee_activate.o)
 .debug_loc     0x000031c6      0x156 .\CortexM3\ARM_GCC_541\Debug\ElectronicClock.a(ErikaOS_1_ee_alcancel.o)
 .debug_loc     0x0000331c      0x1ed .\CortexM3\ARM_GCC_541\Debug\ElectronicClock.a(ErikaOS_1_ee_alsetrel.o)
 .debug_loc     0x00003509      0x46c .\CortexM3\ARM_GCC_541\Debug\ElectronicClock.a(ErikaOS_1_ee_altick.o)
 .debug_loc     0x00003975       0xbc .\CortexM3\ARM_GCC_541\Debug\ElectronicClock.a(ErikaOS_1_ee_evclear.o)